Archive member included to satisfy reference by file (symbol)

c:/users/ghand/documents/codes/pico/pico_sdk_1.5.1/gcc-arm-none-eabi/bin/../lib/gcc/arm-none-eabi/10.3.1/thumb/v6-m/nofp\libgcc.a(_dvmd_tls.o)
                              CMakeFiles/read_controller_i2c.dir/C_/Users/ghand/Documents/Codes/Pico/Pico_SDK_1.5.1/pico-sdk/src/rp2_common/pico_divider/divider.S.obj (__aeabi_idiv0)
c:/users/ghand/documents/codes/pico/pico_sdk_1.5.1/gcc-arm-none-eabi/bin/../lib/gcc/arm-none-eabi/10.3.1/../../../../arm-none-eabi/lib/thumb/v6-m/nofp\libg.a(lib_a-calloc.o)
                              CMakeFiles/read_controller_i2c.dir/C_/Users/ghand/Documents/Codes/Pico/Pico_SDK_1.5.1/pico-sdk/src/rp2_common/pico_malloc/pico_malloc.c.obj (calloc)
c:/users/ghand/documents/codes/pico/pico_sdk_1.5.1/gcc-arm-none-eabi/bin/../lib/gcc/arm-none-eabi/10.3.1/../../../../arm-none-eabi/lib/thumb/v6-m/nofp\libg.a(lib_a-callocr.o)
                              c:/users/ghand/documents/codes/pico/pico_sdk_1.5.1/gcc-arm-none-eabi/bin/../lib/gcc/arm-none-eabi/10.3.1/../../../../arm-none-eabi/lib/thumb/v6-m/nofp\libg.a(lib_a-calloc.o) (_calloc_r)
c:/users/ghand/documents/codes/pico/pico_sdk_1.5.1/gcc-arm-none-eabi/bin/../lib/gcc/arm-none-eabi/10.3.1/../../../../arm-none-eabi/lib/thumb/v6-m/nofp\libg.a(lib_a-errno.o)
                              c:/users/ghand/documents/codes/pico/pico_sdk_1.5.1/gcc-arm-none-eabi/bin/../lib/gcc/arm-none-eabi/10.3.1/../../../../arm-none-eabi/lib/thumb/v6-m/nofp\libg.a(lib_a-callocr.o) (__errno)
c:/users/ghand/documents/codes/pico/pico_sdk_1.5.1/gcc-arm-none-eabi/bin/../lib/gcc/arm-none-eabi/10.3.1/../../../../arm-none-eabi/lib/thumb/v6-m/nofp\libg.a(lib_a-impure.o)
                              c:/users/ghand/documents/codes/pico/pico_sdk_1.5.1/gcc-arm-none-eabi/bin/../lib/gcc/arm-none-eabi/10.3.1/../../../../arm-none-eabi/lib/thumb/v6-m/nofp\libg.a(lib_a-calloc.o) (_impure_ptr)
c:/users/ghand/documents/codes/pico/pico_sdk_1.5.1/gcc-arm-none-eabi/bin/../lib/gcc/arm-none-eabi/10.3.1/../../../../arm-none-eabi/lib/thumb/v6-m/nofp\libg.a(lib_a-init.o)
                              c:/users/ghand/documents/codes/pico/pico_sdk_1.5.1/gcc-arm-none-eabi/bin/../lib/gcc/arm-none-eabi/10.3.1/../../../../arm-none-eabi/lib/thumb/v6-m/nofp/crt0.o (__libc_init_array)
c:/users/ghand/documents/codes/pico/pico_sdk_1.5.1/gcc-arm-none-eabi/bin/../lib/gcc/arm-none-eabi/10.3.1/../../../../arm-none-eabi/lib/thumb/v6-m/nofp\libg.a(lib_a-malloc.o)
                              CMakeFiles/read_controller_i2c.dir/C_/Users/ghand/Documents/Codes/Pico/Pico_SDK_1.5.1/pico-sdk/src/rp2_common/pico_malloc/pico_malloc.c.obj (malloc)
c:/users/ghand/documents/codes/pico/pico_sdk_1.5.1/gcc-arm-none-eabi/bin/../lib/gcc/arm-none-eabi/10.3.1/../../../../arm-none-eabi/lib/thumb/v6-m/nofp\libg.a(lib_a-mallocr.o)
                              c:/users/ghand/documents/codes/pico/pico_sdk_1.5.1/gcc-arm-none-eabi/bin/../lib/gcc/arm-none-eabi/10.3.1/../../../../arm-none-eabi/lib/thumb/v6-m/nofp\libg.a(lib_a-callocr.o) (_malloc_r)
c:/users/ghand/documents/codes/pico/pico_sdk_1.5.1/gcc-arm-none-eabi/bin/../lib/gcc/arm-none-eabi/10.3.1/../../../../arm-none-eabi/lib/thumb/v6-m/nofp\libg.a(lib_a-mlock.o)
                              c:/users/ghand/documents/codes/pico/pico_sdk_1.5.1/gcc-arm-none-eabi/bin/../lib/gcc/arm-none-eabi/10.3.1/../../../../arm-none-eabi/lib/thumb/v6-m/nofp\libg.a(lib_a-mallocr.o) (__malloc_lock)
c:/users/ghand/documents/codes/pico/pico_sdk_1.5.1/gcc-arm-none-eabi/bin/../lib/gcc/arm-none-eabi/10.3.1/../../../../arm-none-eabi/lib/thumb/v6-m/nofp\libg.a(lib_a-realloc.o)
                              CMakeFiles/read_controller_i2c.dir/C_/Users/ghand/Documents/Codes/Pico/Pico_SDK_1.5.1/pico-sdk/src/rp2_common/pico_malloc/pico_malloc.c.obj (realloc)
c:/users/ghand/documents/codes/pico/pico_sdk_1.5.1/gcc-arm-none-eabi/bin/../lib/gcc/arm-none-eabi/10.3.1/../../../../arm-none-eabi/lib/thumb/v6-m/nofp\libg.a(lib_a-reallocr.o)
                              c:/users/ghand/documents/codes/pico/pico_sdk_1.5.1/gcc-arm-none-eabi/bin/../lib/gcc/arm-none-eabi/10.3.1/../../../../arm-none-eabi/lib/thumb/v6-m/nofp\libg.a(lib_a-realloc.o) (_realloc_r)
c:/users/ghand/documents/codes/pico/pico_sdk_1.5.1/gcc-arm-none-eabi/bin/../lib/gcc/arm-none-eabi/10.3.1/../../../../arm-none-eabi/lib/thumb/v6-m/nofp\libg.a(lib_a-sbrkr.o)
                              c:/users/ghand/documents/codes/pico/pico_sdk_1.5.1/gcc-arm-none-eabi/bin/../lib/gcc/arm-none-eabi/10.3.1/../../../../arm-none-eabi/lib/thumb/v6-m/nofp\libg.a(lib_a-mallocr.o) (_sbrk_r)
c:/users/ghand/documents/codes/pico/pico_sdk_1.5.1/gcc-arm-none-eabi/bin/../lib/gcc/arm-none-eabi/10.3.1/../../../../arm-none-eabi/lib/thumb/v6-m/nofp\libg.a(lib_a-strlen-stub.o)
                              CMakeFiles/read_controller_i2c.dir/C_/Users/ghand/Documents/Codes/Pico/Pico_SDK_1.5.1/pico-sdk/src/rp2_common/pico_stdio/stdio.c.obj (strlen)
[...]
Memory Configuration

Name             Origin             Length             Attributes
FLASH            0x10000000         0x00200000         xr
RAM              0x20000000         0x00040000         xrw
SCRATCH_X        0x20040000         0x00001000         xrw
SCRATCH_Y        0x20041000         0x00001000         xrw
*default*        0x00000000         0xffffffff

Linker script and memory map

LOAD c:/users/ghand/documents/codes/pico/pico_sdk_1.5.1/gcc-arm-none-eabi/bin/../lib/gcc/arm-none-eabi/10.3.1/thumb/v6-m/nofp/crti.o
LOAD c:/users/ghand/documents/codes/pico/pico_sdk_1.5.1/gcc-arm-none-eabi/bin/../lib/gcc/arm-none-eabi/10.3.1/thumb/v6-m/nofp/crtbegin.o
LOAD c:/users/ghand/documents/codes/pico/pico_sdk_1.5.1/gcc-arm-none-eabi/bin/../lib/gcc/arm-none-eabi/10.3.1/../../../../arm-none-eabi/lib/thumb/v6-m/nofp/crt0.o

.flash_begin    0x10000000        0x0
                0x10000000                __flash_binary_start = .

.boot2          0x10000000      0x100
                0x10000000                __boot2_start__ = .
 *(.boot2)
 .boot2         0x10000000      0x100 C:\Users\ghand\AppData\Local\Temp\ccazRysL.o
                0x10000100                __boot2_end__ = .
                0x00000001                ASSERT (((__boot2_end__ - __boot2_start__) == 0x100), ERROR: Pico second stage bootloader must be 256 bytes in size)

.text           0x10000100     0x7558
                0x10000100                __logical_binary_start = .
 *(.vectors)
 .vectors       0x10000100       0xd4 CMakeFiles/read_controller_i2c.dir/C_/Users/ghand/Documents/Codes/Pico/Pico_SDK_1.5.1/pico-sdk/src/rp2_common/pico_standard_link/crt0.S.obj
                0x10000100                __VECTOR_TABLE
                0x10000100                __vectors
                0x100001c0                isr_invalid
                0x100001c0                __default_isrs_start
                0x100001c2                isr_nmi
                0x100001c4                isr_hardfault
                0x100001c6                isr_svcall
                0x100001c8                isr_pendsv
                0x100001ca                isr_systick
                0x100001cc                isr_irq23
                0x100001cc                isr_irq18
                0x100001cc                isr_irq11
                0x100001cc                isr_irq28
                0x100001cc                isr_irq19
                0x100001cc                isr_irq0
                0x100001cc                isr_irq6
                0x100001cc                isr_irq5
                0x100001cc                isr_irq12
                0x100001cc                isr_irq22
                0x100001cc                isr_irq31
                0x100001cc                isr_irq17
                0x100001cc                isr_irq27
                0x100001cc                isr_irq30
                0x100001cc                isr_irq2
                0x100001cc                isr_irq10
                0x100001cc                isr_irq8
                0x100001cc                isr_irq24
                0x100001cc                isr_irq1
                0x100001cc                isr_irq7
                0x100001cc                isr_irq21
                0x100001cc                isr_irq20
                0x100001cc                isr_irq15
                0x100001cc                isr_irq25
                0x100001cc                isr_irq13
                0x100001cc                __unhandled_user_irq
                0x100001cc                isr_irq4
                0x100001cc                isr_irq16
                0x100001cc                isr_irq29
                0x100001cc                isr_irq26
                0x100001cc                __default_isrs_end
                0x100001cc                isr_irq3
                0x100001cc                isr_irq14
                0x100001cc                isr_irq9
                0x100001d2                unhandled_user_irq_num_in_r0
 *(.binary_info_header)
 .binary_info_header
                0x100001d4       0x14 CMakeFiles/read_controller_i2c.dir/C_/Users/ghand/Documents/Codes/Pico/Pico_SDK_1.5.1/pico-sdk/src/rp2_common/pico_standard_link/crt0.S.obj
                0x100001e8                __binary_info_header_end = .
 *(.reset)
 .reset         0x100001e8       0xa0 CMakeFiles/read_controller_i2c.dir/C_/Users/ghand/Documents/Codes/Pico/Pico_SDK_1.5.1/pico-sdk/src/rp2_common/pico_standard_link/crt0.S.obj
                0x100001e8                _entry_point
 .reset         0x10000288       0x30 CMakeFiles/read_controller_i2c.dir/C_/Users/ghand/Documents/Codes/Pico/Pico_SDK_1.5.1/pico-sdk/src/rp2_common/pico_standard_link/binary_info.c.obj
 *(.init)
 .init          0x100002b8        0x4 c:/users/ghand/documents/codes/pico/pico_sdk_1.5.1/gcc-arm-none-eabi/bin/../lib/gcc/arm-none-eabi/10.3.1/thumb/v6-m/nofp/crti.o
                0x100002b8                _init
 *(EXCLUDE_FILE(*libm.a: *libc.a:*lib_a-mem*.o *libgcc.a:) .text*)
 .text          0x100002bc       0x48 c:/users/ghand/documents/codes/pico/pico_sdk_1.5.1/gcc-arm-none-eabi/bin/../lib/gcc/arm-none-eabi/10.3.1/thumb/v6-m/nofp/crtbegin.o
 .text.i2c_reg_write
                0x10000304       0x70 CMakeFiles/read_controller_i2c.dir/main.c.obj
                0x10000304                i2c_reg_write
 .text.i2c_reg_read
                0x10000374       0x44 CMakeFiles/read_controller_i2c.dir/main.c.obj
                0x10000374                i2c_reg_read
 .text.controller_init
                0x100003b8       0x8c CMakeFiles/read_controller_i2c.dir/main.c.obj
                0x100003b8                controller_init
 .text.update_buttons
                0x10000444      0x124 CMakeFiles/read_controller_i2c.dir/main.c.obj
                0x10000444                update_buttons
 .text.print_debug
                0x10000568      0x1d0 CMakeFiles/read_controller_i2c.dir/main.c.obj
                0x10000568                print_debug
 .text.main     0x10000738       0xc4 CMakeFiles/read_controller_i2c.dir/main.c.obj
                0x10000738                main
 .text.gpio_set_function
                0x100007fc       0x30 CMakeFiles/read_controller_i2c.dir/C_/Users/ghand/Documents/Codes/Pico/Pico_SDK_1.5.1/pico-sdk/src/rp2_common/hardware_gpio/gpio.c.obj
                0x100007fc                gpio_set_function
 .text.gpio_set_pulls
                0x1000082c       0x34 CMakeFiles/read_controller_i2c.dir/C_/Users/ghand/Documents/Codes/Pico/Pico_SDK_1.5.1/pico-sdk/src/rp2_common/hardware_gpio/gpio.c.obj
                0x1000082c                gpio_set_pulls
 .text.gpio_init
                0x10000860       0x16 CMakeFiles/read_controller_i2c.dir/C_/Users/ghand/Documents/Codes/Pico/Pico_SDK_1.5.1/pico-sdk/src/rp2_common/hardware_gpio/gpio.c.obj
                0x10000860                gpio_init
 *fill*         0x10000876        0x2 
 .text.running_on_fpga
                0x10000878       0x14 CMakeFiles/read_controller_i2c.dir/C_/Users/ghand/Documents/Codes/Pico/Pico_SDK_1.5.1/pico-sdk/src/rp2_common/pico_platform/platform.c.obj
                0x10000878                running_on_fpga
 .text.hw_claim_lock
                0x1000088c       0x18 CMakeFiles/read_controller_i2c.dir/C_/Users/ghand/Documents/Codes/Pico/Pico_SDK_1.5.1/pico-sdk/src/rp2_common/hardware_claim/claim.c.obj
                0x1000088c                hw_claim_lock
 .text.hw_claim_unlock
                0x100008a4       0x14 CMakeFiles/read_controller_i2c.dir/C_/Users/ghand/Documents/Codes/Pico/Pico_SDK_1.5.1/pico-sdk/src/rp2_common/hardware_claim/claim.c.obj
                0x100008a4                hw_claim_unlock
 .text.hw_claim_or_assert
                0x100008b8       0x32 CMakeFiles/read_controller_i2c.dir/C_/Users/ghand/Documents/Codes/Pico/Pico_SDK_1.5.1/pico-sdk/src/rp2_common/hardware_claim/claim.c.obj
                0x100008b8                hw_claim_or_assert
 .text.hw_claim_unused_from_range
                0x100008ea       0x50 CMakeFiles/read_controller_i2c.dir/C_/Users/ghand/Documents/Codes/Pico/Pico_SDK_1.5.1/pico-sdk/src/rp2_common/hardware_claim/claim.c.obj
                0x100008ea                hw_claim_unused_from_range
 *fill*         0x1000093a        0x2 
 .text.spin_locks_reset
                0x1000093c       0x20 CMakeFiles/read_controller_i2c.dir/C_/Users/ghand/Documents/Codes/Pico/Pico_SDK_1.5.1/pico-sdk/src/rp2_common/hardware_sync/sync.c.obj
                0x1000093c                spin_locks_reset
 .text.next_striped_spin_lock_num
                0x1000095c       0x1c CMakeFiles/read_controller_i2c.dir/C_/Users/ghand/Documents/Codes/Pico/Pico_SDK_1.5.1/pico-sdk/src/rp2_common/hardware_sync/sync.c.obj
                0x1000095c                next_striped_spin_lock_num
 .text.spin_lock_claim_unused
                0x10000978       0x20 CMakeFiles/read_controller_i2c.dir/C_/Users/ghand/Documents/Codes/Pico/Pico_SDK_1.5.1/pico-sdk/src/rp2_common/hardware_sync/sync.c.obj
                0x10000978                spin_lock_claim_unused
 .text.set_raw_irq_handler_and_unlock
                0x10000998       0x28 CMakeFiles/read_controller_i2c.dir/C_/Users/ghand/Documents/Codes/Pico/Pico_SDK_1.5.1/pico-sdk/src/rp2_common/hardware_irq/irq.c.obj
 .text.make_branch
                0x100009c0       0x48 CMakeFiles/read_controller_i2c.dir/C_/Users/ghand/Documents/Codes/Pico/Pico_SDK_1.5.1/pico-sdk/src/rp2_common/hardware_irq/irq.c.obj
 .text.insert_branch_and_link
                0x10000a08       0x40 CMakeFiles/read_controller_i2c.dir/C_/Users/ghand/Documents/Codes/Pico/Pico_SDK_1.5.1/pico-sdk/src/rp2_common/hardware_irq/irq.c.obj
 .text.irq_is_enabled
                0x10000a48       0x18 CMakeFiles/read_controller_i2c.dir/C_/Users/ghand/Documents/Codes/Pico/Pico_SDK_1.5.1/pico-sdk/src/rp2_common/hardware_irq/irq.c.obj
                0x10000a48                irq_is_enabled
 .text.irq_set_mask_enabled
                0x10000a60       0x20 CMakeFiles/read_controller_i2c.dir/C_/Users/ghand/Documents/Codes/Pico/Pico_SDK_1.5.1/pico-sdk/src/rp2_common/hardware_irq/irq.c.obj
                0x10000a60                irq_set_mask_enabled
 .text.irq_set_enabled
                0x10000a80        0xe CMakeFiles/read_controller_i2c.dir/C_/Users/ghand/Documents/Codes/Pico/Pico_SDK_1.5.1/pico-sdk/src/rp2_common/hardware_irq/irq.c.obj
                0x10000a80                irq_set_enabled
 *fill*         0x10000a8e        0x2 
 .text.irq_set_pending
                0x10000a90       0x10 CMakeFiles/read_controller_i2c.dir/C_/Users/ghand/Documents/Codes/Pico/Pico_SDK_1.5.1/pico-sdk/src/rp2_common/hardware_irq/irq.c.obj
                0x10000a90                irq_set_pending
 .text.irq_get_vtable_handler
                0x10000aa0       0x10 CMakeFiles/read_controller_i2c.dir/C_/Users/ghand/Documents/Codes/Pico/Pico_SDK_1.5.1/pico-sdk/src/rp2_common/hardware_irq/irq.c.obj
                0x10000aa0                irq_get_vtable_handler
 .text.irq_has_shared_handler
                0x10000ab0       0x24 CMakeFiles/read_controller_i2c.dir/C_/Users/ghand/Documents/Codes/Pico/Pico_SDK_1.5.1/pico-sdk/src/rp2_common/hardware_irq/irq.c.obj
                0x10000ab0                irq_has_shared_handler
 .text.irq_set_exclusive_handler
                0x10000ad4       0x54 CMakeFiles/read_controller_i2c.dir/C_/Users/ghand/Documents/Codes/Pico/Pico_SDK_1.5.1/pico-sdk/src/rp2_common/hardware_irq/irq.c.obj
                0x10000ad4                irq_set_exclusive_handler
 .text.irq_add_shared_handler
                0x10000b28      0x234 CMakeFiles/read_controller_i2c.dir/C_/Users/ghand/Documents/Codes/Pico/Pico_SDK_1.5.1/pico-sdk/src/rp2_common/hardware_irq/irq.c.obj
                0x10000b28                irq_add_shared_handler
 .text.irq_remove_handler
                0x10000d5c      0x1ac CMakeFiles/read_controller_i2c.dir/C_/Users/ghand/Documents/Codes/Pico/Pico_SDK_1.5.1/pico-sdk/src/rp2_common/hardware_irq/irq.c.obj
                0x10000d5c                irq_remove_handler
 .text.irq_add_tail_to_free_list
                0x10000f08       0xf0 CMakeFiles/read_controller_i2c.dir/C_/Users/ghand/Documents/Codes/Pico/Pico_SDK_1.5.1/pico-sdk/src/rp2_common/hardware_irq/irq.c.obj
                0x10000f08                irq_add_tail_to_free_list
 .text.irq_init_priorities
                0x10000ff8       0x1c CMakeFiles/read_controller_i2c.dir/C_/Users/ghand/Documents/Codes/Pico/Pico_SDK_1.5.1/pico-sdk/src/rp2_common/hardware_irq/irq.c.obj
                0x10000ff8                irq_init_priorities
 .text.user_irq_claim_unused
                0x10001014       0x28 CMakeFiles/read_controller_i2c.dir/C_/Users/ghand/Documents/Codes/Pico/Pico_SDK_1.5.1/pico-sdk/src/rp2_common/hardware_irq/irq.c.obj
                0x10001014                user_irq_claim_unused
 .text.lock_init
                0x1000103c       0x10 CMakeFiles/read_controller_i2c.dir/C_/Users/ghand/Documents/Codes/Pico/Pico_SDK_1.5.1/pico-sdk/src/common/pico_sync/lock_core.c.obj
                0x1000103c                lock_init
 .text.mutex_init
                0x1000104c       0x1a CMakeFiles/read_controller_i2c.dir/C_/Users/ghand/Documents/Codes/Pico/Pico_SDK_1.5.1/pico-sdk/src/common/pico_sync/mutex.c.obj
                0x1000104c                mutex_init
 .text.recursive_mutex_init
                0x10001066       0x1e CMakeFiles/read_controller_i2c.dir/C_/Users/ghand/Documents/Codes/Pico/Pico_SDK_1.5.1/pico-sdk/src/common/pico_sync/mutex.c.obj
                0x10001066                recursive_mutex_init
 .text.critical_section_init_with_lock_num
                0x10001084       0x14 CMakeFiles/read_controller_i2c.dir/C_/Users/ghand/Documents/Codes/Pico/Pico_SDK_1.5.1/pico-sdk/src/common/pico_sync/critical_section.c.obj
                0x10001084                critical_section_init_with_lock_num
 .text.critical_section_init
                0x10001098       0x14 CMakeFiles/read_controller_i2c.dir/C_/Users/ghand/Documents/Codes/Pico/Pico_SDK_1.5.1/pico-sdk/src/common/pico_sync/critical_section.c.obj
                0x10001098                critical_section_init
 .text.alarm_pool_post_alloc_init
                0x100010ac       0x40 CMakeFiles/read_controller_i2c.dir/C_/Users/ghand/Documents/Codes/Pico/Pico_SDK_1.5.1/pico-sdk/src/common/pico_time/time.c.obj
 .text.sleep_until_callback
                0x100010ec       0x30 CMakeFiles/read_controller_i2c.dir/C_/Users/ghand/Documents/Codes/Pico/Pico_SDK_1.5.1/pico-sdk/src/common/pico_time/time.c.obj
 .text.timer_pool_entry_comparator
                0x1000111c       0x7c CMakeFiles/read_controller_i2c.dir/C_/Users/ghand/Documents/Codes/Pico/Pico_SDK_1.5.1/pico-sdk/src/common/pico_time/time.c.obj
                0x1000111c                timer_pool_entry_comparator
 .text.ph_add_child_node
                0x10001198       0xa4 CMakeFiles/read_controller_i2c.dir/C_/Users/ghand/Documents/Codes/Pico/Pico_SDK_1.5.1/pico-sdk/src/common/pico_time/time.c.obj
 .text.ph_merge_nodes
                0x1000123c       0x3e CMakeFiles/read_controller_i2c.dir/C_/Users/ghand/Documents/Codes/Pico/Pico_SDK_1.5.1/pico-sdk/src/common/pico_time/time.c.obj
 *fill*         0x1000127a        0x2 
 .text.add_alarm_under_lock
                0x1000127c      0x174 CMakeFiles/read_controller_i2c.dir/C_/Users/ghand/Documents/Codes/Pico/Pico_SDK_1.5.1/pico-sdk/src/common/pico_time/time.c.obj
 .text.alarm_pool_alarm_callback
                0x100013f0      0x33c CMakeFiles/read_controller_i2c.dir/C_/Users/ghand/Documents/Codes/Pico/Pico_SDK_1.5.1/pico-sdk/src/common/pico_time/time.c.obj
 .text.alarm_pool_init_default
                0x1000172c       0x40 CMakeFiles/read_controller_i2c.dir/C_/Users/ghand/Documents/Codes/Pico/Pico_SDK_1.5.1/pico-sdk/src/common/pico_time/time.c.obj
                0x1000172c                alarm_pool_init_default
 .text.alarm_pool_get_default
                0x1000176c       0x2c CMakeFiles/read_controller_i2c.dir/C_/Users/ghand/Documents/Codes/Pico/Pico_SDK_1.5.1/pico-sdk/src/common/pico_time/time.c.obj
                0x1000176c                alarm_pool_get_default
 .text.alarm_pool_add_alarm_at
                0x10001798      0x168 CMakeFiles/read_controller_i2c.dir/C_/Users/ghand/Documents/Codes/Pico/Pico_SDK_1.5.1/pico-sdk/src/common/pico_time/time.c.obj
                0x10001798                alarm_pool_add_alarm_at
 .text.alarm_pool_cancel_alarm
                0x10001900       0xf8 CMakeFiles/read_controller_i2c.dir/C_/Users/ghand/Documents/Codes/Pico/Pico_SDK_1.5.1/pico-sdk/src/common/pico_time/time.c.obj
                0x10001900                alarm_pool_cancel_alarm
 .text.alarm_pool_core_num
                0x100019f8        0x4 CMakeFiles/read_controller_i2c.dir/C_/Users/ghand/Documents/Codes/Pico/Pico_SDK_1.5.1/pico-sdk/src/common/pico_time/time.c.obj
                0x100019f8                alarm_pool_core_num
 .text.sleep_until
                0x100019fc       0xfc CMakeFiles/read_controller_i2c.dir/C_/Users/ghand/Documents/Codes/Pico/Pico_SDK_1.5.1/pico-sdk/src/common/pico_time/time.c.obj
                0x100019fc                sleep_until
 .text.sleep_us
                0x10001af8       0x58 CMakeFiles/read_controller_i2c.dir/C_/Users/ghand/Documents/Codes/Pico/Pico_SDK_1.5.1/pico-sdk/src/common/pico_time/time.c.obj
                0x10001af8                sleep_us
 .text.sleep_ms
                0x10001b50       0x14 CMakeFiles/read_controller_i2c.dir/C_/Users/ghand/Documents/Codes/Pico/Pico_SDK_1.5.1/pico-sdk/src/common/pico_time/time.c.obj
                0x10001b50                sleep_ms
 .text.best_effort_wfe_or_timeout
                0x10001b64       0xac CMakeFiles/read_controller_i2c.dir/C_/Users/ghand/Documents/Codes/Pico/Pico_SDK_1.5.1/pico-sdk/src/common/pico_time/time.c.obj
                0x10001b64                best_effort_wfe_or_timeout
 .text.hardware_alarm_irq_handler
                0x10001c10       0x90 CMakeFiles/read_controller_i2c.dir/C_/Users/ghand/Documents/Codes/Pico/Pico_SDK_1.5.1/pico-sdk/src/rp2_common/hardware_timer/timer.c.obj
 .text.hardware_alarm_claim
                0x10001ca0       0x18 CMakeFiles/read_controller_i2c.dir/C_/Users/ghand/Documents/Codes/Pico/Pico_SDK_1.5.1/pico-sdk/src/rp2_common/hardware_timer/timer.c.obj
                0x10001ca0                hardware_alarm_claim
 .text.time_us_64
                0x10001cb8       0x18 CMakeFiles/read_controller_i2c.dir/C_/Users/ghand/Documents/Codes/Pico/Pico_SDK_1.5.1/pico-sdk/src/rp2_common/hardware_timer/timer.c.obj
                0x10001cb8                time_us_64
 .text.busy_wait_until
                0x10001cd0       0x28 CMakeFiles/read_controller_i2c.dir/C_/Users/ghand/Documents/Codes/Pico/Pico_SDK_1.5.1/pico-sdk/src/rp2_common/hardware_timer/timer.c.obj
                0x10001cd0                busy_wait_until
 .text.hardware_alarm_set_callback
                0x10001cf8       0x90 CMakeFiles/read_controller_i2c.dir/C_/Users/ghand/Documents/Codes/Pico/Pico_SDK_1.5.1/pico-sdk/src/rp2_common/hardware_timer/timer.c.obj
                0x10001cf8                hardware_alarm_set_callback
 .text.hardware_alarm_set_target
                0x10001d88       0xe8 CMakeFiles/read_controller_i2c.dir/C_/Users/ghand/Documents/Codes/Pico/Pico_SDK_1.5.1/pico-sdk/src/rp2_common/hardware_timer/timer.c.obj
                0x10001d88                hardware_alarm_set_target
 .text.hardware_alarm_cancel
                0x10001e70       0x40 CMakeFiles/read_controller_i2c.dir/C_/Users/ghand/Documents/Codes/Pico/Pico_SDK_1.5.1/pico-sdk/src/rp2_common/hardware_timer/timer.c.obj
                0x10001e70                hardware_alarm_cancel
 .text.ph_add_child_node
                0x10001eb0       0xa4 CMakeFiles/read_controller_i2c.dir/C_/Users/ghand/Documents/Codes/Pico/Pico_SDK_1.5.1/pico-sdk/src/common/pico_util/pheap.c.obj
 .text.ph_merge_nodes
                0x10001f54       0x3e CMakeFiles/read_controller_i2c.dir/C_/Users/ghand/Documents/Codes/Pico/Pico_SDK_1.5.1/pico-sdk/src/common/pico_util/pheap.c.obj
 *fill*         0x10001f92        0x2 
 .text.ph_clear
                0x10001f94       0x70 CMakeFiles/read_controller_i2c.dir/C_/Users/ghand/Documents/Codes/Pico/Pico_SDK_1.5.1/pico-sdk/src/common/pico_util/pheap.c.obj
                0x10001f94                ph_clear
 .text.ph_post_alloc_init
                0x10002004        0xe CMakeFiles/read_controller_i2c.dir/C_/Users/ghand/Documents/Codes/Pico/Pico_SDK_1.5.1/pico-sdk/src/common/pico_util/pheap.c.obj
                0x10002004                ph_post_alloc_init
 *fill*         0x10002012        0x2 
 .text.ph_merge_two_pass
                0x10002014       0xa8 CMakeFiles/read_controller_i2c.dir/C_/Users/ghand/Documents/Codes/Pico/Pico_SDK_1.5.1/pico-sdk/src/common/pico_util/pheap.c.obj
                0x10002014                ph_merge_two_pass
 .text.ph_remove_any_head
                0x100020bc      0x128 CMakeFiles/read_controller_i2c.dir/C_/Users/ghand/Documents/Codes/Pico/Pico_SDK_1.5.1/pico-sdk/src/common/pico_util/pheap.c.obj
 .text.ph_remove_head
                0x100021e4       0x14 CMakeFiles/read_controller_i2c.dir/C_/Users/ghand/Documents/Codes/Pico/Pico_SDK_1.5.1/pico-sdk/src/common/pico_util/pheap.c.obj
                0x100021e4                ph_remove_head
 .text.ph_remove_and_free_node
                0x100021f8       0xf8 CMakeFiles/read_controller_i2c.dir/C_/Users/ghand/Documents/Codes/Pico/Pico_SDK_1.5.1/pico-sdk/src/common/pico_util/pheap.c.obj
                0x100021f8                ph_remove_and_free_node
 .text.clock_configure
                0x100022f0      0x108 CMakeFiles/read_controller_i2c.dir/C_/Users/ghand/Documents/Codes/Pico/Pico_SDK_1.5.1/pico-sdk/src/rp2_common/hardware_clocks/clocks.c.obj
                0x100022f0                clock_configure
 .text.clocks_init
                0x100023f8      0x100 CMakeFiles/read_controller_i2c.dir/C_/Users/ghand/Documents/Codes/Pico/Pico_SDK_1.5.1/pico-sdk/src/rp2_common/hardware_clocks/clocks.c.obj
                0x100023f8                clocks_init
 .text.clock_get_hz
                0x100024f8        0xc CMakeFiles/read_controller_i2c.dir/C_/Users/ghand/Documents/Codes/Pico/Pico_SDK_1.5.1/pico-sdk/src/rp2_common/hardware_clocks/clocks.c.obj
                0x100024f8                clock_get_hz
 .text.pll_init
                0x10002504      0x120 CMakeFiles/read_controller_i2c.dir/C_/Users/ghand/Documents/Codes/Pico/Pico_SDK_1.5.1/pico-sdk/src/rp2_common/hardware_pll/pll.c.obj
                0x10002504                pll_init
 .text.watchdog_start_tick
                0x10002624       0x10 CMakeFiles/read_controller_i2c.dir/C_/Users/ghand/Documents/Codes/Pico/Pico_SDK_1.5.1/pico-sdk/src/rp2_common/hardware_watchdog/watchdog.c.obj
                0x10002624                watchdog_start_tick
 .text.watchdog_update
                0x10002634       0x14 CMakeFiles/read_controller_i2c.dir/C_/Users/ghand/Documents/Codes/Pico/Pico_SDK_1.5.1/pico-sdk/src/rp2_common/hardware_watchdog/watchdog.c.obj
                0x10002634                watchdog_update
 .text._watchdog_enable
                0x10002648       0x78 CMakeFiles/read_controller_i2c.dir/C_/Users/ghand/Documents/Codes/Pico/Pico_SDK_1.5.1/pico-sdk/src/rp2_common/hardware_watchdog/watchdog.c.obj
                0x10002648                _watchdog_enable
 .text.watchdog_reboot
                0x100026c0       0x48 CMakeFiles/read_controller_i2c.dir/C_/Users/ghand/Documents/Codes/Pico/Pico_SDK_1.5.1/pico-sdk/src/rp2_common/hardware_watchdog/watchdog.c.obj
                0x100026c0                watchdog_reboot
 .text.xosc_init
                0x10002708       0x28 CMakeFiles/read_controller_i2c.dir/C_/Users/ghand/Documents/Codes/Pico/Pico_SDK_1.5.1/pico-sdk/src/rp2_common/hardware_xosc/xosc.c.obj
                0x10002708                xosc_init
 .text._exit    0x10002730        0x4 CMakeFiles/read_controller_i2c.dir/C_/Users/ghand/Documents/Codes/Pico/Pico_SDK_1.5.1/pico-sdk/src/rp2_common/pico_runtime/runtime.c.obj
                0x10002730                _exit
 .text.exit     0x10002734        0x6 CMakeFiles/read_controller_i2c.dir/C_/Users/ghand/Documents/Codes/Pico/Pico_SDK_1.5.1/pico-sdk/src/rp2_common/pico_runtime/runtime.c.obj
                0x10002734                exit
 *fill*         0x1000273a        0x2 
 .text.__assert_func
                0x1000273c       0x3c CMakeFiles/read_controller_i2c.dir/C_/Users/ghand/Documents/Codes/Pico/Pico_SDK_1.5.1/pico-sdk/src/rp2_common/pico_runtime/runtime.c.obj
                0x1000273c                __assert_func
 .text.runtime_init
                0x10002778       0xf8 CMakeFiles/read_controller_i2c.dir/C_/Users/ghand/Documents/Codes/Pico/Pico_SDK_1.5.1/pico-sdk/src/rp2_common/pico_runtime/runtime.c.obj
                0x10002778                runtime_init
 .text.panic    0x10002870       0x30 CMakeFiles/read_controller_i2c.dir/C_/Users/ghand/Documents/Codes/Pico/Pico_SDK_1.5.1/pico-sdk/src/rp2_common/pico_runtime/runtime.c.obj
                0x10002870                panic
 .text._out_null
                0x100028a0        0x2 CMakeFiles/read_controller_i2c.dir/C_/Users/ghand/Documents/Codes/Pico/Pico_SDK_1.5.1/pico-sdk/src/rp2_common/pico_printf/printf.c.obj
 .text._out_fct
                0x100028a2        0xe CMakeFiles/read_controller_i2c.dir/C_/Users/ghand/Documents/Codes/Pico/Pico_SDK_1.5.1/pico-sdk/src/rp2_common/pico_printf/printf.c.obj
 .text._atoi    0x100028b0       0x24 CMakeFiles/read_controller_i2c.dir/C_/Users/ghand/Documents/Codes/Pico/Pico_SDK_1.5.1/pico-sdk/src/rp2_common/pico_printf/printf.c.obj
 .text._out_rev
                0x100028d4       0xae CMakeFiles/read_controller_i2c.dir/C_/Users/ghand/Documents/Codes/Pico/Pico_SDK_1.5.1/pico-sdk/src/rp2_common/pico_printf/printf.c.obj
 .text._ntoa_format
                0x10002982      0x112 CMakeFiles/read_controller_i2c.dir/C_/Users/ghand/Documents/Codes/Pico/Pico_SDK_1.5.1/pico-sdk/src/rp2_common/pico_printf/printf.c.obj
 .text._ntoa_long
                0x10002a94       0xbc CMakeFiles/read_controller_i2c.dir/C_/Users/ghand/Documents/Codes/Pico/Pico_SDK_1.5.1/pico-sdk/src/rp2_common/pico_printf/printf.c.obj
 .text._ntoa_long_long
                0x10002b50       0xe2 CMakeFiles/read_controller_i2c.dir/C_/Users/ghand/Documents/Codes/Pico/Pico_SDK_1.5.1/pico-sdk/src/rp2_common/pico_printf/printf.c.obj
 *fill*         0x10002c32        0x2 
 .text._etoa    0x10002c34      0x414 CMakeFiles/read_controller_i2c.dir/C_/Users/ghand/Documents/Codes/Pico/Pico_SDK_1.5.1/pico-sdk/src/rp2_common/pico_printf/printf.c.obj
 .text._ftoa    0x10003048      0x354 CMakeFiles/read_controller_i2c.dir/C_/Users/ghand/Documents/Codes/Pico/Pico_SDK_1.5.1/pico-sdk/src/rp2_common/pico_printf/printf.c.obj
 .text._vsnprintf
                0x1000339c      0x624 CMakeFiles/read_controller_i2c.dir/C_/Users/ghand/Documents/Codes/Pico/Pico_SDK_1.5.1/pico-sdk/src/rp2_common/pico_printf/printf.c.obj
 .text.vfctprintf
                0x100039c0       0x20 CMakeFiles/read_controller_i2c.dir/C_/Users/ghand/Documents/Codes/Pico/Pico_SDK_1.5.1/pico-sdk/src/rp2_common/pico_printf/printf.c.obj
                0x100039c0                vfctprintf
 .text          0x100039e0       0x10 CMakeFiles/read_controller_i2c.dir/C_/Users/ghand/Documents/Codes/Pico/Pico_SDK_1.5.1/pico-sdk/src/rp2_common/pico_bit_ops/bit_ops_aeabi.S.obj
 .text.rom_func_lookup
                0x100039f0       0x10 CMakeFiles/read_controller_i2c.dir/C_/Users/ghand/Documents/Codes/Pico/Pico_SDK_1.5.1/pico-sdk/src/rp2_common/pico_bootrom/bootrom.c.obj
                0x100039f0                rom_func_lookup
 .text.rom_data_lookup
                0x10003a00       0x10 CMakeFiles/read_controller_i2c.dir/C_/Users/ghand/Documents/Codes/Pico/Pico_SDK_1.5.1/pico-sdk/src/rp2_common/pico_bootrom/bootrom.c.obj
                0x10003a00                rom_data_lookup
 .text.rom_funcs_lookup
                0x10003a10       0x36 CMakeFiles/read_controller_i2c.dir/C_/Users/ghand/Documents/Codes/Pico/Pico_SDK_1.5.1/pico-sdk/src/rp2_common/pico_bootrom/bootrom.c.obj
                0x10003a10                rom_funcs_lookup
 *fill*         0x10003a46        0x2 
 .text.__wrap___aeabi_idiv
                0x10003a48       0x50 CMakeFiles/read_controller_i2c.dir/C_/Users/ghand/Documents/Codes/Pico/Pico_SDK_1.5.1/pico-sdk/src/rp2_common/pico_divider/divider.S.obj
                0x10003a48                __wrap___aeabi_idivmod
                0x10003a48                divmod_s32s32
                0x10003a48                div_s32s32
                0x10003a48                __wrap___aeabi_idiv
                0x10003a50                divmod_s32s32_unsafe
                0x10003a7c                divmod_s32s32_savestate
 .text.__wrap___aeabi_uidiv
                0x10003a98       0x4c CMakeFiles/read_controller_i2c.dir/C_/Users/ghand/Documents/Codes/Pico/Pico_SDK_1.5.1/pico-sdk/src/rp2_common/pico_divider/divider.S.obj
                0x10003a98                __wrap___aeabi_uidiv
                0x10003a98                __wrap___aeabi_uidivmod
                0x10003a98                div_u32u32
                0x10003a98                divmod_u32u32
                0x10003aa0                divmod_u32u32_unsafe
                0x10003ac8                divmod_u32u32_savestate
 .text.__wrap___aeabi_ldiv
                0x10003ae4      0x424 CMakeFiles/read_controller_i2c.dir/C_/Users/ghand/Documents/Codes/Pico/Pico_SDK_1.5.1/pico-sdk/src/rp2_common/pico_divider/divider.S.obj
                0x10003ae4                div_s64s64
                0x10003ae4                divmod_s64s64
                0x10003ae4                __wrap___aeabi_ldivmod
                0x10003b14                divmod_u64u64
                0x10003b14                div_u64u64
                0x10003b14                __wrap___aeabi_uldivmod
                0x10003b24                divmod_u64u64_savestate
                0x10003b44                divmod_s64s64_unsafe
                0x10003bcc                divmod_u64u64_unsafe
 .text.__wrap___aeabi_darithmetic
                0x10003f08       0x80 CMakeFiles/read_controller_i2c.dir/C_/Users/ghand/Documents/Codes/Pico/Pico_SDK_1.5.1/pico-sdk/src/rp2_common/pico_double/double_aeabi.S.obj
                0x10003f08                __wrap___aeabi_drsub
                0x10003f0e                __wrap___aeabi_dsub
                0x10003f20                __wrap___aeabi_dadd
                0x10003f32                __wrap___aeabi_ddiv
                0x10003f6e                __wrap___aeabi_dmul
 .text.__wrap___aeabi_cdcmple
                0x10003f88       0x6c CMakeFiles/read_controller_i2c.dir/C_/Users/ghand/Documents/Codes/Pico/Pico_SDK_1.5.1/pico-sdk/src/rp2_common/pico_double/double_aeabi.S.obj
                0x10003f88                __wrap___aeabi_cdrcmple
                0x10003f98                __wrap___aeabi_cdcmpeq
                0x10003f98                __wrap___aeabi_cdcmple
 .text.__wrap___aeabi_dcmplt
                0x10003ff4        0xc CMakeFiles/read_controller_i2c.dir/C_/Users/ghand/Documents/Codes/Pico/Pico_SDK_1.5.1/pico-sdk/src/rp2_common/pico_double/double_aeabi.S.obj
                0x10003ff4                __wrap___aeabi_dcmplt
 .text.__wrap___aeabi_dcmple
                0x10004000       0x10 CMakeFiles/read_controller_i2c.dir/C_/Users/ghand/Documents/Codes/Pico/Pico_SDK_1.5.1/pico-sdk/src/rp2_common/pico_double/double_aeabi.S.obj
                0x10004000                __wrap___aeabi_dcmple
 .text.__wrap___aeabi_dcmpge
                0x10004010       0x10 CMakeFiles/read_controller_i2c.dir/C_/Users/ghand/Documents/Codes/Pico/Pico_SDK_1.5.1/pico-sdk/src/rp2_common/pico_double/double_aeabi.S.obj
                0x10004010                __wrap___aeabi_dcmpge
 .text.__wrap___aeabi_dcmpgt
                0x10004020        0xa CMakeFiles/read_controller_i2c.dir/C_/Users/ghand/Documents/Codes/Pico/Pico_SDK_1.5.1/pico-sdk/src/rp2_common/pico_double/double_aeabi.S.obj
                0x10004020                __wrap___aeabi_dcmpgt
 .text.__wrap___aeabi_dcmpun
                0x1000402a       0x1c CMakeFiles/read_controller_i2c.dir/C_/Users/ghand/Documents/Codes/Pico/Pico_SDK_1.5.1/pico-sdk/src/rp2_common/pico_double/double_aeabi.S.obj
                0x1000402a                __wrap___aeabi_dcmpun
 *fill*         0x10004046        0x2 
 .text.__wrap___aeabi_i2d
                0x10004048       0x38 CMakeFiles/read_controller_i2c.dir/C_/Users/ghand/Documents/Codes/Pico/Pico_SDK_1.5.1/pico-sdk/src/rp2_common/pico_double/double_aeabi.S.obj
                0x10004048                __wrap___aeabi_ui2d
                0x10004050                __wrap___aeabi_i2d
 .text.__wrap___aeabi_d2iz
                0x10004080       0x48 CMakeFiles/read_controller_i2c.dir/C_/Users/ghand/Documents/Codes/Pico/Pico_SDK_1.5.1/pico-sdk/src/rp2_common/pico_double/double_aeabi.S.obj
                0x10004080                double2int_z
                0x10004080                __wrap___aeabi_d2iz
 .text.__wrap___aeabi_d2uiz
                0x100040c8       0x18 CMakeFiles/read_controller_i2c.dir/C_/Users/ghand/Documents/Codes/Pico/Pico_SDK_1.5.1/pico-sdk/src/rp2_common/pico_double/double_aeabi.S.obj
                0x100040c8                __wrap___aeabi_d2uiz
                0x100040c8                double2uint
 .text.__aeabi_double_init
                0x100040e0       0xc8 CMakeFiles/read_controller_i2c.dir/C_/Users/ghand/Documents/Codes/Pico/Pico_SDK_1.5.1/pico-sdk/src/rp2_common/pico_double/double_init_rom.c.obj
                0x100040e0                __aeabi_double_init
 .text.double_table_shim_on_use_helper
                0x100041a8       0x34 CMakeFiles/read_controller_i2c.dir/C_/Users/ghand/Documents/Codes/Pico/Pico_SDK_1.5.1/pico-sdk/src/rp2_common/pico_double/double_v1_rom_shim.S.obj
                0x100041a8                double_table_shim_on_use_helper
 .text.__wrap___aeabi_dsub
                0x100041dc       0x10 CMakeFiles/read_controller_i2c.dir/C_/Users/ghand/Documents/Codes/Pico/Pico_SDK_1.5.1/pico-sdk/src/rp2_common/pico_double/double_v1_rom_shim.S.obj
                0x100041dc                drsub_shim
                0x100041e2                dsub_shim
 .text.dadd_shim
                0x100041ec      0x15c CMakeFiles/read_controller_i2c.dir/C_/Users/ghand/Documents/Codes/Pico/Pico_SDK_1.5.1/pico-sdk/src/rp2_common/pico_double/double_v1_rom_shim.S.obj
                0x100041ec                dadd_shim
 .text.dmul_shim
                0x10004348      0x15c CMakeFiles/read_controller_i2c.dir/C_/Users/ghand/Documents/Codes/Pico/Pico_SDK_1.5.1/pico-sdk/src/rp2_common/pico_double/double_v1_rom_shim.S.obj
                0x10004348                dmul_shim
 .text.ddiv_shim
                0x100044a4      0x1b0 CMakeFiles/read_controller_i2c.dir/C_/Users/ghand/Documents/Codes/Pico/Pico_SDK_1.5.1/pico-sdk/src/rp2_common/pico_double/double_v1_rom_shim.S.obj
                0x100044a4                ddiv_shim
 .text.double2uint_shim
                0x10004654        0xe CMakeFiles/read_controller_i2c.dir/C_/Users/ghand/Documents/Codes/Pico/Pico_SDK_1.5.1/pico-sdk/src/rp2_common/pico_double/double_v1_rom_shim.S.obj
                0x10004654                double2uint_shim
                0x10004656                double2ufix_shim
 *fill*         0x10004662        0x2 
 .text.double2uint64_shim
                0x10004664       0x70 CMakeFiles/read_controller_i2c.dir/C_/Users/ghand/Documents/Codes/Pico/Pico_SDK_1.5.1/pico-sdk/src/rp2_common/pico_double/double_v1_rom_shim.S.obj
                0x10004664                double2uint64_shim
                0x10004666                double2ufix64_shim
                0x10004686                d2fix_a
 .text.dunpacks
                0x100046d4       0x3c CMakeFiles/read_controller_i2c.dir/C_/Users/ghand/Documents/Codes/Pico/Pico_SDK_1.5.1/pico-sdk/src/rp2_common/pico_double/double_v1_rom_shim.S.obj
                0x100046d4                dunpacks
 .text.__aeabi_lmul
                0x10004710       0x32 CMakeFiles/read_controller_i2c.dir/C_/Users/ghand/Documents/Codes/Pico/Pico_SDK_1.5.1/pico-sdk/src/rp2_common/pico_int64_ops/pico_int64_ops_aeabi.S.obj
                0x10004710                __wrap___aeabi_lmul
 *fill*         0x10004742        0x2 
 .text.__aeabi_float_init
                0x10004744       0xfc CMakeFiles/read_controller_i2c.dir/C_/Users/ghand/Documents/Codes/Pico/Pico_SDK_1.5.1/pico-sdk/src/rp2_common/pico_float/float_init_rom.c.obj
                0x10004744                __aeabi_float_init
 .text.float_table_shim_on_use_helper
                0x10004840       0x34 CMakeFiles/read_controller_i2c.dir/C_/Users/ghand/Documents/Codes/Pico/Pico_SDK_1.5.1/pico-sdk/src/rp2_common/pico_float/float_v1_rom_shim.S.obj
                0x10004840                float_table_shim_on_use_helper
 .text          0x10004874       0x10 CMakeFiles/read_controller_i2c.dir/C_/Users/ghand/Documents/Codes/Pico/Pico_SDK_1.5.1/pico-sdk/src/rp2_common/pico_mem_ops/mem_ops_aeabi.S.obj
                0x10004874                __aeabi_mem_init
 .text.memset   0x10004884        0xc CMakeFiles/read_controller_i2c.dir/C_/Users/ghand/Documents/Codes/Pico/Pico_SDK_1.5.1/pico-sdk/src/rp2_common/pico_mem_ops/mem_ops_aeabi.S.obj
                0x10004884                __wrap_memset
 .text.memcpy   0x10004890        0xc CMakeFiles/read_controller_i2c.dir/C_/Users/ghand/Documents/Codes/Pico/Pico_SDK_1.5.1/pico-sdk/src/rp2_common/pico_mem_ops/mem_ops_aeabi.S.obj
                0x10004890                __wrap_memcpy
                0x10004890                __wrap___aeabi_memcpy
 .text.stdio_out_chars_no_crlf
                0x1000489c        0xe CMakeFiles/read_controller_i2c.dir/C_/Users/ghand/Documents/Codes/Pico/Pico_SDK_1.5.1/pico-sdk/src/rp2_common/pico_stdio/stdio.c.obj
 *fill*         0x100048aa        0x2 
 .text.stdio_out_chars_crlf
                0x100048ac       0x80 CMakeFiles/read_controller_i2c.dir/C_/Users/ghand/Documents/Codes/Pico/Pico_SDK_1.5.1/pico-sdk/src/rp2_common/pico_stdio/stdio.c.obj
 .text.stdio_stack_buffer_flush
                0x1000492c       0x44 CMakeFiles/read_controller_i2c.dir/C_/Users/ghand/Documents/Codes/Pico/Pico_SDK_1.5.1/pico-sdk/src/rp2_common/pico_stdio/stdio.c.obj
 .text.stdio_buffered_printer
                0x10004970       0x20 CMakeFiles/read_controller_i2c.dir/C_/Users/ghand/Documents/Codes/Pico/Pico_SDK_1.5.1/pico-sdk/src/rp2_common/pico_stdio/stdio.c.obj
 .text.stdout_serialize_begin
                0x10004990       0x5c CMakeFiles/read_controller_i2c.dir/C_/Users/ghand/Documents/Codes/Pico/Pico_SDK_1.5.1/pico-sdk/src/rp2_common/pico_stdio/stdio.c.obj
                0x10004990                stdout_serialize_begin
 .text.stdout_serialize_end
                0x100049ec       0x10 CMakeFiles/read_controller_i2c.dir/C_/Users/ghand/Documents/Codes/Pico/Pico_SDK_1.5.1/pico-sdk/src/rp2_common/pico_stdio/stdio.c.obj
                0x100049ec                stdout_serialize_end
 .text.stdio_put_string
                0x100049fc       0x98 CMakeFiles/read_controller_i2c.dir/C_/Users/ghand/Documents/Codes/Pico/Pico_SDK_1.5.1/pico-sdk/src/rp2_common/pico_stdio/stdio.c.obj
 .text.__wrap_putchar
                0x10004a94       0x1c CMakeFiles/read_controller_i2c.dir/C_/Users/ghand/Documents/Codes/Pico/Pico_SDK_1.5.1/pico-sdk/src/rp2_common/pico_stdio/stdio.c.obj
                0x10004a94                __wrap_putchar
 .text.stdio_set_driver_enabled
                0x10004ab0       0x2c CMakeFiles/read_controller_i2c.dir/C_/Users/ghand/Documents/Codes/Pico/Pico_SDK_1.5.1/pico-sdk/src/rp2_common/pico_stdio/stdio.c.obj
                0x10004ab0                stdio_set_driver_enabled
 .text.stdio_flush
                0x10004adc       0x20 CMakeFiles/read_controller_i2c.dir/C_/Users/ghand/Documents/Codes/Pico/Pico_SDK_1.5.1/pico-sdk/src/rp2_common/pico_stdio/stdio.c.obj
                0x10004adc                stdio_flush
 .text.__wrap_puts
                0x10004afc       0x1e CMakeFiles/read_controller_i2c.dir/C_/Users/ghand/Documents/Codes/Pico/Pico_SDK_1.5.1/pico-sdk/src/rp2_common/pico_stdio/stdio.c.obj
                0x10004afc                __wrap_puts
 *fill*         0x10004b1a        0x2 
 .text.__wrap_vprintf
                0x10004b1c       0x40 CMakeFiles/read_controller_i2c.dir/C_/Users/ghand/Documents/Codes/Pico/Pico_SDK_1.5.1/pico-sdk/src/rp2_common/pico_stdio/stdio.c.obj
                0x10004b1c                __wrap_vprintf
 .text.__wrap_printf
                0x10004b5c       0x18 CMakeFiles/read_controller_i2c.dir/C_/Users/ghand/Documents/Codes/Pico/Pico_SDK_1.5.1/pico-sdk/src/rp2_common/pico_stdio/stdio.c.obj
                0x10004b5c                __wrap_printf
 .text.stdio_init_all
                0x10004b74        0x8 CMakeFiles/read_controller_i2c.dir/C_/Users/ghand/Documents/Codes/Pico/Pico_SDK_1.5.1/pico-sdk/src/rp2_common/pico_stdio/stdio.c.obj
                0x10004b74                stdio_init_all
 .text.resetd_init
                0x10004b7c        0x2 CMakeFiles/read_controller_i2c.dir/C_/Users/ghand/Documents/Codes/Pico/Pico_SDK_1.5.1/pico-sdk/src/rp2_common/pico_stdio_usb/reset_interface.c.obj
 *fill*         0x10004b7e        0x2 
 .text.resetd_reset
                0x10004b80        0xc CMakeFiles/read_controller_i2c.dir/C_/Users/ghand/Documents/Codes/Pico/Pico_SDK_1.5.1/pico-sdk/src/rp2_common/pico_stdio_usb/reset_interface.c.obj
 .text.resetd_open
                0x10004b8c       0x34 CMakeFiles/read_controller_i2c.dir/C_/Users/ghand/Documents/Codes/Pico/Pico_SDK_1.5.1/pico-sdk/src/rp2_common/pico_stdio_usb/reset_interface.c.obj
 .text.resetd_xfer_cb
                0x10004bc0        0x4 CMakeFiles/read_controller_i2c.dir/C_/Users/ghand/Documents/Codes/Pico/Pico_SDK_1.5.1/pico-sdk/src/rp2_common/pico_stdio_usb/reset_interface.c.obj
 .text.reset_usb_boot
                0x10004bc4       0x18 CMakeFiles/read_controller_i2c.dir/C_/Users/ghand/Documents/Codes/Pico/Pico_SDK_1.5.1/pico-sdk/src/rp2_common/pico_stdio_usb/reset_interface.c.obj
 .text.resetd_control_xfer_cb
                0x10004bdc       0x5c CMakeFiles/read_controller_i2c.dir/C_/Users/ghand/Documents/Codes/Pico/Pico_SDK_1.5.1/pico-sdk/src/rp2_common/pico_stdio_usb/reset_interface.c.obj
 .text.usbd_app_driver_get_cb
                0x10004c38        0xc CMakeFiles/read_controller_i2c.dir/C_/Users/ghand/Documents/Codes/Pico/Pico_SDK_1.5.1/pico-sdk/src/rp2_common/pico_stdio_usb/reset_interface.c.obj
                0x10004c38                usbd_app_driver_get_cb
 .text.tud_cdc_line_coding_cb
                0x10004c44       0x28 CMakeFiles/read_controller_i2c.dir/C_/Users/ghand/Documents/Codes/Pico/Pico_SDK_1.5.1/pico-sdk/src/rp2_common/pico_stdio_usb/reset_interface.c.obj
                0x10004c44                tud_cdc_line_coding_cb
 .text.stdio_usb_set_chars_available_callback
                0x10004c6c       0x14 CMakeFiles/read_controller_i2c.dir/C_/Users/ghand/Documents/Codes/Pico/Pico_SDK_1.5.1/pico-sdk/src/rp2_common/pico_stdio_usb/stdio_usb.c.obj
                0x10004c6c                stdio_usb_set_chars_available_callback
 .text.usb_irq  0x10004c80       0x10 CMakeFiles/read_controller_i2c.dir/C_/Users/ghand/Documents/Codes/Pico/Pico_SDK_1.5.1/pico-sdk/src/rp2_common/pico_stdio_usb/stdio_usb.c.obj
 .text.timer_task
                0x10004c90       0x5c CMakeFiles/read_controller_i2c.dir/C_/Users/ghand/Documents/Codes/Pico/Pico_SDK_1.5.1/pico-sdk/src/rp2_common/pico_stdio_usb/stdio_usb.c.obj
 .text.low_priority_worker_irq
                0x10004cec       0xdc CMakeFiles/read_controller_i2c.dir/C_/Users/ghand/Documents/Codes/Pico/Pico_SDK_1.5.1/pico-sdk/src/rp2_common/pico_stdio_usb/stdio_usb.c.obj
 .text.tud_cdc_rx_cb
                0x10004dc8       0x20 CMakeFiles/read_controller_i2c.dir/C_/Users/ghand/Documents/Codes/Pico/Pico_SDK_1.5.1/pico-sdk/src/rp2_common/pico_stdio_usb/stdio_usb.c.obj
                0x10004dc8                tud_cdc_rx_cb
 .text.stdio_usb_init
                0x10004de8      0x11c CMakeFiles/read_controller_i2c.dir/C_/Users/ghand/Documents/Codes/Pico/Pico_SDK_1.5.1/pico-sdk/src/rp2_common/pico_stdio_usb/stdio_usb.c.obj
                0x10004de8                stdio_usb_init
 .text.stdio_usb_connected
                0x10004f04        0xa CMakeFiles/read_controller_i2c.dir/C_/Users/ghand/Documents/Codes/Pico/Pico_SDK_1.5.1/pico-sdk/src/rp2_common/pico_stdio_usb/stdio_usb.c.obj
                0x10004f04                stdio_usb_connected
 *fill*         0x10004f0e        0x2 
 .text.stdio_usb_in_chars
                0x10004f10       0xc4 CMakeFiles/read_controller_i2c.dir/C_/Users/ghand/Documents/Codes/Pico/Pico_SDK_1.5.1/pico-sdk/src/rp2_common/pico_stdio_usb/stdio_usb.c.obj
                0x10004f10                stdio_usb_in_chars
 .text.stdio_usb_out_chars
                0x10004fd4      0x114 CMakeFiles/read_controller_i2c.dir/C_/Users/ghand/Documents/Codes/Pico/Pico_SDK_1.5.1/pico-sdk/src/rp2_common/pico_stdio_usb/stdio_usb.c.obj
 .text.tud_descriptor_device_cb
                0x100050e8        0x8 CMakeFiles/read_controller_i2c.dir/C_/Users/ghand/Documents/Codes/Pico/Pico_SDK_1.5.1/pico-sdk/src/rp2_common/pico_stdio_usb/stdio_usb_descriptors.c.obj
                0x100050e8                tud_descriptor_device_cb
 .text.tud_descriptor_configuration_cb
                0x100050f0        0x8 CMakeFiles/read_controller_i2c.dir/C_/Users/ghand/Documents/Codes/Pico/Pico_SDK_1.5.1/pico-sdk/src/rp2_common/pico_stdio_usb/stdio_usb_descriptors.c.obj
                0x100050f0                tud_descriptor_configuration_cb
 .text.tud_descriptor_string_cb
                0x100050f8       0x6c CMakeFiles/read_controller_i2c.dir/C_/Users/ghand/Documents/Codes/Pico/Pico_SDK_1.5.1/pico-sdk/src/rp2_common/pico_stdio_usb/stdio_usb_descriptors.c.obj
                0x100050f8                tud_descriptor_string_cb
 .text._retrieve_unique_id_on_boot
                0x10005164       0x10 CMakeFiles/read_controller_i2c.dir/C_/Users/ghand/Documents/Codes/Pico/Pico_SDK_1.5.1/pico-sdk/src/rp2_common/pico_unique_id/unique_id.c.obj
 .text.pico_get_unique_board_id_string
                0x10005174       0x60 CMakeFiles/read_controller_i2c.dir/C_/Users/ghand/Documents/Codes/Pico/Pico_SDK_1.5.1/pico-sdk/src/rp2_common/pico_unique_id/unique_id.c.obj
                0x10005174                pico_get_unique_board_id_string
 .text.flash_get_unique_id
                0x100051d4       0x46 CMakeFiles/read_controller_i2c.dir/C_/Users/ghand/Documents/Codes/Pico/Pico_SDK_1.5.1/pico-sdk/src/rp2_common/hardware_flash/flash.c.obj
                0x100051d4                flash_get_unique_id
 *fill*         0x1000521a        0x2 
 .text.hw_endpoint_get_by_addr
                0x1000521c       0x18 CMakeFiles/read_controller_i2c.dir/C_/Users/ghand/Documents/Codes/Pico/Pico_SDK_1.5.1/pico-sdk/lib/tinyusb/src/portable/raspberrypi/rp2040/dcd_rp2040.c.obj
 .text._hw_endpoint_alloc
                0x10005234       0x70 CMakeFiles/read_controller_i2c.dir/C_/Users/ghand/Documents/Codes/Pico/Pico_SDK_1.5.1/pico-sdk/lib/tinyusb/src/portable/raspberrypi/rp2040/dcd_rp2040.c.obj
 .text.hw_endpoint_init
                0x100052a4       0x88 CMakeFiles/read_controller_i2c.dir/C_/Users/ghand/Documents/Codes/Pico/Pico_SDK_1.5.1/pico-sdk/lib/tinyusb/src/portable/raspberrypi/rp2040/dcd_rp2040.c.obj
 .text.hw_endpoint_xfer
                0x1000532c       0x14 CMakeFiles/read_controller_i2c.dir/C_/Users/ghand/Documents/Codes/Pico/Pico_SDK_1.5.1/pico-sdk/lib/tinyusb/src/portable/raspberrypi/rp2040/dcd_rp2040.c.obj
 .text.dcd_int_enable
                0x10005340       0x2c CMakeFiles/read_controller_i2c.dir/C_/Users/ghand/Documents/Codes/Pico/Pico_SDK_1.5.1/pico-sdk/lib/tinyusb/src/portable/raspberrypi/rp2040/dcd_rp2040.c.obj
                0x10005340                dcd_int_enable
 .text.dcd_set_address
                0x1000536c       0x2c CMakeFiles/read_controller_i2c.dir/C_/Users/ghand/Documents/Codes/Pico/Pico_SDK_1.5.1/pico-sdk/lib/tinyusb/src/portable/raspberrypi/rp2040/dcd_rp2040.c.obj
                0x1000536c                dcd_set_address
 .text.dcd_connect
                0x10005398       0x10 CMakeFiles/read_controller_i2c.dir/C_/Users/ghand/Documents/Codes/Pico/Pico_SDK_1.5.1/pico-sdk/lib/tinyusb/src/portable/raspberrypi/rp2040/dcd_rp2040.c.obj
                0x10005398                dcd_connect
 .text.dcd_init
                0x100053a8       0x80 CMakeFiles/read_controller_i2c.dir/C_/Users/ghand/Documents/Codes/Pico/Pico_SDK_1.5.1/pico-sdk/lib/tinyusb/src/portable/raspberrypi/rp2040/dcd_rp2040.c.obj
                0x100053a8                dcd_init
 .text.dcd_edpt0_status_complete
                0x10005428       0x1c CMakeFiles/read_controller_i2c.dir/C_/Users/ghand/Documents/Codes/Pico/Pico_SDK_1.5.1/pico-sdk/lib/tinyusb/src/portable/raspberrypi/rp2040/dcd_rp2040.c.obj
                0x10005428                dcd_edpt0_status_complete
 .text.dcd_edpt_open
                0x10005444       0x40 CMakeFiles/read_controller_i2c.dir/C_/Users/ghand/Documents/Codes/Pico/Pico_SDK_1.5.1/pico-sdk/lib/tinyusb/src/portable/raspberrypi/rp2040/dcd_rp2040.c.obj
                0x10005444                dcd_edpt_open
 .text.dcd_edpt_close_all
                0x10005484        0x8 CMakeFiles/read_controller_i2c.dir/C_/Users/ghand/Documents/Codes/Pico/Pico_SDK_1.5.1/pico-sdk/lib/tinyusb/src/portable/raspberrypi/rp2040/dcd_rp2040.c.obj
                0x10005484                dcd_edpt_close_all
 .text.dcd_edpt_xfer
                0x1000548c       0x34 CMakeFiles/read_controller_i2c.dir/C_/Users/ghand/Documents/Codes/Pico/Pico_SDK_1.5.1/pico-sdk/lib/tinyusb/src/portable/raspberrypi/rp2040/dcd_rp2040.c.obj
                0x1000548c                dcd_edpt_xfer
 .text.dcd_edpt_stall
                0x100054c0       0x2c CMakeFiles/read_controller_i2c.dir/C_/Users/ghand/Documents/Codes/Pico/Pico_SDK_1.5.1/pico-sdk/lib/tinyusb/src/portable/raspberrypi/rp2040/dcd_rp2040.c.obj
                0x100054c0                dcd_edpt_stall
 .text.dcd_edpt_clear_stall
                0x100054ec       0x20 CMakeFiles/read_controller_i2c.dir/C_/Users/ghand/Documents/Codes/Pico/Pico_SDK_1.5.1/pico-sdk/lib/tinyusb/src/portable/raspberrypi/rp2040/dcd_rp2040.c.obj
                0x100054ec                dcd_edpt_clear_stall
 .text.rp2040_usb_init
                0x1000550c       0x4c CMakeFiles/read_controller_i2c.dir/C_/Users/ghand/Documents/Codes/Pico/Pico_SDK_1.5.1/pico-sdk/lib/tinyusb/src/portable/raspberrypi/rp2040/rp2040_usb.c.obj
                0x1000550c                rp2040_usb_init
 .text.hw_endpoint_xfer_start
                0x10005558       0x50 CMakeFiles/read_controller_i2c.dir/C_/Users/ghand/Documents/Codes/Pico/Pico_SDK_1.5.1/pico-sdk/lib/tinyusb/src/portable/raspberrypi/rp2040/rp2040_usb.c.obj
                0x10005558                hw_endpoint_xfer_start
 .text.configuration_reset
                0x100055a8       0x84 CMakeFiles/read_controller_i2c.dir/C_/Users/ghand/Documents/Codes/Pico/Pico_SDK_1.5.1/pico-sdk/lib/tinyusb/src/device/usbd.c.obj
 .text.usbd_reset
                0x1000562c        0xc CMakeFiles/read_controller_i2c.dir/C_/Users/ghand/Documents/Codes/Pico/Pico_SDK_1.5.1/pico-sdk/lib/tinyusb/src/device/usbd.c.obj
 .text.invoke_class_control
                0x10005638       0x1a CMakeFiles/read_controller_i2c.dir/C_/Users/ghand/Documents/Codes/Pico/Pico_SDK_1.5.1/pico-sdk/lib/tinyusb/src/device/usbd.c.obj
 *fill*         0x10005652        0x2 
 .text.process_set_config
                0x10005654      0x178 CMakeFiles/read_controller_i2c.dir/C_/Users/ghand/Documents/Codes/Pico/Pico_SDK_1.5.1/pico-sdk/lib/tinyusb/src/device/usbd.c.obj
 .text.process_get_descriptor
                0x100057cc       0xdc CMakeFiles/read_controller_i2c.dir/C_/Users/ghand/Documents/Codes/Pico/Pico_SDK_1.5.1/pico-sdk/lib/tinyusb/src/device/usbd.c.obj
 .text.tud_mounted
                0x100058a8       0x10 CMakeFiles/read_controller_i2c.dir/C_/Users/ghand/Documents/Codes/Pico/Pico_SDK_1.5.1/pico-sdk/lib/tinyusb/src/device/usbd.c.obj
                0x100058a8                tud_mounted
 .text.tud_suspended
                0x100058b8       0x10 CMakeFiles/read_controller_i2c.dir/C_/Users/ghand/Documents/Codes/Pico/Pico_SDK_1.5.1/pico-sdk/lib/tinyusb/src/device/usbd.c.obj
                0x100058b8                tud_suspended
 .text.tud_inited
                0x100058c8       0x14 CMakeFiles/read_controller_i2c.dir/C_/Users/ghand/Documents/Codes/Pico/Pico_SDK_1.5.1/pico-sdk/lib/tinyusb/src/device/usbd.c.obj
                0x100058c8                tud_inited
 .text.tud_init
                0x100058dc       0xcc CMakeFiles/read_controller_i2c.dir/C_/Users/ghand/Documents/Codes/Pico/Pico_SDK_1.5.1/pico-sdk/lib/tinyusb/src/device/usbd.c.obj
                0x100058dc                tud_init
 .text.usbd_defer_func
                0x100059a8       0x2a CMakeFiles/read_controller_i2c.dir/C_/Users/ghand/Documents/Codes/Pico/Pico_SDK_1.5.1/pico-sdk/lib/tinyusb/src/device/usbd.c.obj
                0x100059a8                usbd_defer_func
 *fill*         0x100059d2        0x2 
 .text.usbd_edpt_open
                0x100059d4       0x34 CMakeFiles/read_controller_i2c.dir/C_/Users/ghand/Documents/Codes/Pico/Pico_SDK_1.5.1/pico-sdk/lib/tinyusb/src/device/usbd.c.obj
                0x100059d4                usbd_edpt_open
 .text.usbd_open_edpt_pair
                0x10005a08       0x62 CMakeFiles/read_controller_i2c.dir/C_/Users/ghand/Documents/Codes/Pico/Pico_SDK_1.5.1/pico-sdk/lib/tinyusb/src/device/usbd.c.obj
                0x10005a08                usbd_open_edpt_pair
 *fill*         0x10005a6a        0x2 
 .text.usbd_edpt_claim
                0x10005a6c       0x28 CMakeFiles/read_controller_i2c.dir/C_/Users/ghand/Documents/Codes/Pico/Pico_SDK_1.5.1/pico-sdk/lib/tinyusb/src/device/usbd.c.obj
                0x10005a6c                usbd_edpt_claim
 .text.usbd_edpt_release
                0x10005a94       0x28 CMakeFiles/read_controller_i2c.dir/C_/Users/ghand/Documents/Codes/Pico/Pico_SDK_1.5.1/pico-sdk/lib/tinyusb/src/device/usbd.c.obj
                0x10005a94                usbd_edpt_release
 .text.usbd_edpt_xfer
                0x10005abc       0x78 CMakeFiles/read_controller_i2c.dir/C_/Users/ghand/Documents/Codes/Pico/Pico_SDK_1.5.1/pico-sdk/lib/tinyusb/src/device/usbd.c.obj
                0x10005abc                usbd_edpt_xfer
 .text.usbd_edpt_stall
                0x10005b34       0x48 CMakeFiles/read_controller_i2c.dir/C_/Users/ghand/Documents/Codes/Pico/Pico_SDK_1.5.1/pico-sdk/lib/tinyusb/src/device/usbd.c.obj
                0x10005b34                usbd_edpt_stall
 .text.usbd_edpt_clear_stall
                0x10005b7c       0x48 CMakeFiles/read_controller_i2c.dir/C_/Users/ghand/Documents/Codes/Pico/Pico_SDK_1.5.1/pico-sdk/lib/tinyusb/src/device/usbd.c.obj
                0x10005b7c                usbd_edpt_clear_stall
 .text.usbd_edpt_stalled
                0x10005bc4       0x1c CMakeFiles/read_controller_i2c.dir/C_/Users/ghand/Documents/Codes/Pico/Pico_SDK_1.5.1/pico-sdk/lib/tinyusb/src/device/usbd.c.obj
                0x10005bc4                usbd_edpt_stalled
 .text.process_control_request
                0x10005be0      0x37c CMakeFiles/read_controller_i2c.dir/C_/Users/ghand/Documents/Codes/Pico/Pico_SDK_1.5.1/pico-sdk/lib/tinyusb/src/device/usbd.c.obj
 .text.tud_task_ext
                0x10005f5c      0x1b8 CMakeFiles/read_controller_i2c.dir/C_/Users/ghand/Documents/Codes/Pico/Pico_SDK_1.5.1/pico-sdk/lib/tinyusb/src/device/usbd.c.obj
                0x10005f5c                tud_task_ext
 .text._data_stage_xact
                0x10006114       0x58 CMakeFiles/read_controller_i2c.dir/C_/Users/ghand/Documents/Codes/Pico/Pico_SDK_1.5.1/pico-sdk/lib/tinyusb/src/device/usbd_control.c.obj
 .text.tud_control_status
                0x1000616c       0x38 CMakeFiles/read_controller_i2c.dir/C_/Users/ghand/Documents/Codes/Pico/Pico_SDK_1.5.1/pico-sdk/lib/tinyusb/src/device/usbd_control.c.obj
                0x1000616c                tud_control_status
 .text.tud_control_xfer
                0x100061a4       0x74 CMakeFiles/read_controller_i2c.dir/C_/Users/ghand/Documents/Codes/Pico/Pico_SDK_1.5.1/pico-sdk/lib/tinyusb/src/device/usbd_control.c.obj
                0x100061a4                tud_control_xfer
 .text.usbd_control_reset
                0x10006218       0x14 CMakeFiles/read_controller_i2c.dir/C_/Users/ghand/Documents/Codes/Pico/Pico_SDK_1.5.1/pico-sdk/lib/tinyusb/src/device/usbd_control.c.obj
                0x10006218                usbd_control_reset
 .text.usbd_control_set_complete_callback
                0x1000622c        0xc CMakeFiles/read_controller_i2c.dir/C_/Users/ghand/Documents/Codes/Pico/Pico_SDK_1.5.1/pico-sdk/lib/tinyusb/src/device/usbd_control.c.obj
                0x1000622c                usbd_control_set_complete_callback
 .text.usbd_control_set_request
                0x10006238       0x1c CMakeFiles/read_controller_i2c.dir/C_/Users/ghand/Documents/Codes/Pico/Pico_SDK_1.5.1/pico-sdk/lib/tinyusb/src/device/usbd_control.c.obj
                0x10006238                usbd_control_set_request
 .text.usbd_control_xfer_cb
                0x10006254       0xcc CMakeFiles/read_controller_i2c.dir/C_/Users/ghand/Documents/Codes/Pico/Pico_SDK_1.5.1/pico-sdk/lib/tinyusb/src/device/usbd_control.c.obj
                0x10006254                usbd_control_xfer_cb
 .text._prep_out_transaction
                0x10006320       0x4a CMakeFiles/read_controller_i2c.dir/C_/Users/ghand/Documents/Codes/Pico/Pico_SDK_1.5.1/pico-sdk/lib/tinyusb/src/class/cdc/cdc_device.c.obj
 *fill*         0x1000636a        0x2 
 .text.tud_cdc_n_connected
                0x1000636c       0x44 CMakeFiles/read_controller_i2c.dir/C_/Users/ghand/Documents/Codes/Pico/Pico_SDK_1.5.1/pico-sdk/lib/tinyusb/src/class/cdc/cdc_device.c.obj
                0x1000636c                tud_cdc_n_connected
 .text.tud_cdc_n_available
                0x100063b0       0x18 CMakeFiles/read_controller_i2c.dir/C_/Users/ghand/Documents/Codes/Pico/Pico_SDK_1.5.1/pico-sdk/lib/tinyusb/src/class/cdc/cdc_device.c.obj
                0x100063b0                tud_cdc_n_available
 .text.tud_cdc_n_read
                0x100063c8       0x28 CMakeFiles/read_controller_i2c.dir/C_/Users/ghand/Documents/Codes/Pico/Pico_SDK_1.5.1/pico-sdk/lib/tinyusb/src/class/cdc/cdc_device.c.obj
                0x100063c8                tud_cdc_n_read
 .text.tud_cdc_n_write_flush
                0x100063f0       0xb8 CMakeFiles/read_controller_i2c.dir/C_/Users/ghand/Documents/Codes/Pico/Pico_SDK_1.5.1/pico-sdk/lib/tinyusb/src/class/cdc/cdc_device.c.obj
                0x100063f0                tud_cdc_n_write_flush
 .text.tud_cdc_n_write
                0x100064a8       0x38 CMakeFiles/read_controller_i2c.dir/C_/Users/ghand/Documents/Codes/Pico/Pico_SDK_1.5.1/pico-sdk/lib/tinyusb/src/class/cdc/cdc_device.c.obj
                0x100064a8                tud_cdc_n_write
 .text.tud_cdc_n_write_available
                0x100064e0       0x1c CMakeFiles/read_controller_i2c.dir/C_/Users/ghand/Documents/Codes/Pico/Pico_SDK_1.5.1/pico-sdk/lib/tinyusb/src/class/cdc/cdc_device.c.obj
                0x100064e0                tud_cdc_n_write_available
 .text.cdcd_init
                0x100064fc       0xbc CMakeFiles/read_controller_i2c.dir/C_/Users/ghand/Documents/Codes/Pico/Pico_SDK_1.5.1/pico-sdk/lib/tinyusb/src/class/cdc/cdc_device.c.obj
                0x100064fc                cdcd_init
 .text.cdcd_reset
                0x100065b8       0x44 CMakeFiles/read_controller_i2c.dir/C_/Users/ghand/Documents/Codes/Pico/Pico_SDK_1.5.1/pico-sdk/lib/tinyusb/src/class/cdc/cdc_device.c.obj
                0x100065b8                cdcd_reset
 .text.cdcd_open
                0x100065fc       0xcc CMakeFiles/read_controller_i2c.dir/C_/Users/ghand/Documents/Codes/Pico/Pico_SDK_1.5.1/pico-sdk/lib/tinyusb/src/class/cdc/cdc_device.c.obj
                0x100065fc                cdcd_open
 .text.cdcd_control_xfer_cb
                0x100066c8      0x134 CMakeFiles/read_controller_i2c.dir/C_/Users/ghand/Documents/Codes/Pico/Pico_SDK_1.5.1/pico-sdk/lib/tinyusb/src/class/cdc/cdc_device.c.obj
                0x100066c8                cdcd_control_xfer_cb
 .text.cdcd_xfer_cb
                0x100067fc      0x130 CMakeFiles/read_controller_i2c.dir/C_/Users/ghand/Documents/Codes/Pico/Pico_SDK_1.5.1/pico-sdk/lib/tinyusb/src/class/cdc/cdc_device.c.obj
                0x100067fc                cdcd_xfer_cb
 .text.tusb_init
                0x1000692c        0xa CMakeFiles/read_controller_i2c.dir/C_/Users/ghand/Documents/Codes/Pico/Pico_SDK_1.5.1/pico-sdk/lib/tinyusb/src/tusb.c.obj
                0x1000692c                tusb_init
 .text.tusb_inited
                0x10006936        0xe CMakeFiles/read_controller_i2c.dir/C_/Users/ghand/Documents/Codes/Pico/Pico_SDK_1.5.1/pico-sdk/lib/tinyusb/src/tusb.c.obj
                0x10006936                tusb_inited
 .text.tu_edpt_claim
                0x10006944       0x50 CMakeFiles/read_controller_i2c.dir/C_/Users/ghand/Documents/Codes/Pico/Pico_SDK_1.5.1/pico-sdk/lib/tinyusb/src/tusb.c.obj
                0x10006944                tu_edpt_claim
 .text.tu_edpt_release
                0x10006994       0x3c CMakeFiles/read_controller_i2c.dir/C_/Users/ghand/Documents/Codes/Pico/Pico_SDK_1.5.1/pico-sdk/lib/tinyusb/src/tusb.c.obj
                0x10006994                tu_edpt_release
 .text.tu_edpt_validate
                0x100069d0       0x78 CMakeFiles/read_controller_i2c.dir/C_/Users/ghand/Documents/Codes/Pico/Pico_SDK_1.5.1/pico-sdk/lib/tinyusb/src/tusb.c.obj
                0x100069d0                tu_edpt_validate
 .text.tu_edpt_bind_driver
                0x10006a48       0x26 CMakeFiles/read_controller_i2c.dir/C_/Users/ghand/Documents/Codes/Pico/Pico_SDK_1.5.1/pico-sdk/lib/tinyusb/src/tusb.c.obj
                0x10006a48                tu_edpt_bind_driver
 .text.advance_index
                0x10006a6e       0x1a CMakeFiles/read_controller_i2c.dir/C_/Users/ghand/Documents/Codes/Pico/Pico_SDK_1.5.1/pico-sdk/lib/tinyusb/src/common/tusb_fifo.c.obj
 .text._tu_fifo_peek
                0x10006a88       0x56 CMakeFiles/read_controller_i2c.dir/C_/Users/ghand/Documents/Codes/Pico/Pico_SDK_1.5.1/pico-sdk/lib/tinyusb/src/common/tusb_fifo.c.obj
 .text._ff_pull_const_addr
                0x10006ade       0x4c CMakeFiles/read_controller_i2c.dir/C_/Users/ghand/Documents/Codes/Pico/Pico_SDK_1.5.1/pico-sdk/lib/tinyusb/src/common/tusb_fifo.c.obj
 .text._ff_pull_n
                0x10006b2a      0x110 CMakeFiles/read_controller_i2c.dir/C_/Users/ghand/Documents/Codes/Pico/Pico_SDK_1.5.1/pico-sdk/lib/tinyusb/src/common/tusb_fifo.c.obj
 .text._tu_fifo_peek_n
                0x10006c3a       0x6a CMakeFiles/read_controller_i2c.dir/C_/Users/ghand/Documents/Codes/Pico/Pico_SDK_1.5.1/pico-sdk/lib/tinyusb/src/common/tusb_fifo.c.obj
 .text._tu_fifo_read_n
                0x10006ca4       0x4e CMakeFiles/read_controller_i2c.dir/C_/Users/ghand/Documents/Codes/Pico/Pico_SDK_1.5.1/pico-sdk/lib/tinyusb/src/common/tusb_fifo.c.obj
 .text._ff_push_const_addr
                0x10006cf2       0x40 CMakeFiles/read_controller_i2c.dir/C_/Users/ghand/Documents/Codes/Pico/Pico_SDK_1.5.1/pico-sdk/lib/tinyusb/src/common/tusb_fifo.c.obj
 .text._ff_push_n
                0x10006d32      0x10c CMakeFiles/read_controller_i2c.dir/C_/Users/ghand/Documents/Codes/Pico/Pico_SDK_1.5.1/pico-sdk/lib/tinyusb/src/common/tusb_fifo.c.obj
 .text._tu_fifo_write_n
                0x10006e3e       0xf0 CMakeFiles/read_controller_i2c.dir/C_/Users/ghand/Documents/Codes/Pico/Pico_SDK_1.5.1/pico-sdk/lib/tinyusb/src/common/tusb_fifo.c.obj
 .text.tu_fifo_config
                0x10006f2e       0x7c CMakeFiles/read_controller_i2c.dir/C_/Users/ghand/Documents/Codes/Pico/Pico_SDK_1.5.1/pico-sdk/lib/tinyusb/src/common/tusb_fifo.c.obj
                0x10006f2e                tu_fifo_config
 .text.tu_fifo_count
                0x10006faa       0x2a CMakeFiles/read_controller_i2c.dir/C_/Users/ghand/Documents/Codes/Pico/Pico_SDK_1.5.1/pico-sdk/lib/tinyusb/src/common/tusb_fifo.c.obj
                0x10006faa                tu_fifo_count
 .text.tu_fifo_empty
                0x10006fd4       0x10 CMakeFiles/read_controller_i2c.dir/C_/Users/ghand/Documents/Codes/Pico/Pico_SDK_1.5.1/pico-sdk/lib/tinyusb/src/common/tusb_fifo.c.obj
                0x10006fd4                tu_fifo_empty
 .text.tu_fifo_full
                0x10006fe4       0x28 CMakeFiles/read_controller_i2c.dir/C_/Users/ghand/Documents/Codes/Pico/Pico_SDK_1.5.1/pico-sdk/lib/tinyusb/src/common/tusb_fifo.c.obj
                0x10006fe4                tu_fifo_full
 .text.tu_fifo_remaining
                0x1000700c       0x2c CMakeFiles/read_controller_i2c.dir/C_/Users/ghand/Documents/Codes/Pico/Pico_SDK_1.5.1/pico-sdk/lib/tinyusb/src/common/tusb_fifo.c.obj
                0x1000700c                tu_fifo_remaining
 .text.tu_fifo_read
                0x10007038       0x42 CMakeFiles/read_controller_i2c.dir/C_/Users/ghand/Documents/Codes/Pico/Pico_SDK_1.5.1/pico-sdk/lib/tinyusb/src/common/tusb_fifo.c.obj
                0x10007038                tu_fifo_read
 .text.tu_fifo_read_n
                0x1000707a        0xa CMakeFiles/read_controller_i2c.dir/C_/Users/ghand/Documents/Codes/Pico/Pico_SDK_1.5.1/pico-sdk/lib/tinyusb/src/common/tusb_fifo.c.obj
                0x1000707a                tu_fifo_read_n
 .text.tu_fifo_write
                0x10007084       0x64 CMakeFiles/read_controller_i2c.dir/C_/Users/ghand/Documents/Codes/Pico/Pico_SDK_1.5.1/pico-sdk/lib/tinyusb/src/common/tusb_fifo.c.obj
                0x10007084                tu_fifo_write
 .text.tu_fifo_write_n
                0x100070e8        0xa CMakeFiles/read_controller_i2c.dir/C_/Users/ghand/Documents/Codes/Pico/Pico_SDK_1.5.1/pico-sdk/lib/tinyusb/src/common/tusb_fifo.c.obj
                0x100070e8                tu_fifo_write_n
 .text.tu_fifo_clear
                0x100070f2       0x3e CMakeFiles/read_controller_i2c.dir/C_/Users/ghand/Documents/Codes/Pico/Pico_SDK_1.5.1/pico-sdk/lib/tinyusb/src/common/tusb_fifo.c.obj
                0x100070f2                tu_fifo_clear
 .text.tu_fifo_set_overwritable
                0x10007130       0x46 CMakeFiles/read_controller_i2c.dir/C_/Users/ghand/Documents/Codes/Pico/Pico_SDK_1.5.1/pico-sdk/lib/tinyusb/src/common/tusb_fifo.c.obj
                0x10007130                tu_fifo_set_overwritable
 .text.i2c_write_blocking_internal
                0x10007176      0x140 CMakeFiles/read_controller_i2c.dir/C_/Users/ghand/Documents/Codes/Pico/Pico_SDK_1.5.1/pico-sdk/src/rp2_common/hardware_i2c/i2c.c.obj
 .text.i2c_read_blocking_internal
                0x100072b6       0xe6 CMakeFiles/read_controller_i2c.dir/C_/Users/ghand/Documents/Codes/Pico/Pico_SDK_1.5.1/pico-sdk/src/rp2_common/hardware_i2c/i2c.c.obj
 .text.i2c_set_baudrate
                0x1000739c       0xf0 CMakeFiles/read_controller_i2c.dir/C_/Users/ghand/Documents/Codes/Pico/Pico_SDK_1.5.1/pico-sdk/src/rp2_common/hardware_i2c/i2c.c.obj
                0x1000739c                i2c_set_baudrate
 .text.i2c_init
                0x1000748c       0x58 CMakeFiles/read_controller_i2c.dir/C_/Users/ghand/Documents/Codes/Pico/Pico_SDK_1.5.1/pico-sdk/src/rp2_common/hardware_i2c/i2c.c.obj
                0x1000748c                i2c_init
 .text.i2c_write_blocking
                0x100074e4       0x18 CMakeFiles/read_controller_i2c.dir/C_/Users/ghand/Documents/Codes/Pico/Pico_SDK_1.5.1/pico-sdk/src/rp2_common/hardware_i2c/i2c.c.obj
                0x100074e4                i2c_write_blocking
 .text.i2c_read_blocking
                0x100074fc       0x18 CMakeFiles/read_controller_i2c.dir/C_/Users/ghand/Documents/Codes/Pico/Pico_SDK_1.5.1/pico-sdk/src/rp2_common/hardware_i2c/i2c.c.obj
                0x100074fc                i2c_read_blocking
 .text.strlen   0x10007514       0x5c c:/users/ghand/documents/codes/pico/pico_sdk_1.5.1/gcc-arm-none-eabi/bin/../lib/gcc/arm-none-eabi/10.3.1/../../../../arm-none-eabi/lib/thumb/v6-m/nofp\libg.a(lib_a-strlen-stub.o)
                0x10007514                strlen
 *(.fini)
 .fini          0x10007570        0x4 c:/users/ghand/documents/codes/pico/pico_sdk_1.5.1/gcc-arm-none-eabi/bin/../lib/gcc/arm-none-eabi/10.3.1/thumb/v6-m/nofp/crti.o
                0x10007570                _fini
 *fill*         0x10007574        0x4 
 .fini.__stub   0x10007578       0xe0 linker stubs
 *crtbegin.o(.ctors)
 *crtbegin?.o(.ctors)
 *(EXCLUDE_FILE(*crtend.o *crtend?.o) .ctors)
 *(SORT_BY_NAME(.ctors.*))
 *(.ctors)
 *crtbegin.o(.dtors)
 *crtbegin?.o(.dtors)
 *(EXCLUDE_FILE(*crtend.o *crtend?.o) .dtors)
 *(SORT_BY_NAME(.dtors.*))
 *(.dtors)
 *(.eh_frame*)
 .eh_frame      0x10007658        0x0 c:/users/ghand/documents/codes/pico/pico_sdk_1.5.1/gcc-arm-none-eabi/bin/../lib/gcc/arm-none-eabi/10.3.1/thumb/v6-m/nofp/crtbegin.o
                0x10007658                . = ALIGN (0x4)

.glue_7         0x10007658        0x0
 .glue_7        0x10007658        0x0 linker stubs

.glue_7t        0x10007658        0x0
 .glue_7t       0x10007658        0x0 linker stubs

.vfp11_veneer   0x10007658        0x0
 .vfp11_veneer  0x10007658        0x0 linker stubs

.v4_bx          0x10007658        0x0
 .v4_bx         0x10007658        0x0 linker stubs

.iplt           0x10007658        0x0
 .iplt          0x10007658        0x0 c:/users/ghand/documents/codes/pico/pico_sdk_1.5.1/gcc-arm-none-eabi/bin/../lib/gcc/arm-none-eabi/10.3.1/thumb/v6-m/nofp/crtbegin.o

.rodata         0x10007658     0x1a1c
 *(EXCLUDE_FILE(*libm.a: *libc.a:*lib_a-mem*.o *libgcc.a:) .rodata*)
 .rodata.i2c_reg_write.str1.4
                0x10007658       0x4e CMakeFiles/read_controller_i2c.dir/main.c.obj
 *fill*         0x100076a6        0x2 
 .rodata.i2c_reg_read.str1.4
                0x100076a8       0x36 CMakeFiles/read_controller_i2c.dir/main.c.obj
 *fill*         0x100076de        0x2 
 .rodata.controller_init.str1.4
                0x100076e0       0x61 CMakeFiles/read_controller_i2c.dir/main.c.obj
 *fill*         0x10007741        0x3 
 .rodata.update_buttons.str1.4
                0x10007744       0x2c CMakeFiles/read_controller_i2c.dir/main.c.obj
 .rodata.print_debug.str1.4
                0x10007770       0xb4 CMakeFiles/read_controller_i2c.dir/main.c.obj
 .rodata.main.str1.4
                0x10007824       0x25 CMakeFiles/read_controller_i2c.dir/main.c.obj
 .rodata.INIT_ADDR_0
                0x10007849        0x1 CMakeFiles/read_controller_i2c.dir/main.c.obj
 .rodata.INIT_ADDR_1
                0x1000784a        0x1 CMakeFiles/read_controller_i2c.dir/main.c.obj
 .rodata.REGISTER_READ_ADDR
                0x1000784b        0x1 CMakeFiles/read_controller_i2c.dir/main.c.obj
 .rodata.REGISTER_WRITE_ADDR
                0x1000784c        0x1 CMakeFiles/read_controller_i2c.dir/main.c.obj
 *fill*         0x1000784d        0x3 
 .rodata.spin_lock_claim_unused.str1.4
                0x10007850       0x1b CMakeFiles/read_controller_i2c.dir/C_/Users/ghand/Documents/Codes/Pico/Pico_SDK_1.5.1/pico-sdk/src/rp2_common/hardware_sync/sync.c.obj
 *fill*         0x1000786b        0x1 
 .rodata.make_branch.str1.4
                0x1000786c       0x8e CMakeFiles/read_controller_i2c.dir/C_/Users/ghand/Documents/Codes/Pico/Pico_SDK_1.5.1/pico-sdk/src/rp2_common/hardware_irq/irq.c.obj
 *fill*         0x100078fa        0x2 
 .rodata.insert_branch_and_link.str1.4
                0x100078fc       0x10 CMakeFiles/read_controller_i2c.dir/C_/Users/ghand/Documents/Codes/Pico/Pico_SDK_1.5.1/pico-sdk/src/rp2_common/hardware_irq/irq.c.obj
 .rodata.irq_set_exclusive_handler.str1.4
                0x1000790c       0x36 CMakeFiles/read_controller_i2c.dir/C_/Users/ghand/Documents/Codes/Pico/Pico_SDK_1.5.1/pico-sdk/src/rp2_common/hardware_irq/irq.c.obj
 *fill*         0x10007942        0x2 
 .rodata.irq_add_shared_handler.str1.4
                0x10007944       0xd9 CMakeFiles/read_controller_i2c.dir/C_/Users/ghand/Documents/Codes/Pico/Pico_SDK_1.5.1/pico-sdk/src/rp2_common/hardware_irq/irq.c.obj
 *fill*         0x10007a1d        0x3 
 .rodata.irq_remove_handler.str1.4
                0x10007a20       0x3a CMakeFiles/read_controller_i2c.dir/C_/Users/ghand/Documents/Codes/Pico/Pico_SDK_1.5.1/pico-sdk/src/rp2_common/hardware_irq/irq.c.obj
 *fill*         0x10007a5a        0x2 
 .rodata.irq_add_tail_to_free_list.str1.4
                0x10007a5c       0x3a CMakeFiles/read_controller_i2c.dir/C_/Users/ghand/Documents/Codes/Pico/Pico_SDK_1.5.1/pico-sdk/src/rp2_common/hardware_irq/irq.c.obj
 *fill*         0x10007a96        0x2 
 .rodata.user_irq_claim_unused.str1.4
                0x10007a98       0x1b CMakeFiles/read_controller_i2c.dir/C_/Users/ghand/Documents/Codes/Pico/Pico_SDK_1.5.1/pico-sdk/src/rp2_common/hardware_irq/irq.c.obj
 *fill*         0x10007ab3        0x1 
 .rodata.__func__.0
                0x10007ab4       0x1a CMakeFiles/read_controller_i2c.dir/C_/Users/ghand/Documents/Codes/Pico/Pico_SDK_1.5.1/pico-sdk/src/rp2_common/hardware_irq/irq.c.obj
 *fill*         0x10007ace        0x2 
 .rodata.__func__.1
                0x10007ad0       0x17 CMakeFiles/read_controller_i2c.dir/C_/Users/ghand/Documents/Codes/Pico/Pico_SDK_1.5.1/pico-sdk/src/rp2_common/hardware_irq/irq.c.obj
 *fill*         0x10007ae7        0x1 
 .rodata.__func__.2
                0x10007ae8       0x13 CMakeFiles/read_controller_i2c.dir/C_/Users/ghand/Documents/Codes/Pico/Pico_SDK_1.5.1/pico-sdk/src/rp2_common/hardware_irq/irq.c.obj
 *fill*         0x10007afb        0x1 
 .rodata.__func__.3
                0x10007afc        0xc CMakeFiles/read_controller_i2c.dir/C_/Users/ghand/Documents/Codes/Pico/Pico_SDK_1.5.1/pico-sdk/src/rp2_common/hardware_irq/irq.c.obj
 .rodata.__func__.4
                0x10007b08        0xf CMakeFiles/read_controller_i2c.dir/C_/Users/ghand/Documents/Codes/Pico/Pico_SDK_1.5.1/pico-sdk/src/rp2_common/hardware_irq/irq.c.obj
 *fill*         0x10007b17        0x1 
 .rodata.__func__.5
                0x10007b18       0x17 CMakeFiles/read_controller_i2c.dir/C_/Users/ghand/Documents/Codes/Pico/Pico_SDK_1.5.1/pico-sdk/src/rp2_common/hardware_irq/irq.c.obj
 *fill*         0x10007b2f        0x1 
 .rodata.__func__.6
                0x10007b30       0x1a CMakeFiles/read_controller_i2c.dir/C_/Users/ghand/Documents/Codes/Pico/Pico_SDK_1.5.1/pico-sdk/src/rp2_common/hardware_irq/irq.c.obj
 *fill*         0x10007b4a        0x2 
 .rodata.str1.4
                0x10007b4c      0x131 CMakeFiles/read_controller_i2c.dir/C_/Users/ghand/Documents/Codes/Pico/Pico_SDK_1.5.1/pico-sdk/src/common/pico_sync/mutex.c.obj
 *fill*         0x10007c7d        0x3 
 .rodata.__func__.1
                0x10007c80        0xb CMakeFiles/read_controller_i2c.dir/C_/Users/ghand/Documents/Codes/Pico/Pico_SDK_1.5.1/pico-sdk/src/common/pico_sync/mutex.c.obj
 *fill*         0x10007c8b        0x1 
 .rodata.__func__.3
                0x10007c8c       0x18 CMakeFiles/read_controller_i2c.dir/C_/Users/ghand/Documents/Codes/Pico/Pico_SDK_1.5.1/pico-sdk/src/common/pico_sync/mutex.c.obj
 .rodata.__func__.4
                0x10007ca4       0x15 CMakeFiles/read_controller_i2c.dir/C_/Users/ghand/Documents/Codes/Pico/Pico_SDK_1.5.1/pico-sdk/src/common/pico_sync/mutex.c.obj
 *fill*         0x10007cb9        0x3 
 .rodata.repeating_timer_callback.str1.4
                0x10007cbc       0x6c CMakeFiles/read_controller_i2c.dir/C_/Users/ghand/Documents/Codes/Pico/Pico_SDK_1.5.1/pico-sdk/src/common/pico_time/time.c.obj
 .rodata.timer_pool_entry_comparator.str1.4
                0x10007d28       0x22 CMakeFiles/read_controller_i2c.dir/C_/Users/ghand/Documents/Codes/Pico/Pico_SDK_1.5.1/pico-sdk/src/common/pico_time/time.c.obj
 *fill*         0x10007d4a        0x2 
 .rodata.ph_add_child_node.str1.4
                0x10007d4c       0xb6 CMakeFiles/read_controller_i2c.dir/C_/Users/ghand/Documents/Codes/Pico/Pico_SDK_1.5.1/pico-sdk/src/common/pico_time/time.c.obj
 *fill*         0x10007e02        0x2 
 .rodata.add_alarm_under_lock.str1.4
                0x10007e04       0x28 CMakeFiles/read_controller_i2c.dir/C_/Users/ghand/Documents/Codes/Pico/Pico_SDK_1.5.1/pico-sdk/src/common/pico_time/time.c.obj
                                 0x2b (size before relaxing)
 .rodata.alarm_pool_alarm_callback.str1.4
                0x10007e2c       0x98 CMakeFiles/read_controller_i2c.dir/C_/Users/ghand/Documents/Codes/Pico/Pico_SDK_1.5.1/pico-sdk/src/common/pico_time/time.c.obj
                                0x11c (size before relaxing)
 .rodata.alarm_pool_get_default.str1.4
                0x10007ec4       0x21 CMakeFiles/read_controller_i2c.dir/C_/Users/ghand/Documents/Codes/Pico/Pico_SDK_1.5.1/pico-sdk/src/common/pico_time/time.c.obj
 *fill*         0x10007ee5        0x3 
 .rodata.alarm_pool_cancel_alarm.str1.4
                0x10007ee8       0x27 CMakeFiles/read_controller_i2c.dir/C_/Users/ghand/Documents/Codes/Pico/Pico_SDK_1.5.1/pico-sdk/src/common/pico_time/time.c.obj
 *fill*         0x10007f0f        0x1 
 .rodata.sleep_until.str1.4
                0x10007f10       0x4d CMakeFiles/read_controller_i2c.dir/C_/Users/ghand/Documents/Codes/Pico/Pico_SDK_1.5.1/pico-sdk/src/common/pico_time/time.c.obj
 *fill*         0x10007f5d        0x3 
 .rodata.__func__.1
                0x10007f60       0x18 CMakeFiles/read_controller_i2c.dir/C_/Users/ghand/Documents/Codes/Pico/Pico_SDK_1.5.1/pico-sdk/src/common/pico_time/time.c.obj
 .rodata.__func__.10
                0x10007f78       0x15 CMakeFiles/read_controller_i2c.dir/C_/Users/ghand/Documents/Codes/Pico/Pico_SDK_1.5.1/pico-sdk/src/common/pico_time/time.c.obj
 *fill*         0x10007f8d        0x3 
 .rodata.__func__.11
                0x10007f90       0x1a CMakeFiles/read_controller_i2c.dir/C_/Users/ghand/Documents/Codes/Pico/Pico_SDK_1.5.1/pico-sdk/src/common/pico_time/time.c.obj
 *fill*         0x10007faa        0x2 
 .rodata.__func__.12
                0x10007fac        0xa CMakeFiles/read_controller_i2c.dir/C_/Users/ghand/Documents/Codes/Pico/Pico_SDK_1.5.1/pico-sdk/src/common/pico_time/time.c.obj
 *fill*         0x10007fb6        0x2 
 .rodata.__func__.3
                0x10007fb8       0x17 CMakeFiles/read_controller_i2c.dir/C_/Users/ghand/Documents/Codes/Pico/Pico_SDK_1.5.1/pico-sdk/src/common/pico_time/time.c.obj
 *fill*         0x10007fcf        0x1 
 .rodata.__func__.4
                0x10007fd0       0x12 CMakeFiles/read_controller_i2c.dir/C_/Users/ghand/Documents/Codes/Pico/Pico_SDK_1.5.1/pico-sdk/src/common/pico_time/time.c.obj
 *fill*         0x10007fe2        0x2 
 .rodata.__func__.5
                0x10007fe4        0xd CMakeFiles/read_controller_i2c.dir/C_/Users/ghand/Documents/Codes/Pico/Pico_SDK_1.5.1/pico-sdk/src/common/pico_time/time.c.obj
 *fill*         0x10007ff1        0x3 
 .rodata.__func__.6
                0x10007ff4       0x12 CMakeFiles/read_controller_i2c.dir/C_/Users/ghand/Documents/Codes/Pico/Pico_SDK_1.5.1/pico-sdk/src/common/pico_time/time.c.obj
 *fill*         0x10008006        0x2 
 .rodata.__func__.7
                0x10008008        0xf CMakeFiles/read_controller_i2c.dir/C_/Users/ghand/Documents/Codes/Pico/Pico_SDK_1.5.1/pico-sdk/src/common/pico_time/time.c.obj
 *fill*         0x10008017        0x1 
 .rodata.__func__.8
                0x10008018        0xc CMakeFiles/read_controller_i2c.dir/C_/Users/ghand/Documents/Codes/Pico/Pico_SDK_1.5.1/pico-sdk/src/common/pico_time/time.c.obj
 .rodata.__func__.9
                0x10008024       0x15 CMakeFiles/read_controller_i2c.dir/C_/Users/ghand/Documents/Codes/Pico/Pico_SDK_1.5.1/pico-sdk/src/common/pico_time/time.c.obj
 *fill*         0x10008039        0x3 
 .rodata.hardware_alarm_claim.str1.4
                0x1000803c       0x22 CMakeFiles/read_controller_i2c.dir/C_/Users/ghand/Documents/Codes/Pico/Pico_SDK_1.5.1/pico-sdk/src/rp2_common/hardware_timer/timer.c.obj
 *fill*         0x1000805e        0x2 
 .rodata.hardware_alarm_set_target.str1.4
                0x10008060       0x86 CMakeFiles/read_controller_i2c.dir/C_/Users/ghand/Documents/Codes/Pico/Pico_SDK_1.5.1/pico-sdk/src/rp2_common/hardware_timer/timer.c.obj
 *fill*         0x100080e6        0x2 
 .rodata.__func__.0
                0x100080e8       0x1a CMakeFiles/read_controller_i2c.dir/C_/Users/ghand/Documents/Codes/Pico/Pico_SDK_1.5.1/pico-sdk/src/rp2_common/hardware_timer/timer.c.obj
 .rodata.ph_add_child_node.str1.4
                0x10008102       0xb6 CMakeFiles/read_controller_i2c.dir/C_/Users/ghand/Documents/Codes/Pico/Pico_SDK_1.5.1/pico-sdk/src/common/pico_util/pheap.c.obj
 *fill*         0x10008102        0x2 
 .rodata.ph_remove_any_head.str1.4
                0x10008104       0xb0 CMakeFiles/read_controller_i2c.dir/C_/Users/ghand/Documents/Codes/Pico/Pico_SDK_1.5.1/pico-sdk/src/common/pico_util/pheap.c.obj
                                 0xc4 (size before relaxing)
 .rodata.ph_remove_and_free_node.str1.4
                0x100081b4       0x1e CMakeFiles/read_controller_i2c.dir/C_/Users/ghand/Documents/Codes/Pico/Pico_SDK_1.5.1/pico-sdk/src/common/pico_util/pheap.c.obj
                                 0x26 (size before relaxing)
 *fill*         0x100081d2        0x2 
 .rodata.__func__.0
                0x100081d4       0x18 CMakeFiles/read_controller_i2c.dir/C_/Users/ghand/Documents/Codes/Pico/Pico_SDK_1.5.1/pico-sdk/src/common/pico_util/pheap.c.obj
 .rodata.__func__.1
                0x100081ec       0x13 CMakeFiles/read_controller_i2c.dir/C_/Users/ghand/Documents/Codes/Pico/Pico_SDK_1.5.1/pico-sdk/src/common/pico_util/pheap.c.obj
 *fill*         0x100081ff        0x1 
 .rodata.__func__.2
                0x10008200       0x12 CMakeFiles/read_controller_i2c.dir/C_/Users/ghand/Documents/Codes/Pico/Pico_SDK_1.5.1/pico-sdk/src/common/pico_util/pheap.c.obj
 *fill*         0x10008212        0x2 
 .rodata.__func__.3
                0x10008214        0xc CMakeFiles/read_controller_i2c.dir/C_/Users/ghand/Documents/Codes/Pico/Pico_SDK_1.5.1/pico-sdk/src/common/pico_util/pheap.c.obj
 .rodata.clock_configure.str1.4
                0x10008220       0x78 CMakeFiles/read_controller_i2c.dir/C_/Users/ghand/Documents/Codes/Pico/Pico_SDK_1.5.1/pico-sdk/src/rp2_common/hardware_clocks/clocks.c.obj
 .rodata.__func__.1
                0x10008298       0x10 CMakeFiles/read_controller_i2c.dir/C_/Users/ghand/Documents/Codes/Pico/Pico_SDK_1.5.1/pico-sdk/src/rp2_common/hardware_clocks/clocks.c.obj
 .rodata.pll_init.str1.4
                0x100082a8      0x144 CMakeFiles/read_controller_i2c.dir/C_/Users/ghand/Documents/Codes/Pico/Pico_SDK_1.5.1/pico-sdk/src/rp2_common/hardware_pll/pll.c.obj
 .rodata.__func__.0
                0x100083ec        0x9 CMakeFiles/read_controller_i2c.dir/C_/Users/ghand/Documents/Codes/Pico/Pico_SDK_1.5.1/pico-sdk/src/rp2_common/hardware_pll/pll.c.obj
 *fill*         0x100083f5        0x3 
 .rodata.__assert_func.str1.4
                0x100083f8       0x3f CMakeFiles/read_controller_i2c.dir/C_/Users/ghand/Documents/Codes/Pico/Pico_SDK_1.5.1/pico-sdk/src/rp2_common/pico_runtime/runtime.c.obj
                                 0x43 (size before relaxing)
 *fill*         0x10008437        0x1 
 .rodata.runtime_init.str1.4
                0x10008438       0x82 CMakeFiles/read_controller_i2c.dir/C_/Users/ghand/Documents/Codes/Pico/Pico_SDK_1.5.1/pico-sdk/src/rp2_common/pico_runtime/runtime.c.obj
 *fill*         0x100084ba        0x2 
 .rodata.panic.str1.4
                0x100084bc       0x10 CMakeFiles/read_controller_i2c.dir/C_/Users/ghand/Documents/Codes/Pico/Pico_SDK_1.5.1/pico-sdk/src/rp2_common/pico_runtime/runtime.c.obj
                                 0x12 (size before relaxing)
 .rodata.__func__.2
                0x100084cc        0xd CMakeFiles/read_controller_i2c.dir/C_/Users/ghand/Documents/Codes/Pico/Pico_SDK_1.5.1/pico-sdk/src/rp2_common/pico_runtime/runtime.c.obj
 *fill*         0x100084d9        0x3 
 .rodata._ftoa.str1.4
                0x100084dc       0x15 CMakeFiles/read_controller_i2c.dir/C_/Users/ghand/Documents/Codes/Pico/Pico_SDK_1.5.1/pico-sdk/src/rp2_common/pico_printf/printf.c.obj
 *fill*         0x100084f1        0x3 
 .rodata._vsnprintf
                0x100084f4      0x1e0 CMakeFiles/read_controller_i2c.dir/C_/Users/ghand/Documents/Codes/Pico/Pico_SDK_1.5.1/pico-sdk/src/rp2_common/pico_printf/printf.c.obj
 *fill*         0x100086d4        0x4 
 .rodata.pow10.0
                0x100086d8       0x50 CMakeFiles/read_controller_i2c.dir/C_/Users/ghand/Documents/Codes/Pico/Pico_SDK_1.5.1/pico-sdk/src/rp2_common/pico_printf/printf.c.obj
 .rodata.__aeabi_double_init.str1.4
                0x10008728       0xbd CMakeFiles/read_controller_i2c.dir/C_/Users/ghand/Documents/Codes/Pico/Pico_SDK_1.5.1/pico-sdk/src/rp2_common/pico_double/double_init_rom.c.obj
 *fill*         0x100087e5        0x3 
 .rodata.__func__.0
                0x100087e8       0x14 CMakeFiles/read_controller_i2c.dir/C_/Users/ghand/Documents/Codes/Pico/Pico_SDK_1.5.1/pico-sdk/src/rp2_common/pico_double/double_init_rom.c.obj
 .rodata.__aeabi_float_init.str1.4
                0x100087fc       0x9b CMakeFiles/read_controller_i2c.dir/C_/Users/ghand/Documents/Codes/Pico/Pico_SDK_1.5.1/pico-sdk/src/rp2_common/pico_float/float_init_rom.c.obj
                                 0x9f (size before relaxing)
 *fill*         0x10008897        0x1 
 .rodata.__func__.0
                0x10008898       0x13 CMakeFiles/read_controller_i2c.dir/C_/Users/ghand/Documents/Codes/Pico/Pico_SDK_1.5.1/pico-sdk/src/rp2_common/pico_float/float_init_rom.c.obj
 *fill*         0x100088ab        0x1 
 .rodata.str1.4
                0x100088ac       0x48 CMakeFiles/read_controller_i2c.dir/C_/Users/ghand/Documents/Codes/Pico/Pico_SDK_1.5.1/pico-sdk/src/rp2_common/pico_standard_link/binary_info.c.obj
 .rodata.__bi_44
                0x100088f4        0xc CMakeFiles/read_controller_i2c.dir/C_/Users/ghand/Documents/Codes/Pico/Pico_SDK_1.5.1/pico-sdk/src/rp2_common/pico_standard_link/binary_info.c.obj
 .rodata.__bi_75
                0x10008900        0xc CMakeFiles/read_controller_i2c.dir/C_/Users/ghand/Documents/Codes/Pico/Pico_SDK_1.5.1/pico-sdk/src/rp2_common/pico_standard_link/binary_info.c.obj
 .rodata.__bi_81
                0x1000890c        0xc CMakeFiles/read_controller_i2c.dir/C_/Users/ghand/Documents/Codes/Pico/Pico_SDK_1.5.1/pico-sdk/src/rp2_common/pico_standard_link/binary_info.c.obj
 .rodata.stdout_serialize_begin.str1.4
                0x10008918       0x82 CMakeFiles/read_controller_i2c.dir/C_/Users/ghand/Documents/Codes/Pico/Pico_SDK_1.5.1/pico-sdk/src/rp2_common/pico_stdio/stdio.c.obj
 .rodata.__func__.3
                0x10008918       0x15 CMakeFiles/read_controller_i2c.dir/C_/Users/ghand/Documents/Codes/Pico/Pico_SDK_1.5.1/pico-sdk/src/rp2_common/pico_stdio/stdio.c.obj
 *fill*         0x1000892d        0x3 
 .rodata.crlf_str.2
                0x10008930        0x2 CMakeFiles/read_controller_i2c.dir/C_/Users/ghand/Documents/Codes/Pico/Pico_SDK_1.5.1/pico-sdk/src/rp2_common/pico_stdio/stdio.c.obj
 *fill*         0x10008932        0x2 
 .rodata._resetd_driver
                0x10008934       0x18 CMakeFiles/read_controller_i2c.dir/C_/Users/ghand/Documents/Codes/Pico/Pico_SDK_1.5.1/pico-sdk/src/rp2_common/pico_stdio_usb/reset_interface.c.obj
 .rodata.low_priority_worker_irq.str1.4
                0x1000894c       0x82 CMakeFiles/read_controller_i2c.dir/C_/Users/ghand/Documents/Codes/Pico/Pico_SDK_1.5.1/pico-sdk/src/rp2_common/pico_stdio_usb/stdio_usb.c.obj
 .rodata.stdio_usb_init.str1.4
                0x1000894c       0x66 CMakeFiles/read_controller_i2c.dir/C_/Users/ghand/Documents/Codes/Pico/Pico_SDK_1.5.1/pico-sdk/src/rp2_common/pico_stdio_usb/stdio_usb.c.obj
                                 0x6e (size before relaxing)
 *fill*         0x100089b2        0x2 
 .rodata.str1.4
                0x100089b4       0x13 CMakeFiles/read_controller_i2c.dir/C_/Users/ghand/Documents/Codes/Pico/Pico_SDK_1.5.1/pico-sdk/src/rp2_common/pico_stdio_usb/stdio_usb.c.obj
 *fill*         0x100089c7        0x1 
 .rodata.__bi_182.0
                0x100089c8        0xc CMakeFiles/read_controller_i2c.dir/C_/Users/ghand/Documents/Codes/Pico/Pico_SDK_1.5.1/pico-sdk/src/rp2_common/pico_stdio_usb/stdio_usb.c.obj
 .rodata.__func__.1
                0x100089d4        0xf CMakeFiles/read_controller_i2c.dir/C_/Users/ghand/Documents/Codes/Pico/Pico_SDK_1.5.1/pico-sdk/src/rp2_common/pico_stdio_usb/stdio_usb.c.obj
 *fill*         0x100089e3        0x1 
 .rodata.__func__.3
                0x100089e4       0x15 CMakeFiles/read_controller_i2c.dir/C_/Users/ghand/Documents/Codes/Pico/Pico_SDK_1.5.1/pico-sdk/src/rp2_common/pico_stdio_usb/stdio_usb.c.obj
 *fill*         0x100089f9        0x3 
 .rodata.str1.4
                0x100089fc       0x2a CMakeFiles/read_controller_i2c.dir/C_/Users/ghand/Documents/Codes/Pico/Pico_SDK_1.5.1/pico-sdk/src/rp2_common/pico_stdio_usb/stdio_usb_descriptors.c.obj
 *fill*         0x10008a26        0x2 
 .rodata.usbd_desc_cfg
                0x10008a28       0x54 CMakeFiles/read_controller_i2c.dir/C_/Users/ghand/Documents/Codes/Pico/Pico_SDK_1.5.1/pico-sdk/src/rp2_common/pico_stdio_usb/stdio_usb_descriptors.c.obj
 .rodata.usbd_desc_device
                0x10008a7c       0x12 CMakeFiles/read_controller_i2c.dir/C_/Users/ghand/Documents/Codes/Pico/Pico_SDK_1.5.1/pico-sdk/src/rp2_common/pico_stdio_usb/stdio_usb_descriptors.c.obj
 *fill*         0x10008a8e        0x2 
 .rodata.usbd_desc_str
                0x10008a90       0x18 CMakeFiles/read_controller_i2c.dir/C_/Users/ghand/Documents/Codes/Pico/Pico_SDK_1.5.1/pico-sdk/src/rp2_common/pico_stdio_usb/stdio_usb_descriptors.c.obj
 .rodata.pico_get_unique_board_id_string.str1.4
                0x10008aa8       0x6e CMakeFiles/read_controller_i2c.dir/C_/Users/ghand/Documents/Codes/Pico/Pico_SDK_1.5.1/pico-sdk/src/rp2_common/pico_unique_id/unique_id.c.obj
 *fill*         0x10008b16        0x2 
 .rodata.__func__.0
                0x10008b18       0x20 CMakeFiles/read_controller_i2c.dir/C_/Users/ghand/Documents/Codes/Pico/Pico_SDK_1.5.1/pico-sdk/src/rp2_common/pico_unique_id/unique_id.c.obj
 .rodata.str1.4
                0x10008b38      0x17a CMakeFiles/read_controller_i2c.dir/C_/Users/ghand/Documents/Codes/Pico/Pico_SDK_1.5.1/pico-sdk/src/rp2_common/hardware_flash/flash.c.obj
 *fill*         0x10008cb2        0x2 
 .rodata.__func__.0
                0x10008cb4        0xd CMakeFiles/read_controller_i2c.dir/C_/Users/ghand/Documents/Codes/Pico/Pico_SDK_1.5.1/pico-sdk/src/rp2_common/hardware_flash/flash.c.obj
 *fill*         0x10008cc1        0x3 
 .rodata._hw_endpoint_alloc.str1.4
                0x10008cc4       0xd9 CMakeFiles/read_controller_i2c.dir/C_/Users/ghand/Documents/Codes/Pico/Pico_SDK_1.5.1/pico-sdk/lib/tinyusb/src/portable/raspberrypi/rp2040/dcd_rp2040.c.obj
 *fill*         0x10008d9d        0x3 
 .rodata.str1.4
                0x10008da0       0x14 CMakeFiles/read_controller_i2c.dir/C_/Users/ghand/Documents/Codes/Pico/Pico_SDK_1.5.1/pico-sdk/lib/tinyusb/src/portable/raspberrypi/rp2040/dcd_rp2040.c.obj
 .rodata.dcd_int_enable.str1.4
                0x10008db4        0xc CMakeFiles/read_controller_i2c.dir/C_/Users/ghand/Documents/Codes/Pico/Pico_SDK_1.5.1/pico-sdk/lib/tinyusb/src/portable/raspberrypi/rp2040/dcd_rp2040.c.obj
 .rodata.__func__.0
                0x10008dc0        0xe CMakeFiles/read_controller_i2c.dir/C_/Users/ghand/Documents/Codes/Pico/Pico_SDK_1.5.1/pico-sdk/lib/tinyusb/src/portable/raspberrypi/rp2040/dcd_rp2040.c.obj
 *fill*         0x10008dce        0x2 
 .rodata.__func__.1
                0x10008dd0        0xe CMakeFiles/read_controller_i2c.dir/C_/Users/ghand/Documents/Codes/Pico/Pico_SDK_1.5.1/pico-sdk/lib/tinyusb/src/portable/raspberrypi/rp2040/dcd_rp2040.c.obj
 *fill*         0x10008dde        0x2 
 .rodata.__func__.3
                0x10008de0       0x10 CMakeFiles/read_controller_i2c.dir/C_/Users/ghand/Documents/Codes/Pico/Pico_SDK_1.5.1/pico-sdk/lib/tinyusb/src/portable/raspberrypi/rp2040/dcd_rp2040.c.obj
 .rodata.__func__.5
                0x10008df0        0xf CMakeFiles/read_controller_i2c.dir/C_/Users/ghand/Documents/Codes/Pico/Pico_SDK_1.5.1/pico-sdk/lib/tinyusb/src/portable/raspberrypi/rp2040/dcd_rp2040.c.obj
 *fill*         0x10008dff        0x1 
 .rodata.__func__.6
                0x10008e00       0x13 CMakeFiles/read_controller_i2c.dir/C_/Users/ghand/Documents/Codes/Pico/Pico_SDK_1.5.1/pico-sdk/lib/tinyusb/src/portable/raspberrypi/rp2040/dcd_rp2040.c.obj
 *fill*         0x10008e13        0x1 
 .rodata.__func__.7
                0x10008e14        0x9 CMakeFiles/read_controller_i2c.dir/C_/Users/ghand/Documents/Codes/Pico/Pico_SDK_1.5.1/pico-sdk/lib/tinyusb/src/portable/raspberrypi/rp2040/dcd_rp2040.c.obj
 *fill*         0x10008e1d        0x3 
 .rodata.str1.4
                0x10008e20      0x10b CMakeFiles/read_controller_i2c.dir/C_/Users/ghand/Documents/Codes/Pico/Pico_SDK_1.5.1/pico-sdk/lib/tinyusb/src/portable/raspberrypi/rp2040/rp2040_usb.c.obj
 *fill*         0x10008f2b        0x1 
 .rodata.__func__.0
                0x10008f2c        0xf CMakeFiles/read_controller_i2c.dir/C_/Users/ghand/Documents/Codes/Pico/Pico_SDK_1.5.1/pico-sdk/lib/tinyusb/src/portable/raspberrypi/rp2040/rp2040_usb.c.obj
 *fill*         0x10008f3b        0x1 
 .rodata.process_get_descriptor
                0x10008f3c       0x40 CMakeFiles/read_controller_i2c.dir/C_/Users/ghand/Documents/Codes/Pico/Pico_SDK_1.5.1/pico-sdk/lib/tinyusb/src/device/usbd.c.obj
 .rodata.process_control_request
                0x10008f7c       0x28 CMakeFiles/read_controller_i2c.dir/C_/Users/ghand/Documents/Codes/Pico/Pico_SDK_1.5.1/pico-sdk/lib/tinyusb/src/device/usbd.c.obj
 .rodata.tud_task_ext
                0x10008fa4       0x24 CMakeFiles/read_controller_i2c.dir/C_/Users/ghand/Documents/Codes/Pico/Pico_SDK_1.5.1/pico-sdk/lib/tinyusb/src/device/usbd.c.obj
 .rodata._usbd_driver
                0x10008fc8       0x18 CMakeFiles/read_controller_i2c.dir/C_/Users/ghand/Documents/Codes/Pico/Pico_SDK_1.5.1/pico-sdk/lib/tinyusb/src/device/usbd.c.obj
 .rodata.i2c_set_baudrate.str1.4
                0x10008fe0       0x7e CMakeFiles/read_controller_i2c.dir/C_/Users/ghand/Documents/Codes/Pico/Pico_SDK_1.5.1/pico-sdk/src/rp2_common/hardware_i2c/i2c.c.obj
 *fill*         0x1000905e        0x2 
 .rodata.__func__.0
                0x10009060       0x11 CMakeFiles/read_controller_i2c.dir/C_/Users/ghand/Documents/Codes/Pico/Pico_SDK_1.5.1/pico-sdk/src/rp2_common/hardware_i2c/i2c.c.obj
                0x10009074                . = ALIGN (0x4)
 *fill*         0x10009071        0x3 
 *(SORT_BY_ALIGNMENT(SORT_BY_NAME(.flashdata*)))
                0x10009074                . = ALIGN (0x4)

.ARM.extab
 *(.ARM.extab* .gnu.linkonce.armextab.*)
                0x10009074                __exidx_start = .

.ARM.exidx
 *(.ARM.exidx* .gnu.linkonce.armexidx.*)
                0x10009074                __exidx_end = .
                0x10009074                . = ALIGN (0x4)
                0x10009074                __binary_info_start = .
