Archive member included to satisfy reference by file (symbol)

c:/users/ghand/documents/codes/pico/pico_sdk_1.5.1/gcc-arm-none-eabi/bin/../lib/gcc/arm-none-eabi/10.3.1/thumb/v6-m/nofp\libgcc.a(_dvmd_tls.o)
                              CMakeFiles/wiiClassic.dir/C_/Users/ghand/Documents/Codes/Pico/Pico_SDK_1.5.1/pico-sdk/src/rp2_common/pico_divider/divider.S.obj (__aeabi_idiv0)
c:/users/ghand/documents/codes/pico/pico_sdk_1.5.1/gcc-arm-none-eabi/bin/../lib/gcc/arm-none-eabi/10.3.1/../../../../arm-none-eabi/lib/thumb/v6-m/nofp\libg.a(lib_a-calloc.o)
                              CMakeFiles/wiiClassic.dir/C_/Users/ghand/Documents/Codes/Pico/Pico_SDK_1.5.1/pico-sdk/src/rp2_common/pico_malloc/pico_malloc.c.obj (calloc)
c:/users/ghand/documents/codes/pico/pico_sdk_1.5.1/gcc-arm-none-eabi/bin/../lib/gcc/arm-none-eabi/10.3.1/../../../../arm-none-eabi/lib/thumb/v6-m/nofp\libg.a(lib_a-callocr.o)
                              c:/users/ghand/documents/codes/pico/pico_sdk_1.5.1/gcc-arm-none-eabi/bin/../lib/gcc/arm-none-eabi/10.3.1/../../../../arm-none-eabi/lib/thumb/v6-m/nofp\libg.a(lib_a-calloc.o) (_calloc_r)
c:/users/ghand/documents/codes/pico/pico_sdk_1.5.1/gcc-arm-none-eabi/bin/../lib/gcc/arm-none-eabi/10.3.1/../../../../arm-none-eabi/lib/thumb/v6-m/nofp\libg.a(lib_a-errno.o)
                              c:/users/ghand/documents/codes/pico/pico_sdk_1.5.1/gcc-arm-none-eabi/bin/../lib/gcc/arm-none-eabi/10.3.1/../../../../arm-none-eabi/lib/thumb/v6-m/nofp\libg.a(lib_a-callocr.o) (__errno)
c:/users/ghand/documents/codes/pico/pico_sdk_1.5.1/gcc-arm-none-eabi/bin/../lib/gcc/arm-none-eabi/10.3.1/../../../../arm-none-eabi/lib/thumb/v6-m/nofp\libg.a(lib_a-impure.o)
                              c:/users/ghand/documents/codes/pico/pico_sdk_1.5.1/gcc-arm-none-eabi/bin/../lib/gcc/arm-none-eabi/10.3.1/../../../../arm-none-eabi/lib/thumb/v6-m/nofp\libg.a(lib_a-calloc.o) (_impure_ptr)
c:/users/ghand/documents/codes/pico/pico_sdk_1.5.1/gcc-arm-none-eabi/bin/../lib/gcc/arm-none-eabi/10.3.1/../../../../arm-none-eabi/lib/thumb/v6-m/nofp\libg.a(lib_a-init.o)
                              c:/users/ghand/documents/codes/pico/pico_sdk_1.5.1/gcc-arm-none-eabi/bin/../lib/gcc/arm-none-eabi/10.3.1/../../../../arm-none-eabi/lib/thumb/v6-m/nofp/crt0.o (__libc_init_array)
c:/users/ghand/documents/codes/pico/pico_sdk_1.5.1/gcc-arm-none-eabi/bin/../lib/gcc/arm-none-eabi/10.3.1/../../../../arm-none-eabi/lib/thumb/v6-m/nofp\libg.a(lib_a-malloc.o)
                              CMakeFiles/wiiClassic.dir/C_/Users/ghand/Documents/Codes/Pico/Pico_SDK_1.5.1/pico-sdk/src/rp2_common/pico_malloc/pico_malloc.c.obj (malloc)
c:/users/ghand/documents/codes/pico/pico_sdk_1.5.1/gcc-arm-none-eabi/bin/../lib/gcc/arm-none-eabi/10.3.1/../../../../arm-none-eabi/lib/thumb/v6-m/nofp\libg.a(lib_a-mallocr.o)
                              c:/users/ghand/documents/codes/pico/pico_sdk_1.5.1/gcc-arm-none-eabi/bin/../lib/gcc/arm-none-eabi/10.3.1/../../../../arm-none-eabi/lib/thumb/v6-m/nofp\libg.a(lib_a-callocr.o) (_malloc_r)
c:/users/ghand/documents/codes/pico/pico_sdk_1.5.1/gcc-arm-none-eabi/bin/../lib/gcc/arm-none-eabi/10.3.1/../../../../arm-none-eabi/lib/thumb/v6-m/nofp\libg.a(lib_a-mlock.o)
                              c:/users/ghand/documents/codes/pico/pico_sdk_1.5.1/gcc-arm-none-eabi/bin/../lib/gcc/arm-none-eabi/10.3.1/../../../../arm-none-eabi/lib/thumb/v6-m/nofp\libg.a(lib_a-mallocr.o) (__malloc_lock)
c:/users/ghand/documents/codes/pico/pico_sdk_1.5.1/gcc-arm-none-eabi/bin/../lib/gcc/arm-none-eabi/10.3.1/../../../../arm-none-eabi/lib/thumb/v6-m/nofp\libg.a(lib_a-realloc.o)
                              CMakeFiles/wiiClassic.dir/C_/Users/ghand/Documents/Codes/Pico/Pico_SDK_1.5.1/pico-sdk/src/rp2_common/pico_malloc/pico_malloc.c.obj (realloc)
c:/users/ghand/documents/codes/pico/pico_sdk_1.5.1/gcc-arm-none-eabi/bin/../lib/gcc/arm-none-eabi/10.3.1/../../../../arm-none-eabi/lib/thumb/v6-m/nofp\libg.a(lib_a-reallocr.o)
                              c:/users/ghand/documents/codes/pico/pico_sdk_1.5.1/gcc-arm-none-eabi/bin/../lib/gcc/arm-none-eabi/10.3.1/../../../../arm-none-eabi/lib/thumb/v6-m/nofp\libg.a(lib_a-realloc.o) (_realloc_r)
c:/users/ghand/documents/codes/pico/pico_sdk_1.5.1/gcc-arm-none-eabi/bin/../lib/gcc/arm-none-eabi/10.3.1/../../../../arm-none-eabi/lib/thumb/v6-m/nofp\libg.a(lib_a-sbrkr.o)
                              c:/users/ghand/documents/codes/pico/pico_sdk_1.5.1/gcc-arm-none-eabi/bin/../lib/gcc/arm-none-eabi/10.3.1/../../../../arm-none-eabi/lib/thumb/v6-m/nofp\libg.a(lib_a-mallocr.o) (_sbrk_r)
c:/users/ghand/documents/codes/pico/pico_sdk_1.5.1/gcc-arm-none-eabi/bin/../lib/gcc/arm-none-eabi/10.3.1/../../../../arm-none-eabi/lib/thumb/v6-m/nofp\libg.a(lib_a-strlen-stub.o)
                              CMakeFiles/wiiClassic.dir/C_/Users/ghand/Documents/Codes/Pico/Pico_SDK_1.5.1/pico-sdk/src/rp2_common/pico_stdio/stdio.c.obj (strlen)
[...]
Memory Configuration

Name             Origin             Length             Attributes
FLASH            0x10000000         0x00200000         xr
RAM              0x20000000         0x00040000         xrw
SCRATCH_X        0x20040000         0x00001000         xrw
SCRATCH_Y        0x20041000         0x00001000         xrw
*default*        0x00000000         0xffffffff

Linker script and memory map

LOAD c:/users/ghand/documents/codes/pico/pico_sdk_1.5.1/gcc-arm-none-eabi/bin/../lib/gcc/arm-none-eabi/10.3.1/thumb/v6-m/nofp/crti.o
LOAD c:/users/ghand/documents/codes/pico/pico_sdk_1.5.1/gcc-arm-none-eabi/bin/../lib/gcc/arm-none-eabi/10.3.1/thumb/v6-m/nofp/crtbegin.o
LOAD c:/users/ghand/documents/codes/pico/pico_sdk_1.5.1/gcc-arm-none-eabi/bin/../lib/gcc/arm-none-eabi/10.3.1/../../../../arm-none-eabi/lib/thumb/v6-m/nofp/crt0.o

.flash_begin    0x10000000        0x0
                0x10000000                __flash_binary_start = .

.boot2          0x10000000      0x100
                0x10000000                __boot2_start__ = .
 *(.boot2)
 .boot2         0x10000000      0x100 C:\Users\ghand\AppData\Local\Temp\ccAIcQpq.o
                0x10000100                __boot2_end__ = .
                0x00000001                ASSERT (((__boot2_end__ - __boot2_start__) == 0x100), ERROR: Pico second stage bootloader must be 256 bytes in size)

.text           0x10000100     0x7478
                0x10000100                __logical_binary_start = .
 *(.vectors)
 .vectors       0x10000100       0xd4 CMakeFiles/wiiClassic.dir/C_/Users/ghand/Documents/Codes/Pico/Pico_SDK_1.5.1/pico-sdk/src/rp2_common/pico_standard_link/crt0.S.obj
                0x10000100                __VECTOR_TABLE
                0x10000100                __vectors
                0x100001c0                isr_invalid
                0x100001c0                __default_isrs_start
                0x100001c2                isr_nmi
                0x100001c4                isr_hardfault
                0x100001c6                isr_svcall
                0x100001c8                isr_pendsv
                0x100001ca                isr_systick
                0x100001cc                isr_irq23
                0x100001cc                isr_irq18
                0x100001cc                isr_irq11
                0x100001cc                isr_irq28
                0x100001cc                isr_irq19
                0x100001cc                isr_irq0
                0x100001cc                isr_irq6
                0x100001cc                isr_irq5
                0x100001cc                isr_irq12
                0x100001cc                isr_irq22
                0x100001cc                isr_irq31
                0x100001cc                isr_irq17
                0x100001cc                isr_irq27
                0x100001cc                isr_irq30
                0x100001cc                isr_irq2
                0x100001cc                isr_irq10
                0x100001cc                isr_irq8
                0x100001cc                isr_irq24
                0x100001cc                isr_irq1
                0x100001cc                isr_irq7
                0x100001cc                isr_irq21
                0x100001cc                isr_irq20
                0x100001cc                isr_irq15
                0x100001cc                isr_irq25
                0x100001cc                isr_irq13
                0x100001cc                __unhandled_user_irq
                0x100001cc                isr_irq4
                0x100001cc                isr_irq16
                0x100001cc                isr_irq29
                0x100001cc                isr_irq26
                0x100001cc                __default_isrs_end
                0x100001cc                isr_irq3
                0x100001cc                isr_irq14
                0x100001cc                isr_irq9
                0x100001d2                unhandled_user_irq_num_in_r0
 *(.binary_info_header)
 .binary_info_header
                0x100001d4       0x14 CMakeFiles/wiiClassic.dir/C_/Users/ghand/Documents/Codes/Pico/Pico_SDK_1.5.1/pico-sdk/src/rp2_common/pico_standard_link/crt0.S.obj
                0x100001e8                __binary_info_header_end = .
 *(.reset)
 .reset         0x100001e8       0xa0 CMakeFiles/wiiClassic.dir/C_/Users/ghand/Documents/Codes/Pico/Pico_SDK_1.5.1/pico-sdk/src/rp2_common/pico_standard_link/crt0.S.obj
                0x100001e8                _entry_point
 .reset         0x10000288       0x30 CMakeFiles/wiiClassic.dir/C_/Users/ghand/Documents/Codes/Pico/Pico_SDK_1.5.1/pico-sdk/src/rp2_common/pico_standard_link/binary_info.c.obj
 *(.init)
 .init          0x100002b8        0x4 c:/users/ghand/documents/codes/pico/pico_sdk_1.5.1/gcc-arm-none-eabi/bin/../lib/gcc/arm-none-eabi/10.3.1/thumb/v6-m/nofp/crti.o
                0x100002b8                _init
 *(EXCLUDE_FILE(*libm.a: *libc.a:*lib_a-mem*.o *libgcc.a:) .text*)
 .text          0x100002bc       0x48 c:/users/ghand/documents/codes/pico/pico_sdk_1.5.1/gcc-arm-none-eabi/bin/../lib/gcc/arm-none-eabi/10.3.1/thumb/v6-m/nofp/crtbegin.o
 .text.ClassicController_init
                0x10000304       0x88 CMakeFiles/wiiClassic.dir/main.c.obj
                0x10000304                ClassicController_init
 .text.ClassicController_update
                0x1000038c      0x158 CMakeFiles/wiiClassic.dir/main.c.obj
                0x1000038c                ClassicController_update
 .text.ClassicController_button_report
                0x100004e4      0x1d4 CMakeFiles/wiiClassic.dir/main.c.obj
                0x100004e4                ClassicController_button_report
 .text.main     0x100006b8       0x84 CMakeFiles/wiiClassic.dir/main.c.obj
                0x100006b8                main
 .text.gpio_set_function
                0x1000073c       0x30 CMakeFiles/wiiClassic.dir/C_/Users/ghand/Documents/Codes/Pico/Pico_SDK_1.5.1/pico-sdk/src/rp2_common/hardware_gpio/gpio.c.obj
                0x1000073c                gpio_set_function
 .text.gpio_set_pulls
                0x1000076c       0x34 CMakeFiles/wiiClassic.dir/C_/Users/ghand/Documents/Codes/Pico/Pico_SDK_1.5.1/pico-sdk/src/rp2_common/hardware_gpio/gpio.c.obj
                0x1000076c                gpio_set_pulls
 .text.gpio_init
                0x100007a0       0x16 CMakeFiles/wiiClassic.dir/C_/Users/ghand/Documents/Codes/Pico/Pico_SDK_1.5.1/pico-sdk/src/rp2_common/hardware_gpio/gpio.c.obj
                0x100007a0                gpio_init
 *fill*         0x100007b6        0x2 
 .text.running_on_fpga
                0x100007b8       0x14 CMakeFiles/wiiClassic.dir/C_/Users/ghand/Documents/Codes/Pico/Pico_SDK_1.5.1/pico-sdk/src/rp2_common/pico_platform/platform.c.obj
                0x100007b8                running_on_fpga
 .text.hw_claim_lock
                0x100007cc       0x18 CMakeFiles/wiiClassic.dir/C_/Users/ghand/Documents/Codes/Pico/Pico_SDK_1.5.1/pico-sdk/src/rp2_common/hardware_claim/claim.c.obj
                0x100007cc                hw_claim_lock
 .text.hw_claim_unlock
                0x100007e4       0x14 CMakeFiles/wiiClassic.dir/C_/Users/ghand/Documents/Codes/Pico/Pico_SDK_1.5.1/pico-sdk/src/rp2_common/hardware_claim/claim.c.obj
                0x100007e4                hw_claim_unlock
 .text.hw_claim_or_assert
                0x100007f8       0x32 CMakeFiles/wiiClassic.dir/C_/Users/ghand/Documents/Codes/Pico/Pico_SDK_1.5.1/pico-sdk/src/rp2_common/hardware_claim/claim.c.obj
                0x100007f8                hw_claim_or_assert
 .text.hw_claim_unused_from_range
                0x1000082a       0x50 CMakeFiles/wiiClassic.dir/C_/Users/ghand/Documents/Codes/Pico/Pico_SDK_1.5.1/pico-sdk/src/rp2_common/hardware_claim/claim.c.obj
                0x1000082a                hw_claim_unused_from_range
 *fill*         0x1000087a        0x2 
 .text.spin_locks_reset
                0x1000087c       0x20 CMakeFiles/wiiClassic.dir/C_/Users/ghand/Documents/Codes/Pico/Pico_SDK_1.5.1/pico-sdk/src/rp2_common/hardware_sync/sync.c.obj
                0x1000087c                spin_locks_reset
 .text.next_striped_spin_lock_num
                0x1000089c       0x1c CMakeFiles/wiiClassic.dir/C_/Users/ghand/Documents/Codes/Pico/Pico_SDK_1.5.1/pico-sdk/src/rp2_common/hardware_sync/sync.c.obj
                0x1000089c                next_striped_spin_lock_num
 .text.spin_lock_claim_unused
                0x100008b8       0x20 CMakeFiles/wiiClassic.dir/C_/Users/ghand/Documents/Codes/Pico/Pico_SDK_1.5.1/pico-sdk/src/rp2_common/hardware_sync/sync.c.obj
                0x100008b8                spin_lock_claim_unused
 .text.set_raw_irq_handler_and_unlock
                0x100008d8       0x28 CMakeFiles/wiiClassic.dir/C_/Users/ghand/Documents/Codes/Pico/Pico_SDK_1.5.1/pico-sdk/src/rp2_common/hardware_irq/irq.c.obj
 .text.make_branch
                0x10000900       0x48 CMakeFiles/wiiClassic.dir/C_/Users/ghand/Documents/Codes/Pico/Pico_SDK_1.5.1/pico-sdk/src/rp2_common/hardware_irq/irq.c.obj
 .text.insert_branch_and_link
                0x10000948       0x40 CMakeFiles/wiiClassic.dir/C_/Users/ghand/Documents/Codes/Pico/Pico_SDK_1.5.1/pico-sdk/src/rp2_common/hardware_irq/irq.c.obj
 .text.irq_is_enabled
                0x10000988       0x18 CMakeFiles/wiiClassic.dir/C_/Users/ghand/Documents/Codes/Pico/Pico_SDK_1.5.1/pico-sdk/src/rp2_common/hardware_irq/irq.c.obj
                0x10000988                irq_is_enabled
 .text.irq_set_mask_enabled
                0x100009a0       0x20 CMakeFiles/wiiClassic.dir/C_/Users/ghand/Documents/Codes/Pico/Pico_SDK_1.5.1/pico-sdk/src/rp2_common/hardware_irq/irq.c.obj
                0x100009a0                irq_set_mask_enabled
 .text.irq_set_enabled
                0x100009c0        0xe CMakeFiles/wiiClassic.dir/C_/Users/ghand/Documents/Codes/Pico/Pico_SDK_1.5.1/pico-sdk/src/rp2_common/hardware_irq/irq.c.obj
                0x100009c0                irq_set_enabled
 *fill*         0x100009ce        0x2 
 .text.irq_set_pending
                0x100009d0       0x10 CMakeFiles/wiiClassic.dir/C_/Users/ghand/Documents/Codes/Pico/Pico_SDK_1.5.1/pico-sdk/src/rp2_common/hardware_irq/irq.c.obj
                0x100009d0                irq_set_pending
 .text.irq_get_vtable_handler
                0x100009e0       0x10 CMakeFiles/wiiClassic.dir/C_/Users/ghand/Documents/Codes/Pico/Pico_SDK_1.5.1/pico-sdk/src/rp2_common/hardware_irq/irq.c.obj
                0x100009e0                irq_get_vtable_handler
 .text.irq_has_shared_handler
                0x100009f0       0x24 CMakeFiles/wiiClassic.dir/C_/Users/ghand/Documents/Codes/Pico/Pico_SDK_1.5.1/pico-sdk/src/rp2_common/hardware_irq/irq.c.obj
                0x100009f0                irq_has_shared_handler
 .text.irq_set_exclusive_handler
                0x10000a14       0x54 CMakeFiles/wiiClassic.dir/C_/Users/ghand/Documents/Codes/Pico/Pico_SDK_1.5.1/pico-sdk/src/rp2_common/hardware_irq/irq.c.obj
                0x10000a14                irq_set_exclusive_handler
 .text.irq_add_shared_handler
                0x10000a68      0x234 CMakeFiles/wiiClassic.dir/C_/Users/ghand/Documents/Codes/Pico/Pico_SDK_1.5.1/pico-sdk/src/rp2_common/hardware_irq/irq.c.obj
                0x10000a68                irq_add_shared_handler
 .text.irq_remove_handler
                0x10000c9c      0x1ac CMakeFiles/wiiClassic.dir/C_/Users/ghand/Documents/Codes/Pico/Pico_SDK_1.5.1/pico-sdk/src/rp2_common/hardware_irq/irq.c.obj
                0x10000c9c                irq_remove_handler
 .text.irq_add_tail_to_free_list
                0x10000e48       0xf0 CMakeFiles/wiiClassic.dir/C_/Users/ghand/Documents/Codes/Pico/Pico_SDK_1.5.1/pico-sdk/src/rp2_common/hardware_irq/irq.c.obj
                0x10000e48                irq_add_tail_to_free_list
 .text.irq_init_priorities
                0x10000f38       0x1c CMakeFiles/wiiClassic.dir/C_/Users/ghand/Documents/Codes/Pico/Pico_SDK_1.5.1/pico-sdk/src/rp2_common/hardware_irq/irq.c.obj
                0x10000f38                irq_init_priorities
 .text.user_irq_claim_unused
                0x10000f54       0x28 CMakeFiles/wiiClassic.dir/C_/Users/ghand/Documents/Codes/Pico/Pico_SDK_1.5.1/pico-sdk/src/rp2_common/hardware_irq/irq.c.obj
                0x10000f54                user_irq_claim_unused
 .text.lock_init
                0x10000f7c       0x10 CMakeFiles/wiiClassic.dir/C_/Users/ghand/Documents/Codes/Pico/Pico_SDK_1.5.1/pico-sdk/src/common/pico_sync/lock_core.c.obj
                0x10000f7c                lock_init
 .text.mutex_init
                0x10000f8c       0x1a CMakeFiles/wiiClassic.dir/C_/Users/ghand/Documents/Codes/Pico/Pico_SDK_1.5.1/pico-sdk/src/common/pico_sync/mutex.c.obj
                0x10000f8c                mutex_init
 .text.recursive_mutex_init
                0x10000fa6       0x1e CMakeFiles/wiiClassic.dir/C_/Users/ghand/Documents/Codes/Pico/Pico_SDK_1.5.1/pico-sdk/src/common/pico_sync/mutex.c.obj
                0x10000fa6                recursive_mutex_init
 .text.critical_section_init_with_lock_num
                0x10000fc4       0x14 CMakeFiles/wiiClassic.dir/C_/Users/ghand/Documents/Codes/Pico/Pico_SDK_1.5.1/pico-sdk/src/common/pico_sync/critical_section.c.obj
                0x10000fc4                critical_section_init_with_lock_num
 .text.critical_section_init
                0x10000fd8       0x14 CMakeFiles/wiiClassic.dir/C_/Users/ghand/Documents/Codes/Pico/Pico_SDK_1.5.1/pico-sdk/src/common/pico_sync/critical_section.c.obj
                0x10000fd8                critical_section_init
 .text.alarm_pool_post_alloc_init
                0x10000fec       0x40 CMakeFiles/wiiClassic.dir/C_/Users/ghand/Documents/Codes/Pico/Pico_SDK_1.5.1/pico-sdk/src/common/pico_time/time.c.obj
 .text.sleep_until_callback
                0x1000102c       0x30 CMakeFiles/wiiClassic.dir/C_/Users/ghand/Documents/Codes/Pico/Pico_SDK_1.5.1/pico-sdk/src/common/pico_time/time.c.obj
 .text.timer_pool_entry_comparator
                0x1000105c       0x7c CMakeFiles/wiiClassic.dir/C_/Users/ghand/Documents/Codes/Pico/Pico_SDK_1.5.1/pico-sdk/src/common/pico_time/time.c.obj
                0x1000105c                timer_pool_entry_comparator
 .text.ph_add_child_node
                0x100010d8       0xa4 CMakeFiles/wiiClassic.dir/C_/Users/ghand/Documents/Codes/Pico/Pico_SDK_1.5.1/pico-sdk/src/common/pico_time/time.c.obj
 .text.ph_merge_nodes
                0x1000117c       0x3e CMakeFiles/wiiClassic.dir/C_/Users/ghand/Documents/Codes/Pico/Pico_SDK_1.5.1/pico-sdk/src/common/pico_time/time.c.obj
 *fill*         0x100011ba        0x2 
 .text.add_alarm_under_lock
                0x100011bc      0x174 CMakeFiles/wiiClassic.dir/C_/Users/ghand/Documents/Codes/Pico/Pico_SDK_1.5.1/pico-sdk/src/common/pico_time/time.c.obj
 .text.alarm_pool_alarm_callback
                0x10001330      0x33c CMakeFiles/wiiClassic.dir/C_/Users/ghand/Documents/Codes/Pico/Pico_SDK_1.5.1/pico-sdk/src/common/pico_time/time.c.obj
 .text.alarm_pool_init_default
                0x1000166c       0x40 CMakeFiles/wiiClassic.dir/C_/Users/ghand/Documents/Codes/Pico/Pico_SDK_1.5.1/pico-sdk/src/common/pico_time/time.c.obj
                0x1000166c                alarm_pool_init_default
 .text.alarm_pool_get_default
                0x100016ac       0x2c CMakeFiles/wiiClassic.dir/C_/Users/ghand/Documents/Codes/Pico/Pico_SDK_1.5.1/pico-sdk/src/common/pico_time/time.c.obj
                0x100016ac                alarm_pool_get_default
 .text.alarm_pool_add_alarm_at
                0x100016d8      0x168 CMakeFiles/wiiClassic.dir/C_/Users/ghand/Documents/Codes/Pico/Pico_SDK_1.5.1/pico-sdk/src/common/pico_time/time.c.obj
                0x100016d8                alarm_pool_add_alarm_at
 .text.alarm_pool_cancel_alarm
                0x10001840       0xf8 CMakeFiles/wiiClassic.dir/C_/Users/ghand/Documents/Codes/Pico/Pico_SDK_1.5.1/pico-sdk/src/common/pico_time/time.c.obj
                0x10001840                alarm_pool_cancel_alarm
 .text.alarm_pool_core_num
                0x10001938        0x4 CMakeFiles/wiiClassic.dir/C_/Users/ghand/Documents/Codes/Pico/Pico_SDK_1.5.1/pico-sdk/src/common/pico_time/time.c.obj
                0x10001938                alarm_pool_core_num
 .text.sleep_until
                0x1000193c       0xfc CMakeFiles/wiiClassic.dir/C_/Users/ghand/Documents/Codes/Pico/Pico_SDK_1.5.1/pico-sdk/src/common/pico_time/time.c.obj
                0x1000193c                sleep_until
 .text.sleep_us
                0x10001a38       0x58 CMakeFiles/wiiClassic.dir/C_/Users/ghand/Documents/Codes/Pico/Pico_SDK_1.5.1/pico-sdk/src/common/pico_time/time.c.obj
                0x10001a38                sleep_us
 .text.sleep_ms
                0x10001a90       0x14 CMakeFiles/wiiClassic.dir/C_/Users/ghand/Documents/Codes/Pico/Pico_SDK_1.5.1/pico-sdk/src/common/pico_time/time.c.obj
                0x10001a90                sleep_ms
 .text.best_effort_wfe_or_timeout
                0x10001aa4       0xac CMakeFiles/wiiClassic.dir/C_/Users/ghand/Documents/Codes/Pico/Pico_SDK_1.5.1/pico-sdk/src/common/pico_time/time.c.obj
                0x10001aa4                best_effort_wfe_or_timeout
 .text.hardware_alarm_irq_handler
                0x10001b50       0x90 CMakeFiles/wiiClassic.dir/C_/Users/ghand/Documents/Codes/Pico/Pico_SDK_1.5.1/pico-sdk/src/rp2_common/hardware_timer/timer.c.obj
 .text.hardware_alarm_claim
                0x10001be0       0x18 CMakeFiles/wiiClassic.dir/C_/Users/ghand/Documents/Codes/Pico/Pico_SDK_1.5.1/pico-sdk/src/rp2_common/hardware_timer/timer.c.obj
                0x10001be0                hardware_alarm_claim
 .text.time_us_64
                0x10001bf8       0x18 CMakeFiles/wiiClassic.dir/C_/Users/ghand/Documents/Codes/Pico/Pico_SDK_1.5.1/pico-sdk/src/rp2_common/hardware_timer/timer.c.obj
                0x10001bf8                time_us_64
 .text.busy_wait_until
                0x10001c10       0x28 CMakeFiles/wiiClassic.dir/C_/Users/ghand/Documents/Codes/Pico/Pico_SDK_1.5.1/pico-sdk/src/rp2_common/hardware_timer/timer.c.obj
                0x10001c10                busy_wait_until
 .text.hardware_alarm_set_callback
                0x10001c38       0x90 CMakeFiles/wiiClassic.dir/C_/Users/ghand/Documents/Codes/Pico/Pico_SDK_1.5.1/pico-sdk/src/rp2_common/hardware_timer/timer.c.obj
                0x10001c38                hardware_alarm_set_callback
 .text.hardware_alarm_set_target
                0x10001cc8       0xe8 CMakeFiles/wiiClassic.dir/C_/Users/ghand/Documents/Codes/Pico/Pico_SDK_1.5.1/pico-sdk/src/rp2_common/hardware_timer/timer.c.obj
                0x10001cc8                hardware_alarm_set_target
 .text.hardware_alarm_cancel
                0x10001db0       0x40 CMakeFiles/wiiClassic.dir/C_/Users/ghand/Documents/Codes/Pico/Pico_SDK_1.5.1/pico-sdk/src/rp2_common/hardware_timer/timer.c.obj
                0x10001db0                hardware_alarm_cancel
 .text.ph_add_child_node
                0x10001df0       0xa4 CMakeFiles/wiiClassic.dir/C_/Users/ghand/Documents/Codes/Pico/Pico_SDK_1.5.1/pico-sdk/src/common/pico_util/pheap.c.obj
 .text.ph_merge_nodes
                0x10001e94       0x3e CMakeFiles/wiiClassic.dir/C_/Users/ghand/Documents/Codes/Pico/Pico_SDK_1.5.1/pico-sdk/src/common/pico_util/pheap.c.obj
 *fill*         0x10001ed2        0x2 
 .text.ph_clear
                0x10001ed4       0x70 CMakeFiles/wiiClassic.dir/C_/Users/ghand/Documents/Codes/Pico/Pico_SDK_1.5.1/pico-sdk/src/common/pico_util/pheap.c.obj
                0x10001ed4                ph_clear
 .text.ph_post_alloc_init
                0x10001f44        0xe CMakeFiles/wiiClassic.dir/C_/Users/ghand/Documents/Codes/Pico/Pico_SDK_1.5.1/pico-sdk/src/common/pico_util/pheap.c.obj
                0x10001f44                ph_post_alloc_init
 *fill*         0x10001f52        0x2 
 .text.ph_merge_two_pass
                0x10001f54       0xa8 CMakeFiles/wiiClassic.dir/C_/Users/ghand/Documents/Codes/Pico/Pico_SDK_1.5.1/pico-sdk/src/common/pico_util/pheap.c.obj
                0x10001f54                ph_merge_two_pass
 .text.ph_remove_any_head
                0x10001ffc      0x128 CMakeFiles/wiiClassic.dir/C_/Users/ghand/Documents/Codes/Pico/Pico_SDK_1.5.1/pico-sdk/src/common/pico_util/pheap.c.obj
 .text.ph_remove_head
                0x10002124       0x14 CMakeFiles/wiiClassic.dir/C_/Users/ghand/Documents/Codes/Pico/Pico_SDK_1.5.1/pico-sdk/src/common/pico_util/pheap.c.obj
                0x10002124                ph_remove_head
 .text.ph_remove_and_free_node
                0x10002138       0xf8 CMakeFiles/wiiClassic.dir/C_/Users/ghand/Documents/Codes/Pico/Pico_SDK_1.5.1/pico-sdk/src/common/pico_util/pheap.c.obj
                0x10002138                ph_remove_and_free_node
 .text.clock_configure
                0x10002230      0x108 CMakeFiles/wiiClassic.dir/C_/Users/ghand/Documents/Codes/Pico/Pico_SDK_1.5.1/pico-sdk/src/rp2_common/hardware_clocks/clocks.c.obj
                0x10002230                clock_configure
 .text.clocks_init
                0x10002338      0x100 CMakeFiles/wiiClassic.dir/C_/Users/ghand/Documents/Codes/Pico/Pico_SDK_1.5.1/pico-sdk/src/rp2_common/hardware_clocks/clocks.c.obj
                0x10002338                clocks_init
 .text.clock_get_hz
                0x10002438        0xc CMakeFiles/wiiClassic.dir/C_/Users/ghand/Documents/Codes/Pico/Pico_SDK_1.5.1/pico-sdk/src/rp2_common/hardware_clocks/clocks.c.obj
                0x10002438                clock_get_hz
 .text.pll_init
                0x10002444      0x120 CMakeFiles/wiiClassic.dir/C_/Users/ghand/Documents/Codes/Pico/Pico_SDK_1.5.1/pico-sdk/src/rp2_common/hardware_pll/pll.c.obj
                0x10002444                pll_init
 .text.watchdog_start_tick
                0x10002564       0x10 CMakeFiles/wiiClassic.dir/C_/Users/ghand/Documents/Codes/Pico/Pico_SDK_1.5.1/pico-sdk/src/rp2_common/hardware_watchdog/watchdog.c.obj
                0x10002564                watchdog_start_tick
 .text.watchdog_update
                0x10002574       0x14 CMakeFiles/wiiClassic.dir/C_/Users/ghand/Documents/Codes/Pico/Pico_SDK_1.5.1/pico-sdk/src/rp2_common/hardware_watchdog/watchdog.c.obj
                0x10002574                watchdog_update
 .text._watchdog_enable
                0x10002588       0x78 CMakeFiles/wiiClassic.dir/C_/Users/ghand/Documents/Codes/Pico/Pico_SDK_1.5.1/pico-sdk/src/rp2_common/hardware_watchdog/watchdog.c.obj
                0x10002588                _watchdog_enable
 .text.watchdog_reboot
                0x10002600       0x48 CMakeFiles/wiiClassic.dir/C_/Users/ghand/Documents/Codes/Pico/Pico_SDK_1.5.1/pico-sdk/src/rp2_common/hardware_watchdog/watchdog.c.obj
                0x10002600                watchdog_reboot
 .text.xosc_init
                0x10002648       0x28 CMakeFiles/wiiClassic.dir/C_/Users/ghand/Documents/Codes/Pico/Pico_SDK_1.5.1/pico-sdk/src/rp2_common/hardware_xosc/xosc.c.obj
                0x10002648                xosc_init
 .text._exit    0x10002670        0x4 CMakeFiles/wiiClassic.dir/C_/Users/ghand/Documents/Codes/Pico/Pico_SDK_1.5.1/pico-sdk/src/rp2_common/pico_runtime/runtime.c.obj
                0x10002670                _exit
 .text.exit     0x10002674        0x6 CMakeFiles/wiiClassic.dir/C_/Users/ghand/Documents/Codes/Pico/Pico_SDK_1.5.1/pico-sdk/src/rp2_common/pico_runtime/runtime.c.obj
                0x10002674                exit
 *fill*         0x1000267a        0x2 
 .text.__assert_func
                0x1000267c       0x3c CMakeFiles/wiiClassic.dir/C_/Users/ghand/Documents/Codes/Pico/Pico_SDK_1.5.1/pico-sdk/src/rp2_common/pico_runtime/runtime.c.obj
                0x1000267c                __assert_func
 .text.runtime_init
                0x100026b8       0xf8 CMakeFiles/wiiClassic.dir/C_/Users/ghand/Documents/Codes/Pico/Pico_SDK_1.5.1/pico-sdk/src/rp2_common/pico_runtime/runtime.c.obj
                0x100026b8                runtime_init
 .text.panic    0x100027b0       0x30 CMakeFiles/wiiClassic.dir/C_/Users/ghand/Documents/Codes/Pico/Pico_SDK_1.5.1/pico-sdk/src/rp2_common/pico_runtime/runtime.c.obj
                0x100027b0                panic
 .text._out_null
                0x100027e0        0x2 CMakeFiles/wiiClassic.dir/C_/Users/ghand/Documents/Codes/Pico/Pico_SDK_1.5.1/pico-sdk/src/rp2_common/pico_printf/printf.c.obj
 .text._out_fct
                0x100027e2        0xe CMakeFiles/wiiClassic.dir/C_/Users/ghand/Documents/Codes/Pico/Pico_SDK_1.5.1/pico-sdk/src/rp2_common/pico_printf/printf.c.obj
 .text._atoi    0x100027f0       0x24 CMakeFiles/wiiClassic.dir/C_/Users/ghand/Documents/Codes/Pico/Pico_SDK_1.5.1/pico-sdk/src/rp2_common/pico_printf/printf.c.obj
 .text._out_rev
                0x10002814       0xae CMakeFiles/wiiClassic.dir/C_/Users/ghand/Documents/Codes/Pico/Pico_SDK_1.5.1/pico-sdk/src/rp2_common/pico_printf/printf.c.obj
 .text._ntoa_format
                0x100028c2      0x112 CMakeFiles/wiiClassic.dir/C_/Users/ghand/Documents/Codes/Pico/Pico_SDK_1.5.1/pico-sdk/src/rp2_common/pico_printf/printf.c.obj
 .text._ntoa_long
                0x100029d4       0xbc CMakeFiles/wiiClassic.dir/C_/Users/ghand/Documents/Codes/Pico/Pico_SDK_1.5.1/pico-sdk/src/rp2_common/pico_printf/printf.c.obj
 .text._ntoa_long_long
                0x10002a90       0xe2 CMakeFiles/wiiClassic.dir/C_/Users/ghand/Documents/Codes/Pico/Pico_SDK_1.5.1/pico-sdk/src/rp2_common/pico_printf/printf.c.obj
 *fill*         0x10002b72        0x2 
 .text._etoa    0x10002b74      0x414 CMakeFiles/wiiClassic.dir/C_/Users/ghand/Documents/Codes/Pico/Pico_SDK_1.5.1/pico-sdk/src/rp2_common/pico_printf/printf.c.obj
 .text._ftoa    0x10002f88      0x354 CMakeFiles/wiiClassic.dir/C_/Users/ghand/Documents/Codes/Pico/Pico_SDK_1.5.1/pico-sdk/src/rp2_common/pico_printf/printf.c.obj
 .text._vsnprintf
                0x100032dc      0x624 CMakeFiles/wiiClassic.dir/C_/Users/ghand/Documents/Codes/Pico/Pico_SDK_1.5.1/pico-sdk/src/rp2_common/pico_printf/printf.c.obj
 .text.vfctprintf
                0x10003900       0x20 CMakeFiles/wiiClassic.dir/C_/Users/ghand/Documents/Codes/Pico/Pico_SDK_1.5.1/pico-sdk/src/rp2_common/pico_printf/printf.c.obj
                0x10003900                vfctprintf
 .text          0x10003920       0x10 CMakeFiles/wiiClassic.dir/C_/Users/ghand/Documents/Codes/Pico/Pico_SDK_1.5.1/pico-sdk/src/rp2_common/pico_bit_ops/bit_ops_aeabi.S.obj
 .text.rom_func_lookup
                0x10003930       0x10 CMakeFiles/wiiClassic.dir/C_/Users/ghand/Documents/Codes/Pico/Pico_SDK_1.5.1/pico-sdk/src/rp2_common/pico_bootrom/bootrom.c.obj
                0x10003930                rom_func_lookup
 .text.rom_data_lookup
                0x10003940       0x10 CMakeFiles/wiiClassic.dir/C_/Users/ghand/Documents/Codes/Pico/Pico_SDK_1.5.1/pico-sdk/src/rp2_common/pico_bootrom/bootrom.c.obj
                0x10003940                rom_data_lookup
 .text.rom_funcs_lookup
                0x10003950       0x36 CMakeFiles/wiiClassic.dir/C_/Users/ghand/Documents/Codes/Pico/Pico_SDK_1.5.1/pico-sdk/src/rp2_common/pico_bootrom/bootrom.c.obj
                0x10003950                rom_funcs_lookup
 *fill*         0x10003986        0x2 
 .text.__wrap___aeabi_idiv
                0x10003988       0x50 CMakeFiles/wiiClassic.dir/C_/Users/ghand/Documents/Codes/Pico/Pico_SDK_1.5.1/pico-sdk/src/rp2_common/pico_divider/divider.S.obj
                0x10003988                __wrap___aeabi_idivmod
                0x10003988                divmod_s32s32
                0x10003988                div_s32s32
                0x10003988                __wrap___aeabi_idiv
                0x10003990                divmod_s32s32_unsafe
                0x100039bc                divmod_s32s32_savestate
 .text.__wrap___aeabi_uidiv
                0x100039d8       0x4c CMakeFiles/wiiClassic.dir/C_/Users/ghand/Documents/Codes/Pico/Pico_SDK_1.5.1/pico-sdk/src/rp2_common/pico_divider/divider.S.obj
                0x100039d8                __wrap___aeabi_uidiv
                0x100039d8                __wrap___aeabi_uidivmod
                0x100039d8                div_u32u32
                0x100039d8                divmod_u32u32
                0x100039e0                divmod_u32u32_unsafe
                0x10003a08                divmod_u32u32_savestate
 .text.__wrap___aeabi_ldiv
                0x10003a24      0x424 CMakeFiles/wiiClassic.dir/C_/Users/ghand/Documents/Codes/Pico/Pico_SDK_1.5.1/pico-sdk/src/rp2_common/pico_divider/divider.S.obj
                0x10003a24                div_s64s64
                0x10003a24                divmod_s64s64
                0x10003a24                __wrap___aeabi_ldivmod
                0x10003a54                divmod_u64u64
                0x10003a54                div_u64u64
                0x10003a54                __wrap___aeabi_uldivmod
                0x10003a64                divmod_u64u64_savestate
                0x10003a84                divmod_s64s64_unsafe
                0x10003b0c                divmod_u64u64_unsafe
 .text.__wrap___aeabi_darithmetic
                0x10003e48       0x80 CMakeFiles/wiiClassic.dir/C_/Users/ghand/Documents/Codes/Pico/Pico_SDK_1.5.1/pico-sdk/src/rp2_common/pico_double/double_aeabi.S.obj
                0x10003e48                __wrap___aeabi_drsub
                0x10003e4e                __wrap___aeabi_dsub
                0x10003e60                __wrap___aeabi_dadd
                0x10003e72                __wrap___aeabi_ddiv
                0x10003eae                __wrap___aeabi_dmul
 .text.__wrap___aeabi_cdcmple
                0x10003ec8       0x6c CMakeFiles/wiiClassic.dir/C_/Users/ghand/Documents/Codes/Pico/Pico_SDK_1.5.1/pico-sdk/src/rp2_common/pico_double/double_aeabi.S.obj
                0x10003ec8                __wrap___aeabi_cdrcmple
                0x10003ed8                __wrap___aeabi_cdcmpeq
                0x10003ed8                __wrap___aeabi_cdcmple
 .text.__wrap___aeabi_dcmplt
                0x10003f34        0xc CMakeFiles/wiiClassic.dir/C_/Users/ghand/Documents/Codes/Pico/Pico_SDK_1.5.1/pico-sdk/src/rp2_common/pico_double/double_aeabi.S.obj
                0x10003f34                __wrap___aeabi_dcmplt
 .text.__wrap___aeabi_dcmple
                0x10003f40       0x10 CMakeFiles/wiiClassic.dir/C_/Users/ghand/Documents/Codes/Pico/Pico_SDK_1.5.1/pico-sdk/src/rp2_common/pico_double/double_aeabi.S.obj
                0x10003f40                __wrap___aeabi_dcmple
 .text.__wrap___aeabi_dcmpge
                0x10003f50       0x10 CMakeFiles/wiiClassic.dir/C_/Users/ghand/Documents/Codes/Pico/Pico_SDK_1.5.1/pico-sdk/src/rp2_common/pico_double/double_aeabi.S.obj
                0x10003f50                __wrap___aeabi_dcmpge
 .text.__wrap___aeabi_dcmpgt
                0x10003f60        0xa CMakeFiles/wiiClassic.dir/C_/Users/ghand/Documents/Codes/Pico/Pico_SDK_1.5.1/pico-sdk/src/rp2_common/pico_double/double_aeabi.S.obj
                0x10003f60                __wrap___aeabi_dcmpgt
 .text.__wrap___aeabi_dcmpun
                0x10003f6a       0x1c CMakeFiles/wiiClassic.dir/C_/Users/ghand/Documents/Codes/Pico/Pico_SDK_1.5.1/pico-sdk/src/rp2_common/pico_double/double_aeabi.S.obj
                0x10003f6a                __wrap___aeabi_dcmpun
 *fill*         0x10003f86        0x2 
 .text.__wrap___aeabi_i2d
                0x10003f88       0x38 CMakeFiles/wiiClassic.dir/C_/Users/ghand/Documents/Codes/Pico/Pico_SDK_1.5.1/pico-sdk/src/rp2_common/pico_double/double_aeabi.S.obj
                0x10003f88                __wrap___aeabi_ui2d
                0x10003f90                __wrap___aeabi_i2d
 .text.__wrap___aeabi_d2iz
                0x10003fc0       0x48 CMakeFiles/wiiClassic.dir/C_/Users/ghand/Documents/Codes/Pico/Pico_SDK_1.5.1/pico-sdk/src/rp2_common/pico_double/double_aeabi.S.obj
                0x10003fc0                double2int_z
                0x10003fc0                __wrap___aeabi_d2iz
 .text.__wrap___aeabi_d2uiz
                0x10004008       0x18 CMakeFiles/wiiClassic.dir/C_/Users/ghand/Documents/Codes/Pico/Pico_SDK_1.5.1/pico-sdk/src/rp2_common/pico_double/double_aeabi.S.obj
                0x10004008                __wrap___aeabi_d2uiz
                0x10004008                double2uint
 .text.__aeabi_double_init
                0x10004020       0xc8 CMakeFiles/wiiClassic.dir/C_/Users/ghand/Documents/Codes/Pico/Pico_SDK_1.5.1/pico-sdk/src/rp2_common/pico_double/double_init_rom.c.obj
                0x10004020                __aeabi_double_init
 .text.double_table_shim_on_use_helper
                0x100040e8       0x34 CMakeFiles/wiiClassic.dir/C_/Users/ghand/Documents/Codes/Pico/Pico_SDK_1.5.1/pico-sdk/src/rp2_common/pico_double/double_v1_rom_shim.S.obj
                0x100040e8                double_table_shim_on_use_helper
 .text.__wrap___aeabi_dsub
                0x1000411c       0x10 CMakeFiles/wiiClassic.dir/C_/Users/ghand/Documents/Codes/Pico/Pico_SDK_1.5.1/pico-sdk/src/rp2_common/pico_double/double_v1_rom_shim.S.obj
                0x1000411c                drsub_shim
                0x10004122                dsub_shim
 .text.dadd_shim
                0x1000412c      0x15c CMakeFiles/wiiClassic.dir/C_/Users/ghand/Documents/Codes/Pico/Pico_SDK_1.5.1/pico-sdk/src/rp2_common/pico_double/double_v1_rom_shim.S.obj
                0x1000412c                dadd_shim
 .text.dmul_shim
                0x10004288      0x15c CMakeFiles/wiiClassic.dir/C_/Users/ghand/Documents/Codes/Pico/Pico_SDK_1.5.1/pico-sdk/src/rp2_common/pico_double/double_v1_rom_shim.S.obj
                0x10004288                dmul_shim
 .text.ddiv_shim
                0x100043e4      0x1b0 CMakeFiles/wiiClassic.dir/C_/Users/ghand/Documents/Codes/Pico/Pico_SDK_1.5.1/pico-sdk/src/rp2_common/pico_double/double_v1_rom_shim.S.obj
                0x100043e4                ddiv_shim
 .text.double2uint_shim
                0x10004594        0xe CMakeFiles/wiiClassic.dir/C_/Users/ghand/Documents/Codes/Pico/Pico_SDK_1.5.1/pico-sdk/src/rp2_common/pico_double/double_v1_rom_shim.S.obj
                0x10004594                double2uint_shim
                0x10004596                double2ufix_shim
 *fill*         0x100045a2        0x2 
 .text.double2uint64_shim
                0x100045a4       0x70 CMakeFiles/wiiClassic.dir/C_/Users/ghand/Documents/Codes/Pico/Pico_SDK_1.5.1/pico-sdk/src/rp2_common/pico_double/double_v1_rom_shim.S.obj
                0x100045a4                double2uint64_shim
                0x100045a6                double2ufix64_shim
                0x100045c6                d2fix_a
 .text.dunpacks
                0x10004614       0x3c CMakeFiles/wiiClassic.dir/C_/Users/ghand/Documents/Codes/Pico/Pico_SDK_1.5.1/pico-sdk/src/rp2_common/pico_double/double_v1_rom_shim.S.obj
                0x10004614                dunpacks
 .text.__aeabi_lmul
                0x10004650       0x32 CMakeFiles/wiiClassic.dir/C_/Users/ghand/Documents/Codes/Pico/Pico_SDK_1.5.1/pico-sdk/src/rp2_common/pico_int64_ops/pico_int64_ops_aeabi.S.obj
                0x10004650                __wrap___aeabi_lmul
 *fill*         0x10004682        0x2 
 .text.__aeabi_float_init
                0x10004684       0xfc CMakeFiles/wiiClassic.dir/C_/Users/ghand/Documents/Codes/Pico/Pico_SDK_1.5.1/pico-sdk/src/rp2_common/pico_float/float_init_rom.c.obj
                0x10004684                __aeabi_float_init
 .text.float_table_shim_on_use_helper
                0x10004780       0x34 CMakeFiles/wiiClassic.dir/C_/Users/ghand/Documents/Codes/Pico/Pico_SDK_1.5.1/pico-sdk/src/rp2_common/pico_float/float_v1_rom_shim.S.obj
                0x10004780                float_table_shim_on_use_helper
 .text          0x100047b4       0x10 CMakeFiles/wiiClassic.dir/C_/Users/ghand/Documents/Codes/Pico/Pico_SDK_1.5.1/pico-sdk/src/rp2_common/pico_mem_ops/mem_ops_aeabi.S.obj
                0x100047b4                __aeabi_mem_init
 .text.memset   0x100047c4        0xc CMakeFiles/wiiClassic.dir/C_/Users/ghand/Documents/Codes/Pico/Pico_SDK_1.5.1/pico-sdk/src/rp2_common/pico_mem_ops/mem_ops_aeabi.S.obj
                0x100047c4                __wrap_memset
 .text.memcpy   0x100047d0        0xc CMakeFiles/wiiClassic.dir/C_/Users/ghand/Documents/Codes/Pico/Pico_SDK_1.5.1/pico-sdk/src/rp2_common/pico_mem_ops/mem_ops_aeabi.S.obj
                0x100047d0                __wrap_memcpy
                0x100047d0                __wrap___aeabi_memcpy
 .text.stdio_out_chars_no_crlf
                0x100047dc        0xe CMakeFiles/wiiClassic.dir/C_/Users/ghand/Documents/Codes/Pico/Pico_SDK_1.5.1/pico-sdk/src/rp2_common/pico_stdio/stdio.c.obj
 *fill*         0x100047ea        0x2 
 .text.stdio_out_chars_crlf
                0x100047ec       0x80 CMakeFiles/wiiClassic.dir/C_/Users/ghand/Documents/Codes/Pico/Pico_SDK_1.5.1/pico-sdk/src/rp2_common/pico_stdio/stdio.c.obj
 .text.stdio_stack_buffer_flush
                0x1000486c       0x44 CMakeFiles/wiiClassic.dir/C_/Users/ghand/Documents/Codes/Pico/Pico_SDK_1.5.1/pico-sdk/src/rp2_common/pico_stdio/stdio.c.obj
 .text.stdio_buffered_printer
                0x100048b0       0x20 CMakeFiles/wiiClassic.dir/C_/Users/ghand/Documents/Codes/Pico/Pico_SDK_1.5.1/pico-sdk/src/rp2_common/pico_stdio/stdio.c.obj
 .text.stdout_serialize_begin
                0x100048d0       0x5c CMakeFiles/wiiClassic.dir/C_/Users/ghand/Documents/Codes/Pico/Pico_SDK_1.5.1/pico-sdk/src/rp2_common/pico_stdio/stdio.c.obj
                0x100048d0                stdout_serialize_begin
 .text.stdout_serialize_end
                0x1000492c       0x10 CMakeFiles/wiiClassic.dir/C_/Users/ghand/Documents/Codes/Pico/Pico_SDK_1.5.1/pico-sdk/src/rp2_common/pico_stdio/stdio.c.obj
                0x1000492c                stdout_serialize_end
 .text.stdio_put_string
                0x1000493c       0x98 CMakeFiles/wiiClassic.dir/C_/Users/ghand/Documents/Codes/Pico/Pico_SDK_1.5.1/pico-sdk/src/rp2_common/pico_stdio/stdio.c.obj
 .text.stdio_set_driver_enabled
                0x100049d4       0x2c CMakeFiles/wiiClassic.dir/C_/Users/ghand/Documents/Codes/Pico/Pico_SDK_1.5.1/pico-sdk/src/rp2_common/pico_stdio/stdio.c.obj
                0x100049d4                stdio_set_driver_enabled
 .text.stdio_flush
                0x10004a00       0x20 CMakeFiles/wiiClassic.dir/C_/Users/ghand/Documents/Codes/Pico/Pico_SDK_1.5.1/pico-sdk/src/rp2_common/pico_stdio/stdio.c.obj
                0x10004a00                stdio_flush
 .text.__wrap_puts
                0x10004a20       0x1e CMakeFiles/wiiClassic.dir/C_/Users/ghand/Documents/Codes/Pico/Pico_SDK_1.5.1/pico-sdk/src/rp2_common/pico_stdio/stdio.c.obj
                0x10004a20                __wrap_puts
 *fill*         0x10004a3e        0x2 
 .text.__wrap_vprintf
                0x10004a40       0x40 CMakeFiles/wiiClassic.dir/C_/Users/ghand/Documents/Codes/Pico/Pico_SDK_1.5.1/pico-sdk/src/rp2_common/pico_stdio/stdio.c.obj
                0x10004a40                __wrap_vprintf
 .text.__wrap_printf
                0x10004a80       0x18 CMakeFiles/wiiClassic.dir/C_/Users/ghand/Documents/Codes/Pico/Pico_SDK_1.5.1/pico-sdk/src/rp2_common/pico_stdio/stdio.c.obj
                0x10004a80                __wrap_printf
 .text.stdio_init_all
                0x10004a98        0x8 CMakeFiles/wiiClassic.dir/C_/Users/ghand/Documents/Codes/Pico/Pico_SDK_1.5.1/pico-sdk/src/rp2_common/pico_stdio/stdio.c.obj
                0x10004a98                stdio_init_all
 .text.resetd_init
                0x10004aa0        0x2 CMakeFiles/wiiClassic.dir/C_/Users/ghand/Documents/Codes/Pico/Pico_SDK_1.5.1/pico-sdk/src/rp2_common/pico_stdio_usb/reset_interface.c.obj
 *fill*         0x10004aa2        0x2 
 .text.resetd_reset
                0x10004aa4        0xc CMakeFiles/wiiClassic.dir/C_/Users/ghand/Documents/Codes/Pico/Pico_SDK_1.5.1/pico-sdk/src/rp2_common/pico_stdio_usb/reset_interface.c.obj
 .text.resetd_open
                0x10004ab0       0x34 CMakeFiles/wiiClassic.dir/C_/Users/ghand/Documents/Codes/Pico/Pico_SDK_1.5.1/pico-sdk/src/rp2_common/pico_stdio_usb/reset_interface.c.obj
 .text.resetd_xfer_cb
                0x10004ae4        0x4 CMakeFiles/wiiClassic.dir/C_/Users/ghand/Documents/Codes/Pico/Pico_SDK_1.5.1/pico-sdk/src/rp2_common/pico_stdio_usb/reset_interface.c.obj
 .text.reset_usb_boot
                0x10004ae8       0x18 CMakeFiles/wiiClassic.dir/C_/Users/ghand/Documents/Codes/Pico/Pico_SDK_1.5.1/pico-sdk/src/rp2_common/pico_stdio_usb/reset_interface.c.obj
 .text.resetd_control_xfer_cb
                0x10004b00       0x5c CMakeFiles/wiiClassic.dir/C_/Users/ghand/Documents/Codes/Pico/Pico_SDK_1.5.1/pico-sdk/src/rp2_common/pico_stdio_usb/reset_interface.c.obj
 .text.usbd_app_driver_get_cb
                0x10004b5c        0xc CMakeFiles/wiiClassic.dir/C_/Users/ghand/Documents/Codes/Pico/Pico_SDK_1.5.1/pico-sdk/src/rp2_common/pico_stdio_usb/reset_interface.c.obj
                0x10004b5c                usbd_app_driver_get_cb
 .text.tud_cdc_line_coding_cb
                0x10004b68       0x28 CMakeFiles/wiiClassic.dir/C_/Users/ghand/Documents/Codes/Pico/Pico_SDK_1.5.1/pico-sdk/src/rp2_common/pico_stdio_usb/reset_interface.c.obj
                0x10004b68                tud_cdc_line_coding_cb
 .text.stdio_usb_set_chars_available_callback
                0x10004b90       0x14 CMakeFiles/wiiClassic.dir/C_/Users/ghand/Documents/Codes/Pico/Pico_SDK_1.5.1/pico-sdk/src/rp2_common/pico_stdio_usb/stdio_usb.c.obj
                0x10004b90                stdio_usb_set_chars_available_callback
 .text.usb_irq  0x10004ba4       0x10 CMakeFiles/wiiClassic.dir/C_/Users/ghand/Documents/Codes/Pico/Pico_SDK_1.5.1/pico-sdk/src/rp2_common/pico_stdio_usb/stdio_usb.c.obj
 .text.timer_task
                0x10004bb4       0x5c CMakeFiles/wiiClassic.dir/C_/Users/ghand/Documents/Codes/Pico/Pico_SDK_1.5.1/pico-sdk/src/rp2_common/pico_stdio_usb/stdio_usb.c.obj
 .text.low_priority_worker_irq
                0x10004c10       0xdc CMakeFiles/wiiClassic.dir/C_/Users/ghand/Documents/Codes/Pico/Pico_SDK_1.5.1/pico-sdk/src/rp2_common/pico_stdio_usb/stdio_usb.c.obj
 .text.tud_cdc_rx_cb
                0x10004cec       0x20 CMakeFiles/wiiClassic.dir/C_/Users/ghand/Documents/Codes/Pico/Pico_SDK_1.5.1/pico-sdk/src/rp2_common/pico_stdio_usb/stdio_usb.c.obj
                0x10004cec                tud_cdc_rx_cb
 .text.stdio_usb_init
                0x10004d0c      0x11c CMakeFiles/wiiClassic.dir/C_/Users/ghand/Documents/Codes/Pico/Pico_SDK_1.5.1/pico-sdk/src/rp2_common/pico_stdio_usb/stdio_usb.c.obj
                0x10004d0c                stdio_usb_init
 .text.stdio_usb_connected
                0x10004e28        0xa CMakeFiles/wiiClassic.dir/C_/Users/ghand/Documents/Codes/Pico/Pico_SDK_1.5.1/pico-sdk/src/rp2_common/pico_stdio_usb/stdio_usb.c.obj
                0x10004e28                stdio_usb_connected
 *fill*         0x10004e32        0x2 
 .text.stdio_usb_in_chars
                0x10004e34       0xc4 CMakeFiles/wiiClassic.dir/C_/Users/ghand/Documents/Codes/Pico/Pico_SDK_1.5.1/pico-sdk/src/rp2_common/pico_stdio_usb/stdio_usb.c.obj
                0x10004e34                stdio_usb_in_chars
 .text.stdio_usb_out_chars
                0x10004ef8      0x114 CMakeFiles/wiiClassic.dir/C_/Users/ghand/Documents/Codes/Pico/Pico_SDK_1.5.1/pico-sdk/src/rp2_common/pico_stdio_usb/stdio_usb.c.obj
 .text.tud_descriptor_device_cb
                0x1000500c        0x8 CMakeFiles/wiiClassic.dir/C_/Users/ghand/Documents/Codes/Pico/Pico_SDK_1.5.1/pico-sdk/src/rp2_common/pico_stdio_usb/stdio_usb_descriptors.c.obj
                0x1000500c                tud_descriptor_device_cb
 .text.tud_descriptor_configuration_cb
                0x10005014        0x8 CMakeFiles/wiiClassic.dir/C_/Users/ghand/Documents/Codes/Pico/Pico_SDK_1.5.1/pico-sdk/src/rp2_common/pico_stdio_usb/stdio_usb_descriptors.c.obj
                0x10005014                tud_descriptor_configuration_cb
 .text.tud_descriptor_string_cb
                0x1000501c       0x6c CMakeFiles/wiiClassic.dir/C_/Users/ghand/Documents/Codes/Pico/Pico_SDK_1.5.1/pico-sdk/src/rp2_common/pico_stdio_usb/stdio_usb_descriptors.c.obj
                0x1000501c                tud_descriptor_string_cb
 .text._retrieve_unique_id_on_boot
                0x10005088       0x10 CMakeFiles/wiiClassic.dir/C_/Users/ghand/Documents/Codes/Pico/Pico_SDK_1.5.1/pico-sdk/src/rp2_common/pico_unique_id/unique_id.c.obj
 .text.pico_get_unique_board_id_string
                0x10005098       0x60 CMakeFiles/wiiClassic.dir/C_/Users/ghand/Documents/Codes/Pico/Pico_SDK_1.5.1/pico-sdk/src/rp2_common/pico_unique_id/unique_id.c.obj
                0x10005098                pico_get_unique_board_id_string
 .text.flash_get_unique_id
                0x100050f8       0x46 CMakeFiles/wiiClassic.dir/C_/Users/ghand/Documents/Codes/Pico/Pico_SDK_1.5.1/pico-sdk/src/rp2_common/hardware_flash/flash.c.obj
                0x100050f8                flash_get_unique_id
 *fill*         0x1000513e        0x2 
 .text.hw_endpoint_get_by_addr
                0x10005140       0x18 CMakeFiles/wiiClassic.dir/C_/Users/ghand/Documents/Codes/Pico/Pico_SDK_1.5.1/pico-sdk/lib/tinyusb/src/portable/raspberrypi/rp2040/dcd_rp2040.c.obj
 .text._hw_endpoint_alloc
                0x10005158       0x70 CMakeFiles/wiiClassic.dir/C_/Users/ghand/Documents/Codes/Pico/Pico_SDK_1.5.1/pico-sdk/lib/tinyusb/src/portable/raspberrypi/rp2040/dcd_rp2040.c.obj
 .text.hw_endpoint_init
                0x100051c8       0x88 CMakeFiles/wiiClassic.dir/C_/Users/ghand/Documents/Codes/Pico/Pico_SDK_1.5.1/pico-sdk/lib/tinyusb/src/portable/raspberrypi/rp2040/dcd_rp2040.c.obj
 .text.hw_endpoint_xfer
                0x10005250       0x14 CMakeFiles/wiiClassic.dir/C_/Users/ghand/Documents/Codes/Pico/Pico_SDK_1.5.1/pico-sdk/lib/tinyusb/src/portable/raspberrypi/rp2040/dcd_rp2040.c.obj
 .text.dcd_int_enable
                0x10005264       0x2c CMakeFiles/wiiClassic.dir/C_/Users/ghand/Documents/Codes/Pico/Pico_SDK_1.5.1/pico-sdk/lib/tinyusb/src/portable/raspberrypi/rp2040/dcd_rp2040.c.obj
                0x10005264                dcd_int_enable
 .text.dcd_set_address
                0x10005290       0x2c CMakeFiles/wiiClassic.dir/C_/Users/ghand/Documents/Codes/Pico/Pico_SDK_1.5.1/pico-sdk/lib/tinyusb/src/portable/raspberrypi/rp2040/dcd_rp2040.c.obj
                0x10005290                dcd_set_address
 .text.dcd_connect
                0x100052bc       0x10 CMakeFiles/wiiClassic.dir/C_/Users/ghand/Documents/Codes/Pico/Pico_SDK_1.5.1/pico-sdk/lib/tinyusb/src/portable/raspberrypi/rp2040/dcd_rp2040.c.obj
                0x100052bc                dcd_connect
 .text.dcd_init
                0x100052cc       0x80 CMakeFiles/wiiClassic.dir/C_/Users/ghand/Documents/Codes/Pico/Pico_SDK_1.5.1/pico-sdk/lib/tinyusb/src/portable/raspberrypi/rp2040/dcd_rp2040.c.obj
                0x100052cc                dcd_init
 .text.dcd_edpt0_status_complete
                0x1000534c       0x1c CMakeFiles/wiiClassic.dir/C_/Users/ghand/Documents/Codes/Pico/Pico_SDK_1.5.1/pico-sdk/lib/tinyusb/src/portable/raspberrypi/rp2040/dcd_rp2040.c.obj
                0x1000534c                dcd_edpt0_status_complete
 .text.dcd_edpt_open
                0x10005368       0x40 CMakeFiles/wiiClassic.dir/C_/Users/ghand/Documents/Codes/Pico/Pico_SDK_1.5.1/pico-sdk/lib/tinyusb/src/portable/raspberrypi/rp2040/dcd_rp2040.c.obj
                0x10005368                dcd_edpt_open
 .text.dcd_edpt_close_all
                0x100053a8        0x8 CMakeFiles/wiiClassic.dir/C_/Users/ghand/Documents/Codes/Pico/Pico_SDK_1.5.1/pico-sdk/lib/tinyusb/src/portable/raspberrypi/rp2040/dcd_rp2040.c.obj
                0x100053a8                dcd_edpt_close_all
 .text.dcd_edpt_xfer
                0x100053b0       0x34 CMakeFiles/wiiClassic.dir/C_/Users/ghand/Documents/Codes/Pico/Pico_SDK_1.5.1/pico-sdk/lib/tinyusb/src/portable/raspberrypi/rp2040/dcd_rp2040.c.obj
                0x100053b0                dcd_edpt_xfer
 .text.dcd_edpt_stall
                0x100053e4       0x2c CMakeFiles/wiiClassic.dir/C_/Users/ghand/Documents/Codes/Pico/Pico_SDK_1.5.1/pico-sdk/lib/tinyusb/src/portable/raspberrypi/rp2040/dcd_rp2040.c.obj
                0x100053e4                dcd_edpt_stall
 .text.dcd_edpt_clear_stall
                0x10005410       0x20 CMakeFiles/wiiClassic.dir/C_/Users/ghand/Documents/Codes/Pico/Pico_SDK_1.5.1/pico-sdk/lib/tinyusb/src/portable/raspberrypi/rp2040/dcd_rp2040.c.obj
                0x10005410                dcd_edpt_clear_stall
 .text.rp2040_usb_init
                0x10005430       0x4c CMakeFiles/wiiClassic.dir/C_/Users/ghand/Documents/Codes/Pico/Pico_SDK_1.5.1/pico-sdk/lib/tinyusb/src/portable/raspberrypi/rp2040/rp2040_usb.c.obj
                0x10005430                rp2040_usb_init
 .text.hw_endpoint_xfer_start
                0x1000547c       0x50 CMakeFiles/wiiClassic.dir/C_/Users/ghand/Documents/Codes/Pico/Pico_SDK_1.5.1/pico-sdk/lib/tinyusb/src/portable/raspberrypi/rp2040/rp2040_usb.c.obj
                0x1000547c                hw_endpoint_xfer_start
 .text.configuration_reset
                0x100054cc       0x84 CMakeFiles/wiiClassic.dir/C_/Users/ghand/Documents/Codes/Pico/Pico_SDK_1.5.1/pico-sdk/lib/tinyusb/src/device/usbd.c.obj
 .text.usbd_reset
                0x10005550        0xc CMakeFiles/wiiClassic.dir/C_/Users/ghand/Documents/Codes/Pico/Pico_SDK_1.5.1/pico-sdk/lib/tinyusb/src/device/usbd.c.obj
 .text.invoke_class_control
                0x1000555c       0x1a CMakeFiles/wiiClassic.dir/C_/Users/ghand/Documents/Codes/Pico/Pico_SDK_1.5.1/pico-sdk/lib/tinyusb/src/device/usbd.c.obj
 *fill*         0x10005576        0x2 
 .text.process_set_config
                0x10005578      0x178 CMakeFiles/wiiClassic.dir/C_/Users/ghand/Documents/Codes/Pico/Pico_SDK_1.5.1/pico-sdk/lib/tinyusb/src/device/usbd.c.obj
 .text.process_get_descriptor
                0x100056f0       0xdc CMakeFiles/wiiClassic.dir/C_/Users/ghand/Documents/Codes/Pico/Pico_SDK_1.5.1/pico-sdk/lib/tinyusb/src/device/usbd.c.obj
 .text.tud_mounted
                0x100057cc       0x10 CMakeFiles/wiiClassic.dir/C_/Users/ghand/Documents/Codes/Pico/Pico_SDK_1.5.1/pico-sdk/lib/tinyusb/src/device/usbd.c.obj
                0x100057cc                tud_mounted
 .text.tud_suspended
                0x100057dc       0x10 CMakeFiles/wiiClassic.dir/C_/Users/ghand/Documents/Codes/Pico/Pico_SDK_1.5.1/pico-sdk/lib/tinyusb/src/device/usbd.c.obj
                0x100057dc                tud_suspended
 .text.tud_inited
                0x100057ec       0x14 CMakeFiles/wiiClassic.dir/C_/Users/ghand/Documents/Codes/Pico/Pico_SDK_1.5.1/pico-sdk/lib/tinyusb/src/device/usbd.c.obj
                0x100057ec                tud_inited
 .text.tud_init
                0x10005800       0xcc CMakeFiles/wiiClassic.dir/C_/Users/ghand/Documents/Codes/Pico/Pico_SDK_1.5.1/pico-sdk/lib/tinyusb/src/device/usbd.c.obj
                0x10005800                tud_init
 .text.usbd_defer_func
                0x100058cc       0x2a CMakeFiles/wiiClassic.dir/C_/Users/ghand/Documents/Codes/Pico/Pico_SDK_1.5.1/pico-sdk/lib/tinyusb/src/device/usbd.c.obj
                0x100058cc                usbd_defer_func
 *fill*         0x100058f6        0x2 
 .text.usbd_edpt_open
                0x100058f8       0x34 CMakeFiles/wiiClassic.dir/C_/Users/ghand/Documents/Codes/Pico/Pico_SDK_1.5.1/pico-sdk/lib/tinyusb/src/device/usbd.c.obj
                0x100058f8                usbd_edpt_open
 .text.usbd_open_edpt_pair
                0x1000592c       0x62 CMakeFiles/wiiClassic.dir/C_/Users/ghand/Documents/Codes/Pico/Pico_SDK_1.5.1/pico-sdk/lib/tinyusb/src/device/usbd.c.obj
                0x1000592c                usbd_open_edpt_pair
 *fill*         0x1000598e        0x2 
 .text.usbd_edpt_claim
                0x10005990       0x28 CMakeFiles/wiiClassic.dir/C_/Users/ghand/Documents/Codes/Pico/Pico_SDK_1.5.1/pico-sdk/lib/tinyusb/src/device/usbd.c.obj
                0x10005990                usbd_edpt_claim
 .text.usbd_edpt_release
                0x100059b8       0x28 CMakeFiles/wiiClassic.dir/C_/Users/ghand/Documents/Codes/Pico/Pico_SDK_1.5.1/pico-sdk/lib/tinyusb/src/device/usbd.c.obj
                0x100059b8                usbd_edpt_release
 .text.usbd_edpt_xfer
                0x100059e0       0x78 CMakeFiles/wiiClassic.dir/C_/Users/ghand/Documents/Codes/Pico/Pico_SDK_1.5.1/pico-sdk/lib/tinyusb/src/device/usbd.c.obj
                0x100059e0                usbd_edpt_xfer
 .text.usbd_edpt_stall
                0x10005a58       0x48 CMakeFiles/wiiClassic.dir/C_/Users/ghand/Documents/Codes/Pico/Pico_SDK_1.5.1/pico-sdk/lib/tinyusb/src/device/usbd.c.obj
                0x10005a58                usbd_edpt_stall
 .text.usbd_edpt_clear_stall
                0x10005aa0       0x48 CMakeFiles/wiiClassic.dir/C_/Users/ghand/Documents/Codes/Pico/Pico_SDK_1.5.1/pico-sdk/lib/tinyusb/src/device/usbd.c.obj
                0x10005aa0                usbd_edpt_clear_stall
 .text.usbd_edpt_stalled
                0x10005ae8       0x1c CMakeFiles/wiiClassic.dir/C_/Users/ghand/Documents/Codes/Pico/Pico_SDK_1.5.1/pico-sdk/lib/tinyusb/src/device/usbd.c.obj
                0x10005ae8                usbd_edpt_stalled
 .text.process_control_request
                0x10005b04      0x37c CMakeFiles/wiiClassic.dir/C_/Users/ghand/Documents/Codes/Pico/Pico_SDK_1.5.1/pico-sdk/lib/tinyusb/src/device/usbd.c.obj
 .text.tud_task_ext
                0x10005e80      0x1b8 CMakeFiles/wiiClassic.dir/C_/Users/ghand/Documents/Codes/Pico/Pico_SDK_1.5.1/pico-sdk/lib/tinyusb/src/device/usbd.c.obj
                0x10005e80                tud_task_ext
 .text._data_stage_xact
                0x10006038       0x58 CMakeFiles/wiiClassic.dir/C_/Users/ghand/Documents/Codes/Pico/Pico_SDK_1.5.1/pico-sdk/lib/tinyusb/src/device/usbd_control.c.obj
 .text.tud_control_status
                0x10006090       0x38 CMakeFiles/wiiClassic.dir/C_/Users/ghand/Documents/Codes/Pico/Pico_SDK_1.5.1/pico-sdk/lib/tinyusb/src/device/usbd_control.c.obj
                0x10006090                tud_control_status
 .text.tud_control_xfer
                0x100060c8       0x74 CMakeFiles/wiiClassic.dir/C_/Users/ghand/Documents/Codes/Pico/Pico_SDK_1.5.1/pico-sdk/lib/tinyusb/src/device/usbd_control.c.obj
                0x100060c8                tud_control_xfer
 .text.usbd_control_reset
                0x1000613c       0x14 CMakeFiles/wiiClassic.dir/C_/Users/ghand/Documents/Codes/Pico/Pico_SDK_1.5.1/pico-sdk/lib/tinyusb/src/device/usbd_control.c.obj
                0x1000613c                usbd_control_reset
 .text.usbd_control_set_complete_callback
                0x10006150        0xc CMakeFiles/wiiClassic.dir/C_/Users/ghand/Documents/Codes/Pico/Pico_SDK_1.5.1/pico-sdk/lib/tinyusb/src/device/usbd_control.c.obj
                0x10006150                usbd_control_set_complete_callback
 .text.usbd_control_set_request
                0x1000615c       0x1c CMakeFiles/wiiClassic.dir/C_/Users/ghand/Documents/Codes/Pico/Pico_SDK_1.5.1/pico-sdk/lib/tinyusb/src/device/usbd_control.c.obj
                0x1000615c                usbd_control_set_request
 .text.usbd_control_xfer_cb
                0x10006178       0xcc CMakeFiles/wiiClassic.dir/C_/Users/ghand/Documents/Codes/Pico/Pico_SDK_1.5.1/pico-sdk/lib/tinyusb/src/device/usbd_control.c.obj
                0x10006178                usbd_control_xfer_cb
 .text._prep_out_transaction
                0x10006244       0x4a CMakeFiles/wiiClassic.dir/C_/Users/ghand/Documents/Codes/Pico/Pico_SDK_1.5.1/pico-sdk/lib/tinyusb/src/class/cdc/cdc_device.c.obj
 *fill*         0x1000628e        0x2 
 .text.tud_cdc_n_connected
                0x10006290       0x44 CMakeFiles/wiiClassic.dir/C_/Users/ghand/Documents/Codes/Pico/Pico_SDK_1.5.1/pico-sdk/lib/tinyusb/src/class/cdc/cdc_device.c.obj
                0x10006290                tud_cdc_n_connected
 .text.tud_cdc_n_available
                0x100062d4       0x18 CMakeFiles/wiiClassic.dir/C_/Users/ghand/Documents/Codes/Pico/Pico_SDK_1.5.1/pico-sdk/lib/tinyusb/src/class/cdc/cdc_device.c.obj
                0x100062d4                tud_cdc_n_available
 .text.tud_cdc_n_read
                0x100062ec       0x28 CMakeFiles/wiiClassic.dir/C_/Users/ghand/Documents/Codes/Pico/Pico_SDK_1.5.1/pico-sdk/lib/tinyusb/src/class/cdc/cdc_device.c.obj
                0x100062ec                tud_cdc_n_read
 .text.tud_cdc_n_write_flush
                0x10006314       0xb8 CMakeFiles/wiiClassic.dir/C_/Users/ghand/Documents/Codes/Pico/Pico_SDK_1.5.1/pico-sdk/lib/tinyusb/src/class/cdc/cdc_device.c.obj
                0x10006314                tud_cdc_n_write_flush
 .text.tud_cdc_n_write
                0x100063cc       0x38 CMakeFiles/wiiClassic.dir/C_/Users/ghand/Documents/Codes/Pico/Pico_SDK_1.5.1/pico-sdk/lib/tinyusb/src/class/cdc/cdc_device.c.obj
                0x100063cc                tud_cdc_n_write
 .text.tud_cdc_n_write_available
                0x10006404       0x1c CMakeFiles/wiiClassic.dir/C_/Users/ghand/Documents/Codes/Pico/Pico_SDK_1.5.1/pico-sdk/lib/tinyusb/src/class/cdc/cdc_device.c.obj
                0x10006404                tud_cdc_n_write_available
 .text.cdcd_init
                0x10006420       0xbc CMakeFiles/wiiClassic.dir/C_/Users/ghand/Documents/Codes/Pico/Pico_SDK_1.5.1/pico-sdk/lib/tinyusb/src/class/cdc/cdc_device.c.obj
                0x10006420                cdcd_init
 .text.cdcd_reset
                0x100064dc       0x44 CMakeFiles/wiiClassic.dir/C_/Users/ghand/Documents/Codes/Pico/Pico_SDK_1.5.1/pico-sdk/lib/tinyusb/src/class/cdc/cdc_device.c.obj
                0x100064dc                cdcd_reset
 .text.cdcd_open
                0x10006520       0xcc CMakeFiles/wiiClassic.dir/C_/Users/ghand/Documents/Codes/Pico/Pico_SDK_1.5.1/pico-sdk/lib/tinyusb/src/class/cdc/cdc_device.c.obj
                0x10006520                cdcd_open
 .text.cdcd_control_xfer_cb
                0x100065ec      0x134 CMakeFiles/wiiClassic.dir/C_/Users/ghand/Documents/Codes/Pico/Pico_SDK_1.5.1/pico-sdk/lib/tinyusb/src/class/cdc/cdc_device.c.obj
                0x100065ec                cdcd_control_xfer_cb
 .text.cdcd_xfer_cb
                0x10006720      0x130 CMakeFiles/wiiClassic.dir/C_/Users/ghand/Documents/Codes/Pico/Pico_SDK_1.5.1/pico-sdk/lib/tinyusb/src/class/cdc/cdc_device.c.obj
                0x10006720                cdcd_xfer_cb
 .text.tusb_init
                0x10006850        0xa CMakeFiles/wiiClassic.dir/C_/Users/ghand/Documents/Codes/Pico/Pico_SDK_1.5.1/pico-sdk/lib/tinyusb/src/tusb.c.obj
                0x10006850                tusb_init
 .text.tusb_inited
                0x1000685a        0xe CMakeFiles/wiiClassic.dir/C_/Users/ghand/Documents/Codes/Pico/Pico_SDK_1.5.1/pico-sdk/lib/tinyusb/src/tusb.c.obj
                0x1000685a                tusb_inited
 .text.tu_edpt_claim
                0x10006868       0x50 CMakeFiles/wiiClassic.dir/C_/Users/ghand/Documents/Codes/Pico/Pico_SDK_1.5.1/pico-sdk/lib/tinyusb/src/tusb.c.obj
                0x10006868                tu_edpt_claim
 .text.tu_edpt_release
                0x100068b8       0x3c CMakeFiles/wiiClassic.dir/C_/Users/ghand/Documents/Codes/Pico/Pico_SDK_1.5.1/pico-sdk/lib/tinyusb/src/tusb.c.obj
                0x100068b8                tu_edpt_release
 .text.tu_edpt_validate
                0x100068f4       0x78 CMakeFiles/wiiClassic.dir/C_/Users/ghand/Documents/Codes/Pico/Pico_SDK_1.5.1/pico-sdk/lib/tinyusb/src/tusb.c.obj
                0x100068f4                tu_edpt_validate
 .text.tu_edpt_bind_driver
                0x1000696c       0x26 CMakeFiles/wiiClassic.dir/C_/Users/ghand/Documents/Codes/Pico/Pico_SDK_1.5.1/pico-sdk/lib/tinyusb/src/tusb.c.obj
                0x1000696c                tu_edpt_bind_driver
 .text.advance_index
                0x10006992       0x1a CMakeFiles/wiiClassic.dir/C_/Users/ghand/Documents/Codes/Pico/Pico_SDK_1.5.1/pico-sdk/lib/tinyusb/src/common/tusb_fifo.c.obj
 .text._tu_fifo_peek
                0x100069ac       0x56 CMakeFiles/wiiClassic.dir/C_/Users/ghand/Documents/Codes/Pico/Pico_SDK_1.5.1/pico-sdk/lib/tinyusb/src/common/tusb_fifo.c.obj
 .text._ff_pull_const_addr
                0x10006a02       0x4c CMakeFiles/wiiClassic.dir/C_/Users/ghand/Documents/Codes/Pico/Pico_SDK_1.5.1/pico-sdk/lib/tinyusb/src/common/tusb_fifo.c.obj
 .text._ff_pull_n
                0x10006a4e      0x110 CMakeFiles/wiiClassic.dir/C_/Users/ghand/Documents/Codes/Pico/Pico_SDK_1.5.1/pico-sdk/lib/tinyusb/src/common/tusb_fifo.c.obj
 .text._tu_fifo_peek_n
                0x10006b5e       0x6a CMakeFiles/wiiClassic.dir/C_/Users/ghand/Documents/Codes/Pico/Pico_SDK_1.5.1/pico-sdk/lib/tinyusb/src/common/tusb_fifo.c.obj
 .text._tu_fifo_read_n
                0x10006bc8       0x4e CMakeFiles/wiiClassic.dir/C_/Users/ghand/Documents/Codes/Pico/Pico_SDK_1.5.1/pico-sdk/lib/tinyusb/src/common/tusb_fifo.c.obj
 .text._ff_push_const_addr
                0x10006c16       0x40 CMakeFiles/wiiClassic.dir/C_/Users/ghand/Documents/Codes/Pico/Pico_SDK_1.5.1/pico-sdk/lib/tinyusb/src/common/tusb_fifo.c.obj
 .text._ff_push_n
                0x10006c56      0x10c CMakeFiles/wiiClassic.dir/C_/Users/ghand/Documents/Codes/Pico/Pico_SDK_1.5.1/pico-sdk/lib/tinyusb/src/common/tusb_fifo.c.obj
 .text._tu_fifo_write_n
                0x10006d62       0xf0 CMakeFiles/wiiClassic.dir/C_/Users/ghand/Documents/Codes/Pico/Pico_SDK_1.5.1/pico-sdk/lib/tinyusb/src/common/tusb_fifo.c.obj
 .text.tu_fifo_config
                0x10006e52       0x7c CMakeFiles/wiiClassic.dir/C_/Users/ghand/Documents/Codes/Pico/Pico_SDK_1.5.1/pico-sdk/lib/tinyusb/src/common/tusb_fifo.c.obj
                0x10006e52                tu_fifo_config
 .text.tu_fifo_count
                0x10006ece       0x2a CMakeFiles/wiiClassic.dir/C_/Users/ghand/Documents/Codes/Pico/Pico_SDK_1.5.1/pico-sdk/lib/tinyusb/src/common/tusb_fifo.c.obj
                0x10006ece                tu_fifo_count
 .text.tu_fifo_empty
                0x10006ef8       0x10 CMakeFiles/wiiClassic.dir/C_/Users/ghand/Documents/Codes/Pico/Pico_SDK_1.5.1/pico-sdk/lib/tinyusb/src/common/tusb_fifo.c.obj
                0x10006ef8                tu_fifo_empty
 .text.tu_fifo_full
                0x10006f08       0x28 CMakeFiles/wiiClassic.dir/C_/Users/ghand/Documents/Codes/Pico/Pico_SDK_1.5.1/pico-sdk/lib/tinyusb/src/common/tusb_fifo.c.obj
                0x10006f08                tu_fifo_full
 .text.tu_fifo_remaining
                0x10006f30       0x2c CMakeFiles/wiiClassic.dir/C_/Users/ghand/Documents/Codes/Pico/Pico_SDK_1.5.1/pico-sdk/lib/tinyusb/src/common/tusb_fifo.c.obj
                0x10006f30                tu_fifo_remaining
 .text.tu_fifo_read
                0x10006f5c       0x42 CMakeFiles/wiiClassic.dir/C_/Users/ghand/Documents/Codes/Pico/Pico_SDK_1.5.1/pico-sdk/lib/tinyusb/src/common/tusb_fifo.c.obj
                0x10006f5c                tu_fifo_read
 .text.tu_fifo_read_n
                0x10006f9e        0xa CMakeFiles/wiiClassic.dir/C_/Users/ghand/Documents/Codes/Pico/Pico_SDK_1.5.1/pico-sdk/lib/tinyusb/src/common/tusb_fifo.c.obj
                0x10006f9e                tu_fifo_read_n
 .text.tu_fifo_write
                0x10006fa8       0x64 CMakeFiles/wiiClassic.dir/C_/Users/ghand/Documents/Codes/Pico/Pico_SDK_1.5.1/pico-sdk/lib/tinyusb/src/common/tusb_fifo.c.obj
                0x10006fa8                tu_fifo_write
 .text.tu_fifo_write_n
                0x1000700c        0xa CMakeFiles/wiiClassic.dir/C_/Users/ghand/Documents/Codes/Pico/Pico_SDK_1.5.1/pico-sdk/lib/tinyusb/src/common/tusb_fifo.c.obj
                0x1000700c                tu_fifo_write_n
 .text.tu_fifo_clear
                0x10007016       0x3e CMakeFiles/wiiClassic.dir/C_/Users/ghand/Documents/Codes/Pico/Pico_SDK_1.5.1/pico-sdk/lib/tinyusb/src/common/tusb_fifo.c.obj
                0x10007016                tu_fifo_clear
 .text.tu_fifo_set_overwritable
                0x10007054       0x46 CMakeFiles/wiiClassic.dir/C_/Users/ghand/Documents/Codes/Pico/Pico_SDK_1.5.1/pico-sdk/lib/tinyusb/src/common/tusb_fifo.c.obj
                0x10007054                tu_fifo_set_overwritable
 .text.i2c_write_blocking_internal
                0x1000709a      0x140 CMakeFiles/wiiClassic.dir/C_/Users/ghand/Documents/Codes/Pico/Pico_SDK_1.5.1/pico-sdk/src/rp2_common/hardware_i2c/i2c.c.obj
 .text.i2c_read_blocking_internal
                0x100071da       0xe6 CMakeFiles/wiiClassic.dir/C_/Users/ghand/Documents/Codes/Pico/Pico_SDK_1.5.1/pico-sdk/src/rp2_common/hardware_i2c/i2c.c.obj
 .text.i2c_set_baudrate
                0x100072c0       0xf0 CMakeFiles/wiiClassic.dir/C_/Users/ghand/Documents/Codes/Pico/Pico_SDK_1.5.1/pico-sdk/src/rp2_common/hardware_i2c/i2c.c.obj
                0x100072c0                i2c_set_baudrate
 .text.i2c_init
                0x100073b0       0x58 CMakeFiles/wiiClassic.dir/C_/Users/ghand/Documents/Codes/Pico/Pico_SDK_1.5.1/pico-sdk/src/rp2_common/hardware_i2c/i2c.c.obj
                0x100073b0                i2c_init
 .text.i2c_write_blocking
                0x10007408       0x18 CMakeFiles/wiiClassic.dir/C_/Users/ghand/Documents/Codes/Pico/Pico_SDK_1.5.1/pico-sdk/src/rp2_common/hardware_i2c/i2c.c.obj
                0x10007408                i2c_write_blocking
 .text.i2c_read_blocking
                0x10007420       0x18 CMakeFiles/wiiClassic.dir/C_/Users/ghand/Documents/Codes/Pico/Pico_SDK_1.5.1/pico-sdk/src/rp2_common/hardware_i2c/i2c.c.obj
                0x10007420                i2c_read_blocking
 .text.strlen   0x10007438       0x5c c:/users/ghand/documents/codes/pico/pico_sdk_1.5.1/gcc-arm-none-eabi/bin/../lib/gcc/arm-none-eabi/10.3.1/../../../../arm-none-eabi/lib/thumb/v6-m/nofp\libg.a(lib_a-strlen-stub.o)
                0x10007438                strlen
 *(.fini)
 .fini          0x10007494        0x4 c:/users/ghand/documents/codes/pico/pico_sdk_1.5.1/gcc-arm-none-eabi/bin/../lib/gcc/arm-none-eabi/10.3.1/thumb/v6-m/nofp/crti.o
                0x10007494                _fini
 .fini.__stub   0x10007498       0xe0 linker stubs
 *crtbegin.o(.ctors)
 *crtbegin?.o(.ctors)
 *(EXCLUDE_FILE(*crtend.o *crtend?.o) .ctors)
 *(SORT_BY_NAME(.ctors.*))
 *(.ctors)
 *crtbegin.o(.dtors)
 *crtbegin?.o(.dtors)
 *(EXCLUDE_FILE(*crtend.o *crtend?.o) .dtors)
 *(SORT_BY_NAME(.dtors.*))
 *(.dtors)
 *(.eh_frame*)
 .eh_frame      0x10007578        0x0 c:/users/ghand/documents/codes/pico/pico_sdk_1.5.1/gcc-arm-none-eabi/bin/../lib/gcc/arm-none-eabi/10.3.1/thumb/v6-m/nofp/crtbegin.o
                0x10007578                . = ALIGN (0x4)

.glue_7         0x10007578        0x0
 .glue_7        0x10007578        0x0 linker stubs

.glue_7t        0x10007578        0x0
 .glue_7t       0x10007578        0x0 linker stubs

.vfp11_veneer   0x10007578        0x0
 .vfp11_veneer  0x10007578        0x0 linker stubs

.v4_bx          0x10007578        0x0
 .v4_bx         0x10007578        0x0 linker stubs

.iplt           0x10007578        0x0
 .iplt          0x10007578        0x0 c:/users/ghand/documents/codes/pico/pico_sdk_1.5.1/gcc-arm-none-eabi/bin/../lib/gcc/arm-none-eabi/10.3.1/thumb/v6-m/nofp/crtbegin.o

.rodata         0x10007578     0x1924
 *(EXCLUDE_FILE(*libm.a: *libc.a:*lib_a-mem*.o *libgcc.a:) .rodata*)
 .rodata.ClassicController_update.str1.4
                0x10007578       0x2c CMakeFiles/wiiClassic.dir/main.c.obj
 .rodata.ClassicController_button_report.str1.4
                0x100075a4       0xc0 CMakeFiles/wiiClassic.dir/main.c.obj
 .rodata.main.str1.4
                0x10007664       0x11 CMakeFiles/wiiClassic.dir/main.c.obj
 *fill*         0x10007675        0x3 
 .rodata.INIT_MSG_0
                0x10007678        0x2 CMakeFiles/wiiClassic.dir/main.c.obj
 *fill*         0x1000767a        0x2 
 .rodata.INIT_MSG_1
                0x1000767c        0x2 CMakeFiles/wiiClassic.dir/main.c.obj
 .rodata.REGISTER_READ_ADDR
                0x1000767e        0x1 CMakeFiles/wiiClassic.dir/main.c.obj
 *fill*         0x1000767f        0x1 
 .rodata.spin_lock_claim_unused.str1.4
                0x10007680       0x1b CMakeFiles/wiiClassic.dir/C_/Users/ghand/Documents/Codes/Pico/Pico_SDK_1.5.1/pico-sdk/src/rp2_common/hardware_sync/sync.c.obj
 *fill*         0x1000769b        0x1 
 .rodata.make_branch.str1.4
                0x1000769c       0x8e CMakeFiles/wiiClassic.dir/C_/Users/ghand/Documents/Codes/Pico/Pico_SDK_1.5.1/pico-sdk/src/rp2_common/hardware_irq/irq.c.obj
 *fill*         0x1000772a        0x2 
 .rodata.insert_branch_and_link.str1.4
                0x1000772c       0x10 CMakeFiles/wiiClassic.dir/C_/Users/ghand/Documents/Codes/Pico/Pico_SDK_1.5.1/pico-sdk/src/rp2_common/hardware_irq/irq.c.obj
 .rodata.irq_set_exclusive_handler.str1.4
                0x1000773c       0x36 CMakeFiles/wiiClassic.dir/C_/Users/ghand/Documents/Codes/Pico/Pico_SDK_1.5.1/pico-sdk/src/rp2_common/hardware_irq/irq.c.obj
 *fill*         0x10007772        0x2 
 .rodata.irq_add_shared_handler.str1.4
                0x10007774       0xd9 CMakeFiles/wiiClassic.dir/C_/Users/ghand/Documents/Codes/Pico/Pico_SDK_1.5.1/pico-sdk/src/rp2_common/hardware_irq/irq.c.obj
 *fill*         0x1000784d        0x3 
 .rodata.irq_remove_handler.str1.4
                0x10007850       0x3a CMakeFiles/wiiClassic.dir/C_/Users/ghand/Documents/Codes/Pico/Pico_SDK_1.5.1/pico-sdk/src/rp2_common/hardware_irq/irq.c.obj
 *fill*         0x1000788a        0x2 
 .rodata.irq_add_tail_to_free_list.str1.4
                0x1000788c       0x3a CMakeFiles/wiiClassic.dir/C_/Users/ghand/Documents/Codes/Pico/Pico_SDK_1.5.1/pico-sdk/src/rp2_common/hardware_irq/irq.c.obj
 *fill*         0x100078c6        0x2 
 .rodata.user_irq_claim_unused.str1.4
                0x100078c8       0x1b CMakeFiles/wiiClassic.dir/C_/Users/ghand/Documents/Codes/Pico/Pico_SDK_1.5.1/pico-sdk/src/rp2_common/hardware_irq/irq.c.obj
 *fill*         0x100078e3        0x1 
 .rodata.__func__.0
                0x100078e4       0x1a CMakeFiles/wiiClassic.dir/C_/Users/ghand/Documents/Codes/Pico/Pico_SDK_1.5.1/pico-sdk/src/rp2_common/hardware_irq/irq.c.obj
 *fill*         0x100078fe        0x2 
 .rodata.__func__.1
                0x10007900       0x17 CMakeFiles/wiiClassic.dir/C_/Users/ghand/Documents/Codes/Pico/Pico_SDK_1.5.1/pico-sdk/src/rp2_common/hardware_irq/irq.c.obj
 *fill*         0x10007917        0x1 
 .rodata.__func__.2
                0x10007918       0x13 CMakeFiles/wiiClassic.dir/C_/Users/ghand/Documents/Codes/Pico/Pico_SDK_1.5.1/pico-sdk/src/rp2_common/hardware_irq/irq.c.obj
 *fill*         0x1000792b        0x1 
 .rodata.__func__.3
                0x1000792c        0xc CMakeFiles/wiiClassic.dir/C_/Users/ghand/Documents/Codes/Pico/Pico_SDK_1.5.1/pico-sdk/src/rp2_common/hardware_irq/irq.c.obj
 .rodata.__func__.4
                0x10007938        0xf CMakeFiles/wiiClassic.dir/C_/Users/ghand/Documents/Codes/Pico/Pico_SDK_1.5.1/pico-sdk/src/rp2_common/hardware_irq/irq.c.obj
 *fill*         0x10007947        0x1 
 .rodata.__func__.5
                0x10007948       0x17 CMakeFiles/wiiClassic.dir/C_/Users/ghand/Documents/Codes/Pico/Pico_SDK_1.5.1/pico-sdk/src/rp2_common/hardware_irq/irq.c.obj
 *fill*         0x1000795f        0x1 
 .rodata.__func__.6
                0x10007960       0x1a CMakeFiles/wiiClassic.dir/C_/Users/ghand/Documents/Codes/Pico/Pico_SDK_1.5.1/pico-sdk/src/rp2_common/hardware_irq/irq.c.obj
 *fill*         0x1000797a        0x2 
 .rodata.str1.4
                0x1000797c      0x131 CMakeFiles/wiiClassic.dir/C_/Users/ghand/Documents/Codes/Pico/Pico_SDK_1.5.1/pico-sdk/src/common/pico_sync/mutex.c.obj
 *fill*         0x10007aad        0x3 
 .rodata.__func__.1
                0x10007ab0        0xb CMakeFiles/wiiClassic.dir/C_/Users/ghand/Documents/Codes/Pico/Pico_SDK_1.5.1/pico-sdk/src/common/pico_sync/mutex.c.obj
 *fill*         0x10007abb        0x1 
 .rodata.__func__.3
                0x10007abc       0x18 CMakeFiles/wiiClassic.dir/C_/Users/ghand/Documents/Codes/Pico/Pico_SDK_1.5.1/pico-sdk/src/common/pico_sync/mutex.c.obj
 .rodata.__func__.4
                0x10007ad4       0x15 CMakeFiles/wiiClassic.dir/C_/Users/ghand/Documents/Codes/Pico/Pico_SDK_1.5.1/pico-sdk/src/common/pico_sync/mutex.c.obj
 *fill*         0x10007ae9        0x3 
 .rodata.repeating_timer_callback.str1.4
                0x10007aec       0x6c CMakeFiles/wiiClassic.dir/C_/Users/ghand/Documents/Codes/Pico/Pico_SDK_1.5.1/pico-sdk/src/common/pico_time/time.c.obj
 .rodata.timer_pool_entry_comparator.str1.4
                0x10007b58       0x22 CMakeFiles/wiiClassic.dir/C_/Users/ghand/Documents/Codes/Pico/Pico_SDK_1.5.1/pico-sdk/src/common/pico_time/time.c.obj
 *fill*         0x10007b7a        0x2 
 .rodata.ph_add_child_node.str1.4
                0x10007b7c       0xb6 CMakeFiles/wiiClassic.dir/C_/Users/ghand/Documents/Codes/Pico/Pico_SDK_1.5.1/pico-sdk/src/common/pico_time/time.c.obj
 *fill*         0x10007c32        0x2 
 .rodata.add_alarm_under_lock.str1.4
                0x10007c34       0x28 CMakeFiles/wiiClassic.dir/C_/Users/ghand/Documents/Codes/Pico/Pico_SDK_1.5.1/pico-sdk/src/common/pico_time/time.c.obj
                                 0x2b (size before relaxing)
 .rodata.alarm_pool_alarm_callback.str1.4
                0x10007c5c       0x98 CMakeFiles/wiiClassic.dir/C_/Users/ghand/Documents/Codes/Pico/Pico_SDK_1.5.1/pico-sdk/src/common/pico_time/time.c.obj
                                0x11c (size before relaxing)
 .rodata.alarm_pool_get_default.str1.4
                0x10007cf4       0x21 CMakeFiles/wiiClassic.dir/C_/Users/ghand/Documents/Codes/Pico/Pico_SDK_1.5.1/pico-sdk/src/common/pico_time/time.c.obj
 *fill*         0x10007d15        0x3 
 .rodata.alarm_pool_cancel_alarm.str1.4
                0x10007d18       0x27 CMakeFiles/wiiClassic.dir/C_/Users/ghand/Documents/Codes/Pico/Pico_SDK_1.5.1/pico-sdk/src/common/pico_time/time.c.obj
 *fill*         0x10007d3f        0x1 
 .rodata.sleep_until.str1.4
                0x10007d40       0x4d CMakeFiles/wiiClassic.dir/C_/Users/ghand/Documents/Codes/Pico/Pico_SDK_1.5.1/pico-sdk/src/common/pico_time/time.c.obj
 *fill*         0x10007d8d        0x3 
 .rodata.__func__.1
                0x10007d90       0x18 CMakeFiles/wiiClassic.dir/C_/Users/ghand/Documents/Codes/Pico/Pico_SDK_1.5.1/pico-sdk/src/common/pico_time/time.c.obj
 .rodata.__func__.10
                0x10007da8       0x15 CMakeFiles/wiiClassic.dir/C_/Users/ghand/Documents/Codes/Pico/Pico_SDK_1.5.1/pico-sdk/src/common/pico_time/time.c.obj
 *fill*         0x10007dbd        0x3 
 .rodata.__func__.11
                0x10007dc0       0x1a CMakeFiles/wiiClassic.dir/C_/Users/ghand/Documents/Codes/Pico/Pico_SDK_1.5.1/pico-sdk/src/common/pico_time/time.c.obj
 *fill*         0x10007dda        0x2 
 .rodata.__func__.12
                0x10007ddc        0xa CMakeFiles/wiiClassic.dir/C_/Users/ghand/Documents/Codes/Pico/Pico_SDK_1.5.1/pico-sdk/src/common/pico_time/time.c.obj
 *fill*         0x10007de6        0x2 
 .rodata.__func__.3
                0x10007de8       0x17 CMakeFiles/wiiClassic.dir/C_/Users/ghand/Documents/Codes/Pico/Pico_SDK_1.5.1/pico-sdk/src/common/pico_time/time.c.obj
 *fill*         0x10007dff        0x1 
 .rodata.__func__.4
                0x10007e00       0x12 CMakeFiles/wiiClassic.dir/C_/Users/ghand/Documents/Codes/Pico/Pico_SDK_1.5.1/pico-sdk/src/common/pico_time/time.c.obj
 *fill*         0x10007e12        0x2 
 .rodata.__func__.5
                0x10007e14        0xd CMakeFiles/wiiClassic.dir/C_/Users/ghand/Documents/Codes/Pico/Pico_SDK_1.5.1/pico-sdk/src/common/pico_time/time.c.obj
 *fill*         0x10007e21        0x3 
 .rodata.__func__.6
                0x10007e24       0x12 CMakeFiles/wiiClassic.dir/C_/Users/ghand/Documents/Codes/Pico/Pico_SDK_1.5.1/pico-sdk/src/common/pico_time/time.c.obj
 *fill*         0x10007e36        0x2 
 .rodata.__func__.7
                0x10007e38        0xf CMakeFiles/wiiClassic.dir/C_/Users/ghand/Documents/Codes/Pico/Pico_SDK_1.5.1/pico-sdk/src/common/pico_time/time.c.obj
 *fill*         0x10007e47        0x1 
 .rodata.__func__.8
                0x10007e48        0xc CMakeFiles/wiiClassic.dir/C_/Users/ghand/Documents/Codes/Pico/Pico_SDK_1.5.1/pico-sdk/src/common/pico_time/time.c.obj
 .rodata.__func__.9
                0x10007e54       0x15 CMakeFiles/wiiClassic.dir/C_/Users/ghand/Documents/Codes/Pico/Pico_SDK_1.5.1/pico-sdk/src/common/pico_time/time.c.obj
 *fill*         0x10007e69        0x3 
 .rodata.hardware_alarm_claim.str1.4
                0x10007e6c       0x22 CMakeFiles/wiiClassic.dir/C_/Users/ghand/Documents/Codes/Pico/Pico_SDK_1.5.1/pico-sdk/src/rp2_common/hardware_timer/timer.c.obj
 *fill*         0x10007e8e        0x2 
 .rodata.hardware_alarm_set_target.str1.4
                0x10007e90       0x86 CMakeFiles/wiiClassic.dir/C_/Users/ghand/Documents/Codes/Pico/Pico_SDK_1.5.1/pico-sdk/src/rp2_common/hardware_timer/timer.c.obj
 *fill*         0x10007f16        0x2 
 .rodata.__func__.0
                0x10007f18       0x1a CMakeFiles/wiiClassic.dir/C_/Users/ghand/Documents/Codes/Pico/Pico_SDK_1.5.1/pico-sdk/src/rp2_common/hardware_timer/timer.c.obj
 .rodata.ph_add_child_node.str1.4
                0x10007f32       0xb6 CMakeFiles/wiiClassic.dir/C_/Users/ghand/Documents/Codes/Pico/Pico_SDK_1.5.1/pico-sdk/src/common/pico_util/pheap.c.obj
 *fill*         0x10007f32        0x2 
 .rodata.ph_remove_any_head.str1.4
                0x10007f34       0xb0 CMakeFiles/wiiClassic.dir/C_/Users/ghand/Documents/Codes/Pico/Pico_SDK_1.5.1/pico-sdk/src/common/pico_util/pheap.c.obj
                                 0xc4 (size before relaxing)
 .rodata.ph_remove_and_free_node.str1.4
                0x10007fe4       0x1e CMakeFiles/wiiClassic.dir/C_/Users/ghand/Documents/Codes/Pico/Pico_SDK_1.5.1/pico-sdk/src/common/pico_util/pheap.c.obj
                                 0x26 (size before relaxing)
 *fill*         0x10008002        0x2 
 .rodata.__func__.0
                0x10008004       0x18 CMakeFiles/wiiClassic.dir/C_/Users/ghand/Documents/Codes/Pico/Pico_SDK_1.5.1/pico-sdk/src/common/pico_util/pheap.c.obj
 .rodata.__func__.1
                0x1000801c       0x13 CMakeFiles/wiiClassic.dir/C_/Users/ghand/Documents/Codes/Pico/Pico_SDK_1.5.1/pico-sdk/src/common/pico_util/pheap.c.obj
 *fill*         0x1000802f        0x1 
 .rodata.__func__.2
                0x10008030       0x12 CMakeFiles/wiiClassic.dir/C_/Users/ghand/Documents/Codes/Pico/Pico_SDK_1.5.1/pico-sdk/src/common/pico_util/pheap.c.obj
 *fill*         0x10008042        0x2 
 .rodata.__func__.3
                0x10008044        0xc CMakeFiles/wiiClassic.dir/C_/Users/ghand/Documents/Codes/Pico/Pico_SDK_1.5.1/pico-sdk/src/common/pico_util/pheap.c.obj
 .rodata.clock_configure.str1.4
                0x10008050       0x78 CMakeFiles/wiiClassic.dir/C_/Users/ghand/Documents/Codes/Pico/Pico_SDK_1.5.1/pico-sdk/src/rp2_common/hardware_clocks/clocks.c.obj
 .rodata.__func__.1
                0x100080c8       0x10 CMakeFiles/wiiClassic.dir/C_/Users/ghand/Documents/Codes/Pico/Pico_SDK_1.5.1/pico-sdk/src/rp2_common/hardware_clocks/clocks.c.obj
 .rodata.pll_init.str1.4
                0x100080d8      0x144 CMakeFiles/wiiClassic.dir/C_/Users/ghand/Documents/Codes/Pico/Pico_SDK_1.5.1/pico-sdk/src/rp2_common/hardware_pll/pll.c.obj
 .rodata.__func__.0
                0x1000821c        0x9 CMakeFiles/wiiClassic.dir/C_/Users/ghand/Documents/Codes/Pico/Pico_SDK_1.5.1/pico-sdk/src/rp2_common/hardware_pll/pll.c.obj
 *fill*         0x10008225        0x3 
 .rodata.__assert_func.str1.4
                0x10008228       0x3f CMakeFiles/wiiClassic.dir/C_/Users/ghand/Documents/Codes/Pico/Pico_SDK_1.5.1/pico-sdk/src/rp2_common/pico_runtime/runtime.c.obj
                                 0x43 (size before relaxing)
 *fill*         0x10008267        0x1 
 .rodata.runtime_init.str1.4
                0x10008268       0x82 CMakeFiles/wiiClassic.dir/C_/Users/ghand/Documents/Codes/Pico/Pico_SDK_1.5.1/pico-sdk/src/rp2_common/pico_runtime/runtime.c.obj
 *fill*         0x100082ea        0x2 
 .rodata.panic.str1.4
                0x100082ec       0x10 CMakeFiles/wiiClassic.dir/C_/Users/ghand/Documents/Codes/Pico/Pico_SDK_1.5.1/pico-sdk/src/rp2_common/pico_runtime/runtime.c.obj
                                 0x12 (size before relaxing)
 .rodata.__func__.2
                0x100082fc        0xd CMakeFiles/wiiClassic.dir/C_/Users/ghand/Documents/Codes/Pico/Pico_SDK_1.5.1/pico-sdk/src/rp2_common/pico_runtime/runtime.c.obj
 *fill*         0x10008309        0x3 
 .rodata._ftoa.str1.4
                0x1000830c       0x15 CMakeFiles/wiiClassic.dir/C_/Users/ghand/Documents/Codes/Pico/Pico_SDK_1.5.1/pico-sdk/src/rp2_common/pico_printf/printf.c.obj
 *fill*         0x10008321        0x3 
 .rodata._vsnprintf
                0x10008324      0x1e0 CMakeFiles/wiiClassic.dir/C_/Users/ghand/Documents/Codes/Pico/Pico_SDK_1.5.1/pico-sdk/src/rp2_common/pico_printf/printf.c.obj
 *fill*         0x10008504        0x4 
 .rodata.pow10.0
                0x10008508       0x50 CMakeFiles/wiiClassic.dir/C_/Users/ghand/Documents/Codes/Pico/Pico_SDK_1.5.1/pico-sdk/src/rp2_common/pico_printf/printf.c.obj
 .rodata.__aeabi_double_init.str1.4
                0x10008558       0xbd CMakeFiles/wiiClassic.dir/C_/Users/ghand/Documents/Codes/Pico/Pico_SDK_1.5.1/pico-sdk/src/rp2_common/pico_double/double_init_rom.c.obj
 *fill*         0x10008615        0x3 
 .rodata.__func__.0
                0x10008618       0x14 CMakeFiles/wiiClassic.dir/C_/Users/ghand/Documents/Codes/Pico/Pico_SDK_1.5.1/pico-sdk/src/rp2_common/pico_double/double_init_rom.c.obj
 .rodata.__aeabi_float_init.str1.4
                0x1000862c       0x9b CMakeFiles/wiiClassic.dir/C_/Users/ghand/Documents/Codes/Pico/Pico_SDK_1.5.1/pico-sdk/src/rp2_common/pico_float/float_init_rom.c.obj
                                 0x9f (size before relaxing)
 *fill*         0x100086c7        0x1 
 .rodata.__func__.0
                0x100086c8       0x13 CMakeFiles/wiiClassic.dir/C_/Users/ghand/Documents/Codes/Pico/Pico_SDK_1.5.1/pico-sdk/src/rp2_common/pico_float/float_init_rom.c.obj
 *fill*         0x100086db        0x1 
 .rodata.str1.4
                0x100086dc       0x40 CMakeFiles/wiiClassic.dir/C_/Users/ghand/Documents/Codes/Pico/Pico_SDK_1.5.1/pico-sdk/src/rp2_common/pico_standard_link/binary_info.c.obj
 .rodata.__bi_44
                0x1000871c        0xc CMakeFiles/wiiClassic.dir/C_/Users/ghand/Documents/Codes/Pico/Pico_SDK_1.5.1/pico-sdk/src/rp2_common/pico_standard_link/binary_info.c.obj
 .rodata.__bi_75
                0x10008728        0xc CMakeFiles/wiiClassic.dir/C_/Users/ghand/Documents/Codes/Pico/Pico_SDK_1.5.1/pico-sdk/src/rp2_common/pico_standard_link/binary_info.c.obj
 .rodata.__bi_81
                0x10008734        0xc CMakeFiles/wiiClassic.dir/C_/Users/ghand/Documents/Codes/Pico/Pico_SDK_1.5.1/pico-sdk/src/rp2_common/pico_standard_link/binary_info.c.obj
 .rodata.stdout_serialize_begin.str1.4
                0x10008740       0x82 CMakeFiles/wiiClassic.dir/C_/Users/ghand/Documents/Codes/Pico/Pico_SDK_1.5.1/pico-sdk/src/rp2_common/pico_stdio/stdio.c.obj
 .rodata.__func__.3
                0x10008740       0x15 CMakeFiles/wiiClassic.dir/C_/Users/ghand/Documents/Codes/Pico/Pico_SDK_1.5.1/pico-sdk/src/rp2_common/pico_stdio/stdio.c.obj
 *fill*         0x10008755        0x3 
 .rodata.crlf_str.2
                0x10008758        0x2 CMakeFiles/wiiClassic.dir/C_/Users/ghand/Documents/Codes/Pico/Pico_SDK_1.5.1/pico-sdk/src/rp2_common/pico_stdio/stdio.c.obj
 *fill*         0x1000875a        0x2 
 .rodata._resetd_driver
                0x1000875c       0x18 CMakeFiles/wiiClassic.dir/C_/Users/ghand/Documents/Codes/Pico/Pico_SDK_1.5.1/pico-sdk/src/rp2_common/pico_stdio_usb/reset_interface.c.obj
 .rodata.low_priority_worker_irq.str1.4
                0x10008774       0x82 CMakeFiles/wiiClassic.dir/C_/Users/ghand/Documents/Codes/Pico/Pico_SDK_1.5.1/pico-sdk/src/rp2_common/pico_stdio_usb/stdio_usb.c.obj
 .rodata.stdio_usb_init.str1.4
                0x10008774       0x66 CMakeFiles/wiiClassic.dir/C_/Users/ghand/Documents/Codes/Pico/Pico_SDK_1.5.1/pico-sdk/src/rp2_common/pico_stdio_usb/stdio_usb.c.obj
                                 0x6e (size before relaxing)
 *fill*         0x100087da        0x2 
 .rodata.str1.4
                0x100087dc       0x13 CMakeFiles/wiiClassic.dir/C_/Users/ghand/Documents/Codes/Pico/Pico_SDK_1.5.1/pico-sdk/src/rp2_common/pico_stdio_usb/stdio_usb.c.obj
 *fill*         0x100087ef        0x1 
 .rodata.__bi_182.0
                0x100087f0        0xc CMakeFiles/wiiClassic.dir/C_/Users/ghand/Documents/Codes/Pico/Pico_SDK_1.5.1/pico-sdk/src/rp2_common/pico_stdio_usb/stdio_usb.c.obj
 .rodata.__func__.1
                0x100087fc        0xf CMakeFiles/wiiClassic.dir/C_/Users/ghand/Documents/Codes/Pico/Pico_SDK_1.5.1/pico-sdk/src/rp2_common/pico_stdio_usb/stdio_usb.c.obj
 *fill*         0x1000880b        0x1 
 .rodata.__func__.3
                0x1000880c       0x15 CMakeFiles/wiiClassic.dir/C_/Users/ghand/Documents/Codes/Pico/Pico_SDK_1.5.1/pico-sdk/src/rp2_common/pico_stdio_usb/stdio_usb.c.obj
 *fill*         0x10008821        0x3 
 .rodata.str1.4
                0x10008824       0x2a CMakeFiles/wiiClassic.dir/C_/Users/ghand/Documents/Codes/Pico/Pico_SDK_1.5.1/pico-sdk/src/rp2_common/pico_stdio_usb/stdio_usb_descriptors.c.obj
 *fill*         0x1000884e        0x2 
 .rodata.usbd_desc_cfg
                0x10008850       0x54 CMakeFiles/wiiClassic.dir/C_/Users/ghand/Documents/Codes/Pico/Pico_SDK_1.5.1/pico-sdk/src/rp2_common/pico_stdio_usb/stdio_usb_descriptors.c.obj
 .rodata.usbd_desc_device
                0x100088a4       0x12 CMakeFiles/wiiClassic.dir/C_/Users/ghand/Documents/Codes/Pico/Pico_SDK_1.5.1/pico-sdk/src/rp2_common/pico_stdio_usb/stdio_usb_descriptors.c.obj
 *fill*         0x100088b6        0x2 
 .rodata.usbd_desc_str
                0x100088b8       0x18 CMakeFiles/wiiClassic.dir/C_/Users/ghand/Documents/Codes/Pico/Pico_SDK_1.5.1/pico-sdk/src/rp2_common/pico_stdio_usb/stdio_usb_descriptors.c.obj
 .rodata.pico_get_unique_board_id_string.str1.4
                0x100088d0       0x6e CMakeFiles/wiiClassic.dir/C_/Users/ghand/Documents/Codes/Pico/Pico_SDK_1.5.1/pico-sdk/src/rp2_common/pico_unique_id/unique_id.c.obj
 *fill*         0x1000893e        0x2 
 .rodata.__func__.0
                0x10008940       0x20 CMakeFiles/wiiClassic.dir/C_/Users/ghand/Documents/Codes/Pico/Pico_SDK_1.5.1/pico-sdk/src/rp2_common/pico_unique_id/unique_id.c.obj
 .rodata.str1.4
                0x10008960      0x17a CMakeFiles/wiiClassic.dir/C_/Users/ghand/Documents/Codes/Pico/Pico_SDK_1.5.1/pico-sdk/src/rp2_common/hardware_flash/flash.c.obj
 *fill*         0x10008ada        0x2 
 .rodata.__func__.0
                0x10008adc        0xd CMakeFiles/wiiClassic.dir/C_/Users/ghand/Documents/Codes/Pico/Pico_SDK_1.5.1/pico-sdk/src/rp2_common/hardware_flash/flash.c.obj
 *fill*         0x10008ae9        0x3 
 .rodata._hw_endpoint_alloc.str1.4
                0x10008aec       0xd9 CMakeFiles/wiiClassic.dir/C_/Users/ghand/Documents/Codes/Pico/Pico_SDK_1.5.1/pico-sdk/lib/tinyusb/src/portable/raspberrypi/rp2040/dcd_rp2040.c.obj
 *fill*         0x10008bc5        0x3 
 .rodata.str1.4
                0x10008bc8       0x14 CMakeFiles/wiiClassic.dir/C_/Users/ghand/Documents/Codes/Pico/Pico_SDK_1.5.1/pico-sdk/lib/tinyusb/src/portable/raspberrypi/rp2040/dcd_rp2040.c.obj
 .rodata.dcd_int_enable.str1.4
                0x10008bdc        0xc CMakeFiles/wiiClassic.dir/C_/Users/ghand/Documents/Codes/Pico/Pico_SDK_1.5.1/pico-sdk/lib/tinyusb/src/portable/raspberrypi/rp2040/dcd_rp2040.c.obj
 .rodata.__func__.0
                0x10008be8        0xe CMakeFiles/wiiClassic.dir/C_/Users/ghand/Documents/Codes/Pico/Pico_SDK_1.5.1/pico-sdk/lib/tinyusb/src/portable/raspberrypi/rp2040/dcd_rp2040.c.obj
 *fill*         0x10008bf6        0x2 
 .rodata.__func__.1
                0x10008bf8        0xe CMakeFiles/wiiClassic.dir/C_/Users/ghand/Documents/Codes/Pico/Pico_SDK_1.5.1/pico-sdk/lib/tinyusb/src/portable/raspberrypi/rp2040/dcd_rp2040.c.obj
 *fill*         0x10008c06        0x2 
 .rodata.__func__.3
                0x10008c08       0x10 CMakeFiles/wiiClassic.dir/C_/Users/ghand/Documents/Codes/Pico/Pico_SDK_1.5.1/pico-sdk/lib/tinyusb/src/portable/raspberrypi/rp2040/dcd_rp2040.c.obj
 .rodata.__func__.5
                0x10008c18        0xf CMakeFiles/wiiClassic.dir/C_/Users/ghand/Documents/Codes/Pico/Pico_SDK_1.5.1/pico-sdk/lib/tinyusb/src/portable/raspberrypi/rp2040/dcd_rp2040.c.obj
 *fill*         0x10008c27        0x1 
 .rodata.__func__.6
                0x10008c28       0x13 CMakeFiles/wiiClassic.dir/C_/Users/ghand/Documents/Codes/Pico/Pico_SDK_1.5.1/pico-sdk/lib/tinyusb/src/portable/raspberrypi/rp2040/dcd_rp2040.c.obj
 *fill*         0x10008c3b        0x1 
 .rodata.__func__.7
                0x10008c3c        0x9 CMakeFiles/wiiClassic.dir/C_/Users/ghand/Documents/Codes/Pico/Pico_SDK_1.5.1/pico-sdk/lib/tinyusb/src/portable/raspberrypi/rp2040/dcd_rp2040.c.obj
 *fill*         0x10008c45        0x3 
 .rodata.str1.4
                0x10008c48      0x10b CMakeFiles/wiiClassic.dir/C_/Users/ghand/Documents/Codes/Pico/Pico_SDK_1.5.1/pico-sdk/lib/tinyusb/src/portable/raspberrypi/rp2040/rp2040_usb.c.obj
 *fill*         0x10008d53        0x1 
 .rodata.__func__.0
                0x10008d54        0xf CMakeFiles/wiiClassic.dir/C_/Users/ghand/Documents/Codes/Pico/Pico_SDK_1.5.1/pico-sdk/lib/tinyusb/src/portable/raspberrypi/rp2040/rp2040_usb.c.obj
 *fill*         0x10008d63        0x1 
 .rodata.process_get_descriptor
                0x10008d64       0x40 CMakeFiles/wiiClassic.dir/C_/Users/ghand/Documents/Codes/Pico/Pico_SDK_1.5.1/pico-sdk/lib/tinyusb/src/device/usbd.c.obj
 .rodata.process_control_request
                0x10008da4       0x28 CMakeFiles/wiiClassic.dir/C_/Users/ghand/Documents/Codes/Pico/Pico_SDK_1.5.1/pico-sdk/lib/tinyusb/src/device/usbd.c.obj
 .rodata.tud_task_ext
                0x10008dcc       0x24 CMakeFiles/wiiClassic.dir/C_/Users/ghand/Documents/Codes/Pico/Pico_SDK_1.5.1/pico-sdk/lib/tinyusb/src/device/usbd.c.obj
 .rodata._usbd_driver
                0x10008df0       0x18 CMakeFiles/wiiClassic.dir/C_/Users/ghand/Documents/Codes/Pico/Pico_SDK_1.5.1/pico-sdk/lib/tinyusb/src/device/usbd.c.obj
 .rodata.i2c_set_baudrate.str1.4
                0x10008e08       0x7e CMakeFiles/wiiClassic.dir/C_/Users/ghand/Documents/Codes/Pico/Pico_SDK_1.5.1/pico-sdk/src/rp2_common/hardware_i2c/i2c.c.obj
 *fill*         0x10008e86        0x2 
 .rodata.__func__.0
                0x10008e88       0x11 CMakeFiles/wiiClassic.dir/C_/Users/ghand/Documents/Codes/Pico/Pico_SDK_1.5.1/pico-sdk/src/rp2_common/hardware_i2c/i2c.c.obj
                0x10008e9c                . = ALIGN (0x4)
 *fill*         0x10008e99        0x3 
 *(SORT_BY_ALIGNMENT(SORT_BY_NAME(.flashdata*)))
                0x10008e9c                . = ALIGN (0x4)

.ARM.extab
 *(.ARM.extab* .gnu.linkonce.armextab.*)
                0x10008e9c                __exidx_start = .

.ARM.exidx
 *(.ARM.exidx* .gnu.linkonce.armexidx.*)
                0x10008e9c                __exidx_end = .
                0x10008e9c                . = ALIGN (0x4)
                0x10008e9c                __binary_info_start = .

.binary_info    0x10008e9c       0x20
 *(.binary_info.keep.*)
 .binary_info.keep.__bi_ptr22
                0x10008e9c        0x4 CMakeFiles/wiiClassic.dir/C_/Users/ghand/Documents/Codes/Pico/Pico_SDK_1.5.1/pico-sdk/src/rp2_common/pico_standard_link/binary_info.c.obj
 .binary_info.keep.__bi_ptr30
                0x10008ea0        0x4 CMakeFiles/wiiClassic.dir/C_/Users/ghand/Documents/Codes/Pico/Pico_SDK_1.5.1/pico-sdk/src/rp2_common/pico_standard_link/binary_info.c.obj
 .binary_info.keep.__bi_ptr38
                0x10008ea4        0x4 CMakeFiles/wiiClassic.dir/C_/Users/ghand/Documents/Codes/Pico/Pico_SDK_1.5.1/pico-sdk/src/rp2_common/pico_standard_link/binary_info.c.obj
 .binary_info.keep.__bi_ptr44
                0x10008ea8        0x4 CMakeFiles/wiiClassic.dir/C_/Users/ghand/Documents/Codes/Pico/Pico_SDK_1.5.1/pico-sdk/src/rp2_common/pico_standard_link/binary_info.c.obj
 .binary_info.keep.__bi_ptr50
                0x10008eac        0x4 CMakeFiles/wiiClassic.dir/C_/Users/ghand/Documents/Codes/Pico/Pico_SDK_1.5.1/pico-sdk/src/rp2_common/pico_standard_link/binary_info.c.obj
 .binary_info.keep.__bi_ptr75
                0x10008eb0        0x4 CMakeFiles/wiiClassic.dir/C_/Users/ghand/Documents/Codes/Pico/Pico_SDK_1.5.1/pico-sdk/src/rp2_common/pico_standard_link/binary_info.c.obj
 .binary_info.keep.__bi_ptr81
                0x10008eb4        0x4 CMakeFiles/wiiClassic.dir/C_/Users/ghand/Documents/Codes/Pico/Pico_SDK_1.5.1/pico-sdk/src/rp2_common/pico_standard_link/binary_info.c.obj
 *(.binary_info.*)
 .binary_info.__bi_ptr182
                0x10008eb8        0x4 CMakeFiles/wiiClassic.dir/C_/Users/ghand/Documents/Codes/Pico/Pico_SDK_1.5.1/pico-sdk/src/rp2_common/pico_stdio_usb/stdio_usb.c.obj
                0x10008ebc                __binary_info_end = .

.rel.dyn        0x10008ebc        0x0
 .rel.iplt      0x10008ebc        0x0 c:/users/ghand/documents/codes/pico/pico_sdk_1.5.1/gcc-arm-none-eabi/bin/../lib/gcc/arm-none-eabi/10.3.1/thumb/v6-m/nofp/crtbegin.o
                0x10008ebc                . = ALIGN (0x4)

.ram_vector_table
                0x20000000       0xc0
 *(.ram_vector_table)
 .ram_vector_table
                0x20000000       0xc0 CMakeFiles/wiiClassic.dir/C_/Users/ghand/Documents/Codes/Pico/Pico_SDK_1.5.1/pico-sdk/src/rp2_common/pico_runtime/runtime.c.obj
                0x20000000                ram_vector_table

.data           0x200000c0      0xc00 load address 0x10008ebc
                0x200000c0                __data_start__ = .
 *(vtable)
 *(.time_critical*)
 .time_critical.mutex_try_enter
                0x200000c0       0x46 CMakeFiles/wiiClassic.dir/C_/Users/ghand/Documents/Codes/Pico/Pico_SDK_1.5.1/pico-sdk/src/common/pico_sync/mutex.c.obj
                0x200000c0                mutex_try_enter
 *fill*         0x20000106        0x2 
 .time_critical.mutex_enter_block_until
                0x20000108       0x8c CMakeFiles/wiiClassic.dir/C_/Users/ghand/Documents/Codes/Pico/Pico_SDK_1.5.1/pico-sdk/src/common/pico_sync/mutex.c.obj
                0x20000108                mutex_enter_block_until
 .time_critical.mutex_try_enter_block_until
                0x20000194       0x34 CMakeFiles/wiiClassic.dir/C_/Users/ghand/Documents/Codes/Pico/Pico_SDK_1.5.1/pico-sdk/src/common/pico_sync/mutex.c.obj
                0x20000194                mutex_try_enter_block_until
 .time_critical.mutex_enter_timeout_ms
                0x200001c8       0x68 CMakeFiles/wiiClassic.dir/C_/Users/ghand/Documents/Codes/Pico/Pico_SDK_1.5.1/pico-sdk/src/common/pico_sync/mutex.c.obj
                0x200001c8                mutex_enter_timeout_ms
 .time_critical.mutex_exit
                0x20000230       0x4c CMakeFiles/wiiClassic.dir/C_/Users/ghand/Documents/Codes/Pico/Pico_SDK_1.5.1/pico-sdk/src/common/pico_sync/mutex.c.obj
                0x20000230                mutex_exit
 .time_critical.flash_init_boot2_copyout
                0x2000027c       0x30 CMakeFiles/wiiClassic.dir/C_/Users/ghand/Documents/Codes/Pico/Pico_SDK_1.5.1/pico-sdk/src/rp2_common/hardware_flash/flash.c.obj
 .time_critical.flash_enable_xip_via_boot2